12-10 19:18:02.573  1209  1597 E WindowManager: win=Window{57025cf u0 GestureNavLeft} destroySurfaces: appStopped=true win.mWindowRemovalAllowed=false win.mRemoveOnExit=false
12-10 19:18:12.001  1209  1241 E BatteryExternalStatsWorker: no controller energy info supplied for bluetooth
12-10 19:18:12.086  1209  2814 E HwOEMInfoAdapter: writeByteArrayToOeminfo has run 
12-10 19:18:12.137  1209  3604 E ProcessInfoCollector: setAwareProcessState: fail to set state! pid: 17994, uid:10159, state:2
12-10 19:18:12.633  1293  7566 E ActivityThread: Failed to find provider info for service_oversea_rom
12-10 19:18:12.874  1293  7572 E ActivityThread: Failed to find provider info for service_oversea_rom
12-10 19:18:17.047   640  1687 E android.hardware.usb@1.0-service: uevent received SUBSYSTEM=dual_role_usb
12-10 19:18:17.186  1209  1597 E WindowManager: win=Window{57025cf u0 GestureNavLeft} destroySurfaces: appStopped=true win.mWindowRemovalAllowed=false win.mRemoveOnExit=false
12-10 19:18:17.191  1209  1597 E WindowManager: win=Window{34d148 u0 GestureNavRight} destroySurfaces: appStopped=true win.mWindowRemovalAllowed=false win.mRemoveOnExit=false
12-10 19:18:17.255 22319  7578 E MtpServer: request read returned -1, errno: 5
12-10 19:18:17.295  8966  8966 E cube_taskex: HCDN_LOG: [2018-12-10 19:18:17.295][T:8966]Java_com_qiyi_hcdndownloader_HCDNDownloaderTask_SetParamNative 330: taskptr = 0xdd6c0104,szparamname = device_state,szparamvalue = {"model":"LYA-AL00","cpu":-1,"mem":-1,"tmem":-1,"wifi":0,"power":1,"battery":5,"lockScreen":0}
12-10 19:18:17.295  8966  8966 E cube    : HCDN_LOG: [2018-12-10 19:18:17.295][T:8966][func:SetParam],[line:780],[oper:set param],[param_name:device_state],[param_value:{"model":"LYA-AL00","cpu":-1,"mem":-1,"tmem":-1,"wifi":0,"power":1,"battery":5,"lockScreen":0}]
12-10 19:18:17.295  8966  8966 E cube    : HCDN_LOG: [2018-12-10 19:18:17.295][T:8966][func:SetParam],[line:363],[oper:set param],[key:device_state],[value:{"model":"LYA-AL00","cpu":-1,"mem":-1,"tmem":-1,"wifi":0,"power":1,"battery":5,"lockScreen":0}]
12-10 19:18:17.295  8966  8966 E cube    : HCDN_LOG: [2018-12-10 19:18:17.295][T:8966][func:SetParam],[line:197],[oper:hcdn client set param],[key:device_state],[value:{"model":"LYA-AL00","cpu":-1,"mem":-1,"tmem":-1,"wifi":0,"power":1,"battery":5,"lockScreen":0}]
12-10 19:18:17.295  8966  8966 E p2pfile : HCDN_LOG: [oper: SetParam message ParamName(device_state), ParamValue({"model":"LYA-AL00","cpu":-1,"mem":-1,"tmem":-1,"wifi":0,"power":1,"battery":5,"lockScreen":0}), isGlobal(true)]
12-10 19:18:17.295  8966  9586 E cube    : HCDN_LOG: [2018-12-10 19:18:17.295][T:9586][func:DealSetParam],[line:944],[oper:deal set param by self thread],[param_name:device_state],[param_value:{"model":"LYA-AL00","cpu":-1,"mem":-1,"tmem":-1,"wifi":0,"power":1,"battery":5,"lockScreen":0}]
12-10 19:18:17.296  8966  9604 E hcdn_downloadengine: HCDN_LOG: [2018-12-10 19:18:17.296][T:9604]OnRecvSetParam,1778     task_id : 0,SetParam : device_state,{"model":"LYA-AL00","cpu":-1,"mem":-1,"tmem":-1,"wifi":0,"power":1,"battery":5,"lockScreen":0} 
12-10 19:18:17.296  8966  9604 E hcdn_downloadengine: HCDN_LOG: [2018-12-10 19:18:17.296][T:9604]ParserDeviceState,3647     device_state {"model":"LYA-AL00","cpu":-1,"mem":-1,"tmem":-1,"wifi":0,"power":1,"battery":5,"lockScreen":0} 
12-10 19:18:17.311 22319 22319 E MtpDatabase: addStorageId : 65537
12-10 19:18:17.312 22319 22319 E HwMtpServerExJNI: android_mtp_MtpServerEx_add_storage, line 175: descriptionStr = 
12-10 19:18:17.312 22319 22319 E HWSERVICES: hwnative_get_component_mtpStorage error: undefined symbol: _Z27createMyComponentMtpStoragePvjPKcS1_mbm
12-10 19:18:17.549  1209  1875 E HwReportTool: This is not beta user build
12-10 19:18:17.551  1209  1677 E HwXmlLogParse: mfile is null.
12-10 19:18:17.591   602   607 E STP     : [DATA        ] upload disabled, reach max report times
12-10 19:18:17.608  1209  1661 E HwNcChrServiceImpl: Run the of call hwNcChrService1030
12-10 19:18:17.609  2226  2367 E HSM_Install_BG: NormalTrafficAnalysis:alert byte = 0, so return
12-10 19:18:17.637  8966  8966 E cube_taskex: HCDN_LOG: [2018-12-10 19:18:17.637][T:8966]Java_com_qiyi_hcdndownloader_HCDNDownloaderTask_SetParamNative 330: taskptr = 0xdd6c0104,szparamname = device_state,szparamvalue = {"model":"LYA-AL00","cpu":-1,"mem":-1,"tmem":-1,"wifi":0,"power":1,"battery":5,"lockScreen":0}
12-10 19:18:17.638  8966  8966 E cube    : HCDN_LOG: [2018-12-10 19:18:17.638][T:8966][func:SetParam],[line:780],[oper:set param],[param_name:device_state],[param_value:{"model":"LYA-AL00","cpu":-1,"mem":-1,"tmem":-1,"wifi":0,"power":1,"battery":5,"lockScreen":0}]
12-10 19:18:17.638  8966  8966 E cube    : HCDN_LOG: [2018-12-10 19:18:17.638][T:8966][func:SetParam],[line:363],[oper:set param],[key:device_state],[value:{"model":"LYA-AL00","cpu":-1,"mem":-1,"tmem":-1,"wifi":0,"power":1,"battery":5,"lockScreen":0}]
12-10 19:18:17.638  8966  8966 E cube    : HCDN_LOG: [2018-12-10 19:18:17.638][T:8966][func:SetParam],[line:197],[oper:hcdn client set param],[key:device_state],[value:{"model":"LYA-AL00","cpu":-1,"mem":-1,"tmem":-1,"wifi":0,"power":1,"battery":5,"lockScreen":0}]
12-10 19:18:17.638  8966  8966 E p2pfile : HCDN_LOG: [oper: SetParam message ParamName(device_state), ParamValue({"model":"LYA-AL00","cpu":-1,"mem":-1,"tmem":-1,"wifi":0,"power":1,"battery":5,"lockScreen":0}), isGlobal(true)]
12-10 19:18:17.638  8966  9604 E hcdn_downloadengine: HCDN_LOG: [2018-12-10 19:18:17.638][T:9604]OnRecvSetParam,1778     task_id : 0,SetParam : device_state,{"model":"LYA-AL00","cpu":-1,"mem":-1,"tmem":-1,"wifi":0,"power":1,"battery":5,"lockScreen":0} 
12-10 19:18:17.638  8966  9604 E hcdn_downloadengine: HCDN_LOG: [2018-12-10 19:18:17.638][T:9604]ParserDeviceState,3647     device_state {"model":"LYA-AL00","cpu":-1,"mem":-1,"tmem":-1,"wifi":0,"power":1,"battery":5,"lockScreen":0} 
12-10 19:18:17.638  8966  9586 E cube    : HCDN_LOG: [2018-12-10 19:18:17.638][T:9586][func:DealSetParam],[line:944],[oper:deal set param by self thread],[param_name:device_state],[param_value:{"model":"LYA-AL00","cpu":-1,"mem":-1,"tmem":-1,"wifi":0,"power":1,"battery":5,"lockScreen":0}]
12-10 19:18:17.660  8966  8966 E cube_taskex: HCDN_LOG: [2018-12-10 19:18:17.660][T:8966]Java_com_qiyi_hcdndownloader_HCDNDownloaderTask_SetParamNative 330: taskptr = 0xdd6c0104,szparamname = device_state,szparamvalue = {"model":"LYA-AL00","cpu":-1,"mem":-1,"tmem":-1,"wifi":0,"power":1,"battery":5,"lockScreen":0}
12-10 19:18:17.660  8966  8966 E cube    : HCDN_LOG: [2018-12-10 19:18:17.660][T:8966][func:SetParam],[line:780],[oper:set param],[param_name:device_state],[param_value:{"model":"LYA-AL00","cpu":-1,"mem":-1,"tmem":-1,"wifi":0,"power":1,"battery":5,"lockScreen":0}]
12-10 19:18:17.660  8966  8966 E cube    : HCDN_LOG: [2018-12-10 19:18:17.660][T:8966][func:SetParam],[line:363],[oper:set param],[key:device_state],[value:{"model":"LYA-AL00","cpu":-1,"mem":-1,"tmem":-1,"wifi":0,"power":1,"battery":5,"lockScreen":0}]
12-10 19:18:17.660  8966  8966 E cube    : HCDN_LOG: [2018-12-10 19:18:17.660][T:8966][func:SetParam],[line:197],[oper:hcdn client set param],[key:device_state],[value:{"model":"LYA-AL00","cpu":-1,"mem":-1,"tmem":-1,"wifi":0,"power":1,"battery":5,"lockScreen":0}]
12-10 19:18:17.660  8966  8966 E p2pfile : HCDN_LOG: [oper: SetParam message ParamName(device_state), ParamValue({"model":"LYA-AL00","cpu":-1,"mem":-1,"tmem":-1,"wifi":0,"power":1,"battery":5,"lockScreen":0}), isGlobal(true)]
12-10 19:18:17.661  8966  9586 E cube    : HCDN_LOG: [2018-12-10 19:18:17.661][T:9586][func:DealSetParam],[line:944],[oper:deal set param by self thread],[param_name:device_state],[param_value:{"model":"LYA-AL00","cpu":-1,"mem":-1,"tmem":-1,"wifi":0,"power":1,"battery":5,"lockScreen":0}]
12-10 19:18:17.661  8966  9604 E hcdn_downloadengine: HCDN_LOG: [2018-12-10 19:18:17.661][T:9604]OnRecvSetParam,1778     task_id : 0,SetParam : device_state,{"model":"LYA-AL00","cpu":-1,"mem":-1,"tmem":-1,"wifi":0,"power":1,"battery":5,"lockScreen":0} 
12-10 19:18:17.661  8966  9604 E hcdn_downloadengine: HCDN_LOG: [2018-12-10 19:18:17.661][T:9604]ParserDeviceState,3647     device_state {"model":"LYA-AL00","cpu":-1,"mem":-1,"tmem":-1,"wifi":0,"power":1,"battery":5,"lockScreen":0} 
12-10 19:18:17.661   602   607 E STP     : [DATA        ] upload disabled, reach max report times
12-10 19:18:17.665  1376  1388 E OAM     : [oam_netlink_recv_pthread:780]netlink recv NULL package...;errno:No such file or directory,len is 0
12-10 19:18:17.665  1376  1388 E OAM     : 
12-10 19:18:17.666  2038  2282 E BDLog   : BD.FilterImpl:com.android.systemui 344 times= 100 over threshold
12-10 19:18:17.666  2038  2282 E BDLog   : BD.FilterImpl:com.android.systemui 344 is illLegal
12-10 19:18:17.757  1209  1660 E WificondControl: Noise: -89, Snr: 83, Chload: 12
12-10 19:18:18.017   790   790 E Thermal-daemon: [charger_ic] temp_new :32  temp_old :31
12-10 19:18:18.018   790   790 E Thermal-daemon: Report temperature: [charger_ic] temp :32  report_threshold:1
12-10 19:18:18.366  1209  1738 E hwintelligencewifi:  DefaultState message.what = 7
12-10 19:18:18.368  1209 14571 E RMS.HwSysResManagerService: Process Permission error! pid:2089 uid:1001 Process.myPid:1209
12-10 19:18:18.373  1209  1748 E HwDualBandManager: record.isEnterpriseAP = false
12-10 19:18:18.374  1209  1748 E HwDualBandManager: ConnectedState apInfo.apBSSID = a0:63:91:**:**:62  apInfo.mApSSID = "bodystm-5G" apInfo.mChannelFrequency = 5765 apInfo.mServingBand = 2
12-10 19:18:18.385  1209  1748 E HwDualBandManager: getDualBandAPInfo return null
12-10 19:18:18.385  3682 14751 E ctxmgr  : [NetworkUtil]No active synchronizable contexts.
12-10 19:18:18.392  1209  3604 E RMS.HwSysResManagerService: Process Permission error! pid:2089 uid:1001 Process.myPid:1209
12-10 19:18:18.467  2226  2367 E HSM_Install_BG: NormalTrafficAnalysis:alert byte = 0, so return
12-10 19:18:18.598  2038  2282 E BDLog   : BD.FilterImpl:com.android.systemui 344 times= 100 over threshold
12-10 19:18:18.598  2038  2282 E BDLog   : BD.FilterImpl:com.android.systemui 344 is illLegal
12-10 19:18:18.815  1893  7616 E HwLBSService.HwNLPDBManager: query Exception :Unsupported key size: 36 bytes
12-10 19:18:18.821  1209  1677 E HwXmlLogParse: mfile is null.
12-10 19:18:18.848  1209  1677 E HwXmlLogParse: mfile is null.
12-10 19:18:18.861  1209  1677 E HwXmlLogParse: mfile is null.
12-10 19:18:18.863  1209  1875 E HwReportTool: This is not beta user build
12-10 19:18:18.868  2038  2295 E OPCollectLog: AwareLocationAction:no need modify city code
12-10 19:18:18.906  4100  4137 E OdmfReport:   CAWARENESS: ReportTest lastStatus=company  need't report
12-10 19:18:18.914  1209  1677 E HwXmlLogParse: mfile is null.
12-10 19:18:18.921  2226  2367 E HSM_Install_BG: NormalTrafficAnalysis:alert byte = 0, so return
12-10 19:18:18.922  1209  1677 E HwXmlLogParse: mfile is null.
12-10 19:18:19.290   665   665 E WifiHAL : enter wifi_get_link_stats
12-10 19:18:19.294  1209  1660 E WificondControl: Noise: -88, Snr: 78, Chload: 39
12-10 19:18:21.749   640  1687 E android.hardware.usb@1.0-service: uevent received SUBSYSTEM=dual_role_usb
12-10 19:18:21.751   640  1687 E android.hardware.usb@1.0-service: uevent received SUBSYSTEM=dual_role_usb
12-10 19:18:22.299   665   665 E WifiHAL : enter wifi_get_link_stats
12-10 19:18:22.310  1209  1660 E WificondControl: Noise: -88, Snr: 127, Chload: 39
12-10 19:18:24.238  1813  1813 E ndroid.systemu: Invalid ID 0x00000000.
12-10 19:18:24.238  1813  1813 E HwNotchUtils: setIconForView iconId is not found
12-10 19:18:24.238  1813  1813 E ndroid.systemu: Invalid ID 0x00000000.
12-10 19:18:24.238  1813  1813 E HwNotchUtils: setIconForView iconId is not found
12-10 19:18:24.239  1813  1813 E ndroid.systemu: Invalid ID 0x00000000.
12-10 19:18:24.239  1813  1813 E HwNotchUtils: setIconForView iconId is not found
12-10 19:18:25.315   665   665 E WifiHAL : enter wifi_get_link_stats
12-10 19:18:25.318  1209  1660 E WificondControl: Noise: -89, Snr: 127, Chload: 8
12-10 19:18:25.764  1209  1660 E WificondControl: Noise: 0, Snr: -1, Chload: -1
12-10 19:18:28.027   790   790 E Thermal-daemon: [charger1] temp_new :32  temp_old :31
12-10 19:18:28.029   790   790 E Thermal-daemon: Report temperature: [charger1] temp :32  report_threshold:1
12-10 19:18:28.322   665   665 E WifiHAL : enter wifi_get_link_stats
12-10 19:18:28.326  1209  1660 E WificondControl: Noise: -89, Snr: 77, Chload: 8
12-10 19:18:28.893  3803  4906 E memtrack: Couldn't load memtrack module
12-10 19:18:29.242  1813  1813 E ndroid.systemu: Invalid ID 0x00000000.
12-10 19:18:29.242  1813  1813 E HwNotchUtils: setIconForView iconId is not found
12-10 19:18:29.243  1813  1813 E ndroid.systemu: Invalid ID 0x00000000.
12-10 19:18:29.243  1813  1813 E HwNotchUtils: setIconForView iconId is not found
12-10 19:18:29.243  1813  1813 E ndroid.systemu: Invalid ID 0x00000000.
12-10 19:18:29.243  1813  1813 E HwNotchUtils: setIconForView iconId is not found
12-10 19:18:29.576   799  1038 E SensorHub: in batch, handle = 9, flags = 0, period_ns = 100000000, timeout = 0
12-10 19:18:29.655  3682  3682 E ctxmgr  : [BaseServerTask]Server task (GetConfigTask) got error statusCode=-1.
12-10 19:18:29.655  3682  3682 E ctxmgr  : com.android.volley.NoConnectionError: java.net.ConnectException: Failed to connect to www.googleapis.com/172.217.31.234:443
12-10 19:18:29.655  3682  3682 E ctxmgr  : 	at com.android.volley.toolbox.BasicNetwork.performRequest(:com.google.android.gms@12862061@12.8.62 (100400-199405334):46)
12-10 19:18:29.655  3682  3682 E ctxmgr  : 	at pcc.performRequest(:com.google.android.gms@12862061@12.8.62 (100400-199405334):15)
12-10 19:18:29.655  3682  3682 E ctxmgr  : 	at com.android.volley.NetworkDispatcher.a(:com.google.android.gms@12862061@12.8.62 (100400-199405334):6)
12-10 19:18:29.655  3682  3682 E ctxmgr  : 	at com.android.volley.NetworkDispatcher.run(:com.google.android.gms@12862061@12.8.62 (100400-199405334):2)
12-10 19:18:29.655  3682  3682 E ctxmgr  : Caused by: java.net.ConnectException: Failed to connect to www.googleapis.com/172.217.31.234:443
12-10 19:18:29.655  3682  3682 E ctxmgr  : 	at com.android.okhttp.internal.io.RealConnection.connectSocket(RealConnection.java:143)
12-10 19:18:29.655  3682  3682 E ctxmgr  : 	at com.android.okhttp.internal.io.RealConnection.connect(RealConnection.java:112)
12-10 19:18:29.655  3682  3682 E ctxmgr  : 	at com.android.okhttp.internal.http.StreamAllocation.findConnection(StreamAllocation.java:184)
12-10 19:18:29.655  3682  3682 E ctxmgr  : 	at com.android.okhttp.internal.http.StreamAllocation.findHealthyConnection(StreamAllocation.java:126)
12-10 19:18:29.655  3682  3682 E ctxmgr  : 	at com.android.okhttp.internal.http.StreamAllocation.newStream(StreamAllocation.java:95)
12-10 19:18:29.655  3682  3682 E ctxmgr  : 	at com.android.okhttp.internal.http.HttpEngine.connect(HttpEngine.java:281)
12-10 19:18:29.655  3682  3682 E ctxmgr  : 	at com.android.okhttp.internal.http.HttpEngine.sendRequest(HttpEngine.java:224)
12-10 19:18:29.655  3682  3682 E ctxmgr  : 	at com.android.okhttp.internal.huc.HttpURLConnectionImpl.execute(HttpURLConnectionImpl.java:461)
12-10 19:18:29.655  3682  3682 E ctxmgr  : 	at com.android.okhttp.internal.huc.HttpURLConnectionImpl.connect(HttpURLConnectionImpl.java:127)
12-10 19:18:29.655  3682  3682 E ctxmgr  : 	at com.android.okhttp.internal.huc.HttpURLConnectionImpl.getOutputStream(HttpURLConnectionImpl.java:258)
12-10 19:18:29.655  3682  3682 E ctxmgr  : 	at com.android.okhttp.internal.huc.DelegatingHttpsURLConnection.getOutputStream(DelegatingHttpsURLConnection.java:218)
12-10 19:18:29.655  3682  3682 E ctxmgr  : 	at com.android.okhttp.internal.huc.HttpsURLConnectionImpl.getOutputStream(HttpsURLConnectionImpl.java:26)
12-10 19:18:29.655  3682  3682 E ctxmgr  : 	at xpb.a(:com.google.android.gms@12862061@12.8.62 (100400-199405334):41)
12-10 19:18:29.655  3682  3682 E ctxmgr  : 	at xpb.execute(:com.google.android.gms@12862061@12.8.62 (100400-199405334):8)
12-10 19:18:29.655  3682  3682 E ctxmgr  : 	at xpb.execute(:com.google.android.gms@12862061@12.8.62 (100400-199405334):7)
12-10 19:18:29.655  3682  3682 E ctxmgr  : 	at com.android.volley.toolbox.HttpClientStack.performRequest(:com.google.android.gms@12862061@12.8.62 (100400-199405334):6)
12-10 19:18:29.655  3682  3682 E ctxmgr  : 	at pcb.performRequest(:com.google.android.gms@12862061@12.8.62 (100400-199405334):1)
12-10 19:18:29.655  3682  3682 E ctxmgr  : 	at bga.executeRequest(:com.google.android.gms@12862061@12.8.62 (100400-199405334):1)
12-10 19:18:29.655  3682  3682 E ctxmgr  : 	at com.android.volley.toolbox.BasicNetwork.performRequest(:com.google.android.gms@12862061@12.8.62 (100400-199405334):5)
12-10 19:18:29.655  3682  3682 E ctxmgr  : 	... 3 more
12-10 19:18:29.659  3682 24206 E ctxmgr  : [DailyCheckinOperation]Failed daily get config: network status=-1
12-10 19:18:31.331   665   665 E WifiHAL : enter wifi_get_link_stats
12-10 19:18:31.335  1209  1660 E WificondControl: Noise: -89, Snr: 80, Chload: 4
12-10 19:18:33.247  1813  1813 E ndroid.systemu: Invalid ID 0x00000000.
12-10 19:18:33.247  1813  1813 E HwNotchUtils: setIconForView iconId is not found
12-10 19:18:33.248  1813  1813 E ndroid.systemu: Invalid ID 0x00000000.
12-10 19:18:33.248  1813  1813 E HwNotchUtils: setIconForView iconId is not found
12-10 19:18:33.248  1813  1813 E ndroid.systemu: Invalid ID 0x00000000.
12-10 19:18:33.248  1813  1813 E HwNotchUtils: setIconForView iconId is not found
12-10 19:18:33.773  1209  1660 E WificondControl: Noise: -89, Snr: 68, Chload: 4
12-10 19:18:34.338   665   665 E WifiHAL : enter wifi_get_link_stats
12-10 19:18:34.340  1209  1660 E WificondControl: Noise: 0, Snr: -1, Chload: -1
12-10 19:18:37.345   665   665 E WifiHAL : enter wifi_get_link_stats
12-10 19:18:37.347  1209  1660 E WificondControl: Noise: -89, Snr: 127, Chload: 13
12-10 19:18:39.456  9044  9447 E qtp_http_client: HCDN_LOG: [2018-12-10 19:18:39.456][T:9447][func:BuildHttpStatInfo],[line:2047],BuildHttpStatInfo...
12-10 19:18:39.474  8773  9059 E qtp_http_client: HCDN_LOG: [2018-12-10 19:18:39.474][T:9059][func:BuildHttpStatInfo],[line:2047],BuildHttpStatInfo...
12-10 19:18:39.475  8773  8953 E qtp_http_client: HCDN_LOG: [2018-12-10 19:18:39.474][T:8953][func:BuildHttpStatInfo],[line:2047],BuildHttpStatInfo...
12-10 19:18:39.496  8966  9594 E qtp_http_client: HCDN_LOG: [2018-12-10 19:18:39.495][T:9594][func:BuildHttpStatInfo],[line:2047],BuildHttpStatInfo...
12-10 19:18:39.516  8966  9584 E qtp_http_client: HCDN_LOG: [2018-12-10 19:18:39.516][T:9584][func:BuildHttpStatInfo],[line:2047],BuildHttpStatInfo...
12-10 19:18:39.520  9044  9455 E qtp_http_client: HCDN_LOG: [2018-12-10 19:18:39.520][T:9455][func:BuildHttpStatInfo],[line:2047],BuildHttpStatInfo...
12-10 19:18:39.671  8773  9082 E storage_operate: HCDN_LOG: [2018-12-10 19:18:39.671][T:9082][func:UpdateWriteBlockCount],[line:898],[oper:update write count],[new write:0]
12-10 19:18:40.350   665   665 E WifiHAL : enter wifi_get_link_stats
12-10 19:18:40.354  1209  1660 E WificondControl: Noise: -89, Snr: 72, Chload: 13
12-10 19:18:41.750  8773  9083 E cdnetwork_tcpclient: HCDN_LOG: [2018-12-10 19:18:41.750][T:9083]MSS_LOG DoUpdateTask.1178, peak_down_speed:12932096, CDN peak_download_speed_:12629 KBps
12-10 19:18:41.750  8773  9083 E cdnetwork_tcpclient: HCDN_LOG: [2018-12-10 19:18:41.750][T:9083]MSS_LOG DoUpdateTask.1211, peak_down_speed:12932096, CDN peak_download_speed_:12629
12-10 19:18:41.766  9044  9468 E cdnetwork_tcpclient: HCDN_LOG: [2018-12-10 19:18:41.766][T:9468]MSS_LOG DoUpdateTask.1178, peak_down_speed:65536, CDN peak_download_speed_:64 KBps
12-10 19:18:41.766  9044  9468 E cdnetwork_tcpclient: HCDN_LOG: [2018-12-10 19:18:41.766][T:9468]MSS_LOG DoUpdateTask.1211, peak_down_speed:65536, CDN peak_download_speed_:64
12-10 19:18:41.770  8966  9610 E cdnetwork_tcpclient: HCDN_LOG: [2018-12-10 19:18:41.770][T:9610]MSS_LOG DoUpdateTask.1178, peak_down_speed:65536, CDN peak_download_speed_:64 KBps
12-10 19:18:41.770  8966  9610 E cdnetwork_tcpclient: HCDN_LOG: [2018-12-10 19:18:41.770][T:9610]MSS_LOG DoUpdateTask.1211, peak_down_speed:65536, CDN peak_download_speed_:64
12-10 19:18:41.780  1209  1660 E WificondControl: Noise: -89, Snr: 76, Chload: 13
12-10 19:18:43.357   665   665 E WifiHAL : enter wifi_get_link_stats
12-10 19:18:43.361  1209  1660 E WificondControl: Noise: -89, Snr: 127, Chload: 40
12-10 19:18:44.717 17841 17841 E WebApiUtils: onFailed with  cid-216 , urlId-2064202712 bizS:  statusCode=-1, network is not available ,url: https://api.fqixin.net/FHE/EM1APOLLING/OnTimer
12-10 19:18:45.365   790  2879 E Thermal-daemon: device current too high (-116), during charging or current std is invalid. 
12-10 19:18:45.365   790  2879 E Thermal-daemon: latest temp 23379 at 2018/12/10, 11h:18m:45s.
12-10 19:18:45.755  8773  9083 E multisource: HCDN_LOG: [2018-12-10 19:18:45.755][T:9083]UpdateMaxSpeed TOTAL => play speed:0[len:0, tm:0], offline speed:0[len:0, tm:0], predeploy speed:0[len:0, tm:0], m_maxDownloadSpeed:0
12-10 19:18:45.768  9044  9468 E multisource: HCDN_LOG: [2018-12-10 19:18:45.768][T:9468]UpdateMaxSpeed TOTAL => play speed:0[len:0, tm:0], offline speed:0[len:0, tm:0], predeploy speed:0[len:0, tm:0], m_maxDownloadSpeed:0
12-10 19:18:45.772  8966  9610 E multisource: HCDN_LOG: [2018-12-10 19:18:45.772][T:9610]UpdateMaxSpeed TOTAL => play speed:0[len:0, tm:0], offline speed:0[len:0, tm:0], predeploy speed:0[len:0, tm:0], m_maxDownloadSpeed:0
12-10 19:18:46.365   665   665 E WifiHAL : enter wifi_get_link_stats
12-10 19:18:46.377  1209  1660 E WificondControl: Noise: -89, Snr: 79, Chload: 14
12-10 19:18:47.065  1209  1250 E PowerManagerService: startDreaming = true
12-10 19:18:47.067   799   799 E SensorHub: in batch, handle = 3, flags = 0, period_ns = 300000000, timeout = 0
12-10 19:18:47.072  1209  1209 E SchedPolicy: add_tid_to_cgroup failed; fd=-1
12-10 19:18:47.072  1209  1209 E SchedPolicy: add_tid_to_cgroup failed; fd=-1
12-10 19:18:47.072  1209  1250 E IAodManager-JNI: HwAodDevice setDisplayScreenStatus with 7 finish
12-10 19:18:47.072  1209  1209 E SchedPolicy: add_tid_to_cgroup failed; fd=-1
12-10 19:18:47.115  1209  1209 E SchedPolicy: add_tid_to_cgroup failed; fd=-1
12-10 19:18:47.134  1209  1250 E libEGL  : eglCreateWindowSurface:806 error 300b (EGL_BAD_NATIVE_WINDOW)
12-10 19:18:47.139  1813  4594 E HwKeyguardUpdateMonitor: isSimPinSecure mSimDatas is null or empty 
12-10 19:18:47.144   643  1487 E audio_custom: get_config_value: invalid path /proc/device-tree/audio_hw_config/hifi_info/highperform_lowpower_support.
12-10 19:18:47.191   643  1651 E smartpakit: current mmi_output is null!
12-10 19:18:47.320  1813  1813 E LocalLinkTextView: setDescription with uselink line!
12-10 19:18:47.356  1209  1250 E SchedPolicy: add_tid_to_cgroup failed; fd=-1
12-10 19:18:47.372  1209  1250 E SchedPolicy: add_tid_to_cgroup failed; fd=-1
12-10 19:18:47.383  1209  1250 E libEGL  : eglDestroySurface:1000 error 300d (EGL_BAD_SURFACE)
12-10 19:18:47.383  1209  1250 E ColorFade: eglDestroySurface failed: error 12301
12-10 19:18:47.383  1209  1250 E ColorFade: java.lang.Throwable
12-10 19:18:47.383  1209  1250 E ColorFade: 	at com.android.server.display.ColorFade.logEglError(ColorFade.java:691)
12-10 19:18:47.383  1209  1250 E ColorFade: 	at com.android.server.display.ColorFade.destroyEglSurface(ColorFade.java:627)
12-10 19:18:47.383  1209  1250 E ColorFade: 	at com.android.server.display.ColorFade.dismissResources(ColorFade.java:334)
12-10 19:18:47.383  1209  1250 E ColorFade: 	at com.android.server.display.DisplayPowerState.dismissColorFadeResources(DisplayPowerState.java:277)
12-10 19:18:47.383  1209  1250 E ColorFade: 	at com.android.server.display.DisplayPowerController.animateScreenStateChange(DisplayPowerController.java:2411)
12-10 19:18:47.383  1209  1250 E ColorFade: 	at com.android.server.display.DisplayPowerController.updatePowerState(DisplayPowerController.java:1295)
12-10 19:18:47.383  1209  1250 E ColorFade: 	at com.android.server.display.DisplayPowerController.access$2100(DisplayPowerController.java:144)
12-10 19:18:47.383  1209  1250 E ColorFade: 	at com.android.server.display.DisplayPowerController$DisplayControllerHandler.handleMessage(DisplayPowerController.java:2939)
12-10 19:18:47.383  1209  1250 E ColorFade: 	at android.os.Handler.dispatchMessage(Handler.java:109)
12-10 19:18:47.383  1209  1250 E ColorFade: 	at android.os.Looper.loop(Looper.java:207)
12-10 19:18:47.383  1209  1250 E ColorFade: 	at android.os.HandlerThread.run(HandlerThread.java:65)
12-10 19:18:47.383  1209  1250 E ColorFade: 	at com.android.server.ServiceThread.run(ServiceThread.java:44)
12-10 19:18:47.387   799   799 E SensorHub: PS activate 0
12-10 19:18:47.391  1813  1813 E HwKeyguardUpdateMonitor: isSimPinSecure mSimDatas is null or empty 
12-10 19:18:47.399  1813  1813 E HwKeyguardUpdateMonitor: isSimPinSecure mSimDatas is null or empty 
12-10 19:18:47.401   803  1021 E JankService: specialActionEntryHandler: should reset and not report
12-10 19:18:47.401   803  1021 E JankService: specialActionEntryHandler: should reset and not report
12-10 19:18:47.466  2226  2367 E HSM_Install_BG: NormalTrafficAnalysis:alert byte = 0, so return
12-10 19:18:47.480  1910 13680 E HsmCoreServiceImpl: onTransact in code is: 103
12-10 19:18:47.605  1209  1744 E IAodManager-JNI: HwAodDevice setDisplayScreenStatus with 7 finish
12-10 19:18:47.605  1209  1744 E IAodManager-JNI: HwAodDevice doIoctlAodSetFingerStatus mFileDescriptor is 524, and status is 0
12-10 19:18:47.605  1209  1744 E IAodManager-JNI: doIoctlAodSetFingerStatus finish
12-10 19:18:47.605  1209  1744 E IAodManager-JNI: HwAodDevice nativeSetFingerStatus 0
12-10 19:18:47.608  1813 22025 E HwKeyguardUpdateMonitor: isSimPinSecure mSimDatas is null or empty 
12-10 19:18:47.628   803  1021 E JankService: JankFrequencyMonitor action return :0
12-10 19:18:47.637  1209  1209 E SchedPolicy: add_tid_to_cgroup failed; fd=-1
12-10 19:18:47.639   663   663 E TS_Service: hwTsSetAftConfig
12-10 19:18:47.641  1209  1209 E SchedPolicy: add_tid_to_cgroup failed; fd=-1
12-10 19:18:47.662  1209  1597 E WindowManager: win=Window{b64b51d u0 GestureNavBottom} destroySurfaces: appStopped=true win.mWindowRemovalAllowed=false win.mRemoveOnExit=false
12-10 19:18:47.669  1813  1813 E HwKeyguardUpdateMonitor: isSimPinSecure mSimDatas is null or empty 
12-10 19:18:47.672  1209  5487 E WindowManager: win=Window{9a615d8 u0 com.huawei.android.launcher/com.huawei.android.launcher.unihome.UniHomeLauncher} destroySurfaces: appStopped=true win.mWindowRemovalAllowed=false win.mRemoveOnExit=false
12-10 19:18:47.672  1813  7656 E HwKeyguardUpdateMonitor: isSimPinSecure mSimDatas is null or empty 
12-10 19:18:47.679   779   828 E         : GetDirXattr failed [/storage/emulated/0/Android/data/com.android.email/cache] errno : [2]
12-10 19:18:47.679   779   828 E installd: installd failed to setFileXattr ,error code -8 (2)
12-10 19:18:47.680  1209  7658 E HwSfpService: Exceptioninstalld failed to setFileXattr ,error code -8
12-10 19:18:47.681  1813  7249 E HwKeyguardUpdateMonitor: isSimPinSecure mSimDatas is null or empty 
12-10 19:18:47.683  1209  8253 E WindowManager: win=Window{da8776c u0 com.huawei.intelligent.Workspace} destroySurfaces: appStopped=true win.mWindowRemovalAllowed=false win.mRemoveOnExit=false
12-10 19:18:47.683  1813  7249 E HwKeyguardUpdateMonitor: isSimPinSecure mSimDatas is null or empty 
12-10 19:18:47.687  1813  7659 E HwKeyguardUpdateMonitor: isSimPinSecure mSimDatas is null or empty 
12-10 19:18:47.691   665   665 E WifiHAL : enter wifi_get_link_stats
12-10 19:18:47.694  1209  1663 E HwWifiP2pService: Unhandled message when=14716474 what=143467 arg1=0 arg2=0
12-10 19:18:47.710  1813  1813 E HiddenSpace: update HiddenSpaceData!
12-10 19:18:47.716  1813  1813 E HwKeyguardUpdateMonitor: isSimPinSecure mSimDatas is null or empty 
12-10 19:18:47.717  1209  1738 E hwintelligencewifi:  DefaultState MSG_SCREEN_OFF mIsAutoOpenSearch = false
12-10 19:18:47.721  1910  2165 E BoosterGameP: inValidCQI:-1
12-10 19:18:47.723  2038  2209 E HwWifiStatStore: updateScreen : false
12-10 19:18:47.732  1209  1875 E HwReportTool: This is not beta user build
12-10 19:18:47.734  1209  1677 E HwXmlLogParse: mfile is null.
12-10 19:18:47.775  1209  8253 E SchedPolicy: add_tid_to_cgroup failed; fd=-1
12-10 19:18:47.787  4924  7661 E HiBoard_b: no need to reset return
12-10 19:18:47.857  1209  2814 E HwOEMInfoAdapter: writeByteArrayToOeminfo has run 
12-10 19:18:47.872   799  1038 E SensorHub: in batch, handle = 17, flags = 0, period_ns = 1000000, timeout = 0
12-10 19:18:47.896  1209  8253 E SchedPolicy: add_tid_to_cgroup failed; fd=-1
12-10 19:18:47.989   767  2542 E hal_InitAlgorithm_task: do init success
12-10 19:18:48.009  4082  4082 E [HwRecSys]EnrollController: hwconfigs is null!
12-10 19:18:48.010  1209  2884 E SchedPolicy: add_tid_to_cgroup failed; fd=-1
12-10 19:18:48.011  1209  2884 E SchedPolicy: add_tid_to_cgroup failed; fd=-1
12-10 19:18:48.011  1209  2884 E SchedPolicy: add_tid_to_cgroup failed; fd=-1
12-10 19:18:48.048  4082  9872 E [HwRecSys]DataServiceController: commend list is null!
12-10 19:18:48.068  1209  1209 E SchedPolicy: add_tid_to_cgroup failed; fd=-1
12-10 19:18:48.086  1209  1209 E SchedPolicy: add_tid_to_cgroup failed; fd=-1
12-10 19:18:48.092  1209  8253 E SchedPolicy: add_tid_to_cgroup failed; fd=-1
12-10 19:18:48.140  1209  8253 E SchedPolicy: add_tid_to_cgroup failed; fd=-1
12-10 19:18:48.217  1209  8271 E SchedPolicy: add_tid_to_cgroup failed; fd=-1
12-10 19:18:48.238  1209  8253 E SchedPolicy: add_tid_to_cgroup failed; fd=-1
12-10 19:18:48.243  1209  8253 E SchedPolicy: add_tid_to_cgroup failed; fd=-1
12-10 19:18:48.258  1209  5487 E SchedPolicy: add_tid_to_cgroup failed; fd=-1
12-10 19:18:48.260  1209  5487 E SchedPolicy: add_tid_to_cgroup failed; fd=-1
12-10 19:18:48.272  1209  8271 E SchedPolicy: add_tid_to_cgroup failed; fd=-1
12-10 19:18:48.300  1209  5487 E SchedPolicy: add_tid_to_cgroup failed; fd=-1
12-10 19:18:48.384  1209  2884 E SchedPolicy: add_tid_to_cgroup failed; fd=-1
12-10 19:18:48.413  1813  1813 E HwKeyguardUpdateMonitor: isSimPinSecure mSimDatas is null or empty 
12-10 19:18:48.413  1813  1813 E HwKeyguardUpdateMonitor: isSimPinSecure mSimDatas is null or empty 
12-10 19:18:48.395  1209  2884 E SchedPolicy: add_tid_to_cgroup failed; fd=-1
12-10 19:18:48.414  1209  5487 E SchedPolicy: add_tid_to_cgroup failed; fd=-1
12-10 19:18:48.441  1209  5487 E SchedPolicy: add_tid_to_cgroup failed; fd=-1
12-10 19:18:48.446  1209  2884 E SchedPolicy: add_tid_to_cgroup failed; fd=-1
12-10 19:18:48.487  1209  8253 E SchedPolicy: add_tid_to_cgroup failed; fd=-1
12-10 19:18:48.502  8966  8966 E cube_taskex: HCDN_LOG: [2018-12-10 19:18:48.502][T:8966]Java_com_qiyi_hcdndownloader_HCDNDownloaderTask_SetParamNative 330: taskptr = 0xdd6c0104,szparamname = device_state,szparamvalue = {"model":"LYA-AL00","cpu":-1,"mem":-1,"tmem":-1,"wifi":0,"power":1,"battery":5,"lockScreen":1}
12-10 19:18:48.502  8966  8966 E cube    : HCDN_LOG: [2018-12-10 19:18:48.502][T:8966][func:SetParam],[line:780],[oper:set param],[param_name:device_state],[param_value:{"model":"LYA-AL00","cpu":-1,"mem":-1,"tmem":-1,"wifi":0,"power":1,"battery":5,"lockScreen":1}]
12-10 19:18:48.502  8966  8966 E cube    : HCDN_LOG: [2018-12-10 19:18:48.502][T:8966][func:SetParam],[line:363],[oper:set param],[key:device_state],[value:{"model":"LYA-AL00","cpu":-1,"mem":-1,"tmem":-1,"wifi":0,"power":1,"battery":5,"lockScreen":1}]
12-10 19:18:48.503  8966  8966 E cube    : HCDN_LOG: [2018-12-10 19:18:48.502][T:8966][func:SetParam],[line:197],[oper:hcdn client set param],[key:device_state],[value:{"model":"LYA-AL00","cpu":-1,"mem":-1,"tmem":-1,"wifi":0,"power":1,"battery":5,"lockScreen":1}]
12-10 19:18:48.503  8966  8966 E p2pfile : HCDN_LOG: [oper: SetParam message ParamName(device_state), ParamValue({"model":"LYA-AL00","cpu":-1,"mem":-1,"tmem":-1,"wifi":0,"power":1,"battery":5,"lockScreen":1}), isGlobal(true)]
12-10 19:18:48.503  8966  9604 E hcdn_downloadengine: HCDN_LOG: [2018-12-10 19:18:48.503][T:9604]OnRecvSetParam,1778     task_id : 0,SetParam : device_state,{"model":"LYA-AL00","cpu":-1,"mem":-1,"tmem":-1,"wifi":0,"power":1,"battery":5,"lockScreen":1} 
12-10 19:18:48.503  8966  9604 E hcdn_downloadengine: HCDN_LOG: [2018-12-10 19:18:48.503][T:9604]ParserDeviceState,3647     device_state {"model":"LYA-AL00","cpu":-1,"mem":-1,"tmem":-1,"wifi":0,"power":1,"battery":5,"lockScreen":1} 
12-10 19:18:48.503  8966  9586 E cube    : HCDN_LOG: [2018-12-10 19:18:48.503][T:9586][func:DealSetParam],[line:944],[oper:deal set param by self thread],[param_name:device_state],[param_value:{"model":"LYA-AL00","cpu":-1,"mem":-1,"tmem":-1,"wifi":0,"power":1,"battery":5,"lockScreen":1}]
12-10 19:18:48.503  8966  9604 E hcdn_downloadengine: HCDN_LOG: [2018-12-10 19:18:48.503][T:9604]ParserDeviceState,3647     device_state {"model":"LYA-AL00","cpu":-1,"mem":-1,"tmem":-1,"wifi":0,"power":1,"battery":5,"lockScreen":1} 
12-10 19:18:48.523  1209  8253 E SchedPolicy: add_tid_to_cgroup failed; fd=-1
12-10 19:18:48.525  1209  2884 E SchedPolicy: add_tid_to_cgroup failed; fd=-1
12-10 19:18:48.577  1209  8253 E SchedPolicy: add_tid_to_cgroup failed; fd=-1
12-10 19:18:48.583  1209  8253 E SchedPolicy: add_tid_to_cgroup failed; fd=-1
12-10 19:18:48.587  1209  2884 E SchedPolicy: add_tid_to_cgroup failed; fd=-1
12-10 19:18:48.621  1209  5487 E SchedPolicy: add_tid_to_cgroup failed; fd=-1
12-10 19:18:48.631  1209  5487 E SchedPolicy: add_tid_to_cgroup failed; fd=-1
12-10 19:18:48.633  1209  2884 E SchedPolicy: add_tid_to_cgroup failed; fd=-1
12-10 19:18:48.638  1209  5487 E SchedPolicy: add_tid_to_cgroup failed; fd=-1
12-10 19:18:48.640 25366 25366 E RecycleClearService: startRecycleClearService   forceStart = true, sClearDone = false
12-10 19:18:48.679  1209  5487 E Process : file_read open file failed, errno = 2
12-10 19:18:48.679  1209  5487 E Process : set_aware_cpu_policy file_read failed!
12-10 19:18:48.679  1209  5487 E Process : file_read open file failed, errno = 2
12-10 19:18:48.679  1209  5487 E Process : set_aware_cpu_policy file_read failed!
12-10 19:18:48.854  3645  4083 E HiAction_RuleManager: ResourceDownloadManager: isUpdateAll,isTimeChanged false
12-10 19:18:48.854  3645  4083 E HiAction_RuleManager: ResourceDownloadManager: isUpdateAll:false
12-10 19:18:48.857  3645  4083 E HiAction_RuleManager: ResourceUpdateManager: Download taks completed info is null
12-10 19:18:49.792  1209  1660 E WificondControl: Noise: -89, Snr: 80, Chload: 31
12-10 19:18:50.419   643  1419 E smartpakit: current mmi_output is null!
12-10 19:18:50.466   643  1419 E smartpakit: current mmi_output is null!
12-10 19:18:50.681  3655  3655 E NfcNci  : NfcUtils error: APP do not have nfc permission
12-10 19:18:50.684  1910 12492 E HsmCoreServiceImpl: onTransact in code is: 102
12-10 19:18:56.282  1209  1661 E HwNcChrServiceImpl: Run the of call hwNcChrService1101
12-10 19:18:56.283  1209  1661 E HwNcChrServiceImpl: Run the of call hwNcChrService1121
12-10 19:18:56.284  2038  2209 E HwCHRWifiRSSIGroupSummery: updatArpSummery mRSSI:0  HwCHRWifiRSSIGroup [rssi_index=4, rtt_tcp_packets=0, rtt_tcp_duration=0, rtt_lan_duration=2550, rtt_lan_failures=0, rtt_lan_succ=157, rtt_lan_max=261, rtt_lan_min=2,same_area_frequency=0,adjacent_area_frequency=0]
12-10 19:18:57.793  1209  1660 E WificondControl: Noise: -89, Snr: 69, Chload: 18
12-10 19:18:57.936  1910 12492 E HsmCoreServiceImpl: onTransact in code is: 102
12-10 19:18:57.950  1209  8253 E DatabaseUtils: Writing exception to parcel
12-10 19:18:57.950  1209  8253 E DatabaseUtils: java.lang.IllegalArgumentException: Invalid column: _data
12-10 19:18:57.950  1209  8253 E DatabaseUtils: 	at com.android.providers.settings.SettingsProvider.normalizeProjection(SettingsProvider.java:2482)
12-10 19:18:57.950  1209  8253 E DatabaseUtils: 	at com.android.providers.settings.SettingsProvider.query(SettingsProvider.java:776)
12-10 19:18:57.950  1209  8253 E DatabaseUtils: 	at android.content.ContentProvider.query(ContentProvider.java:1084)
12-10 19:18:57.950  1209  8253 E DatabaseUtils: 	at android.content.ContentProvider.query(ContentProvider.java:1176)
12-10 19:18:57.950  1209  8253 E DatabaseUtils: 	at android.content.ContentProvider$Transport.query(ContentProvider.java:251)
12-10 19:18:57.950  1209  8253 E DatabaseUtils: 	at android.content.ContentProviderNative.onTransact(ContentProviderNative.java:102)
12-10 19:18:57.950  1209  8253 E DatabaseUtils: 	at android.os.Binder.execTransact(Binder.java:739)
12-10 19:18:57.980  1910 12492 E HsmCoreServiceImpl: onTransact in code is: 102
12-10 19:18:57.983  1209  1209 E NotificationService: Error creating vibration waveform with pattern: []
12-10 19:18:57.989   787  7704 E HwExtendedCodec: mime: audio/vorbis matching compontent failed!
12-10 19:18:57.995   793 23733 E OMXNodeInstance: setConfig(0xe469b380:google.vorbis.decoder, ??(0x6f700006)) ERROR: Undefined(0x80001001)
12-10 19:18:57.995   793 23733 E OMXNodeInstance: setConfig(0xe469b380:google.vorbis.decoder, ConfigPriority(0x6f800002)) ERROR: Undefined(0x80001001)
12-10 19:18:58.017  2038  2282 E BDLog   : BD.FilterImpl:com.android.systemui 344 times= 100 over threshold
12-10 19:18:58.017  2038  2282 E BDLog   : BD.FilterImpl:com.android.systemui 344 is illLegal
12-10 19:18:58.061   643  1651 E smartpakit: current mmi_output is null!
12-10 19:18:59.031  1910 13680 E HsmCoreServiceImpl: onTransact in code is: 102
12-10 19:18:59.057  1910 13680 E HsmCoreServiceImpl: onTransact in code is: 102
12-10 19:18:59.059  1910 13680 E HsmCoreServiceImpl: onTransact in code is: 102
12-10 19:18:59.877  1209  1538 E SchedPolicy: add_tid_to_cgroup failed; fd=-1
12-10 19:18:59.881  1209  1538 E SchedPolicy: add_tid_to_cgroup failed; fd=-1
12-10 19:18:59.899  1209  2884 E WifiService: enforceCanAccessScanResults: hiding ssid and bssidUID 10012 has no location permission
12-10 19:18:59.925  1209  8253 E WifiService: enforceCanAccessScanResults: hiding ssid and bssidUID 10012 has no location permission
12-10 19:18:59.934  1209  8253 E WifiService: enforceCanAccessScanResults: hiding ssid and bssidUID 10012 has no location permission
12-10 19:18:59.947  1209  8253 E WifiService: enforceCanAccessScanResults: hiding ssid and bssidUID 10012 has no location permission
12-10 19:18:59.949  1209  8253 E WifiService: enforceCanAccessScanResults: hiding ssid and bssidUID 10012 has no location permission
12-10 19:19:02.059   643  1419 E smartpakit: current mmi_output is null!
12-10 19:19:02.107   643  1419 E smartpakit: current mmi_output is null!
12-10 19:19:02.487  1209  2884 E WifiService: enforceCanAccessScanResults: hiding ssid and bssidUID 10156 has no location permission
12-10 19:19:05.800  1209  1660 E WificondControl: Noise: -88, Snr: 84, Chload: 37
12-10 19:19:05.935  1910 13680 E HsmCoreServiceImpl: onTransact in code is: 102
12-10 19:19:12.486  1813  1813 E DateView: DateView,mCurrentTime: 1544440752486
12-10 19:19:12.509  1813  1813 E ndroid.systemu: No package ID ff found for ID 0xffffffff.
12-10 19:19:12.510  1813  1813 E ndroid.systemu: No package ID ff found for ID 0xffffffff.
12-10 19:19:12.530  4082  4834 E [HwRecSys]CandidateSetHelper: getHwCandidateByPkgAndActivity -> this pkg HwCandidates is null!
12-10 19:19:12.531  4082  4834 E [HwRecSys]CandidateSetHelper: getHwCandidateByPkgAndActivity -> this pkg HwCandidates is null!
12-10 19:19:12.531  4082  4834 E [HwRecSys]CandidateSetHelper: getHwCandidateByPkgAndActivity -> this pkg HwCandidates is null!
12-10 19:19:12.531  4082  4834 E [HwRecSys]CandidateSetHelper: getHwCandidateByPkgAndActivity -> this pkg HwCandidates is null!
12-10 19:19:12.540  1209  3604 E SchedPolicy: add_tid_to_cgroup failed; fd=-1
12-10 19:19:13.079   790   790 E Thermal-daemon: [ap] temp_new :31  temp_old :32
12-10 19:19:13.080   790   790 E Thermal-daemon: Report temperature: [ap] temp :31  report_threshold:1
12-10 19:19:13.815  1209  1660 E WificondControl: Noise: -88, Snr: 127, Chload: 27
12-10 19:19:14.723 17841 17841 E WebApiUtils: onFailed with  cid-217 , urlId-2064202712 bizS:  statusCode=-1, network is not available ,url: https://api.fqixin.net/FHE/EM1APOLLING/OnTimer
12-10 19:19:15.760  8773  9083 E multisource: HCDN_LOG: [2018-12-10 19:19:15.760][T:9083]UpdateMaxSpeed TOTAL => play speed:0[len:0, tm:0], offline speed:0[len:0, tm:0], predeploy speed:0[len:0, tm:0], m_maxDownloadSpeed:0
12-10 19:19:15.775  9044  9468 E multisource: HCDN_LOG: [2018-12-10 19:19:15.775][T:9468]UpdateMaxSpeed TOTAL => play speed:0[len:0, tm:0], offline speed:0[len:0, tm:0], predeploy speed:0[len:0, tm:0], m_maxDownloadSpeed:0
12-10 19:19:15.777  8966  9610 E multisource: HCDN_LOG: [2018-12-10 19:19:15.777][T:9610]UpdateMaxSpeed TOTAL => play speed:0[len:0, tm:0], offline speed:0[len:0, tm:0], predeploy speed:0[len:0, tm:0], m_maxDownloadSpeed:0
12-10 19:19:18.016  1910 13680 E HsmCoreServiceImpl: onTransact in code is: 102
12-10 19:19:18.024  1209  1829 E DatabaseUtils: Writing exception to parcel
12-10 19:19:18.024  1209  1829 E DatabaseUtils: java.lang.IllegalArgumentException: Invalid column: _data
12-10 19:19:18.024  1209  1829 E DatabaseUtils: 	at com.android.providers.settings.SettingsProvider.normalizeProjection(SettingsProvider.java:2482)
12-10 19:19:18.024  1209  1829 E DatabaseUtils: 	at com.android.providers.settings.SettingsProvider.query(SettingsProvider.java:776)
12-10 19:19:18.024  1209  1829 E DatabaseUtils: 	at android.content.ContentProvider.query(ContentProvider.java:1084)
12-10 19:19:18.024  1209  1829 E DatabaseUtils: 	at android.content.ContentProvider.query(ContentProvider.java:1176)
12-10 19:19:18.024  1209  1829 E DatabaseUtils: 	at android.content.ContentProvider$Transport.query(ContentProvider.java:251)
12-10 19:19:18.024  1209  1829 E DatabaseUtils: 	at android.content.ContentProviderNative.onTransact(ContentProviderNative.java:102)
12-10 19:19:18.024  1209  1829 E DatabaseUtils: 	at android.os.Binder.execTransact(Binder.java:739)
12-10 19:19:18.042  1209  1209 E NotificationService: Error creating vibration waveform with pattern: []
12-10 19:19:18.051  1910 13680 E HsmCoreServiceImpl: onTransact in code is: 102
12-10 19:19:18.057   787  7739 E HwExtendedCodec: mime: audio/vorbis matching compontent failed!
12-10 19:19:18.060   793 23733 E OMXNodeInstance: setConfig(0xe469b380:google.vorbis.decoder, ??(0x6f700006)) ERROR: Undefined(0x80001001)
12-10 19:19:18.060   793 23733 E OMXNodeInstance: setConfig(0xe469b380:google.vorbis.decoder, ConfigPriority(0x6f800002)) ERROR: Undefined(0x80001001)
12-10 19:19:18.066  2038  2282 E BDLog   : BD.FilterImpl:com.android.systemui 344 times= 100 over threshold
12-10 19:19:18.066  2038  2282 E BDLog   : BD.FilterImpl:com.android.systemui 344 is illLegal
12-10 19:19:18.116   643  1651 E smartpakit: current mmi_output is null!
12-10 19:19:19.086  1910 13680 E HsmCoreServiceImpl: onTransact in code is: 102
12-10 19:19:19.108  1910 13680 E HsmCoreServiceImpl: onTransact in code is: 102
12-10 19:19:19.110  1910 13680 E HsmCoreServiceImpl: onTransact in code is: 102
12-10 19:19:21.823  1209  1660 E WificondControl: Noise: -89, Snr: 79, Chload: 0
12-10 19:19:22.103   643  1419 E smartpakit: current mmi_output is null!
12-10 19:19:22.151   643  1419 E smartpakit: current mmi_output is null!
12-10 19:19:26.021  1910 13680 E HsmCoreServiceImpl: onTransact in code is: 102
12-10 19:19:27.972  1209  3603 E SchedPolicy: add_tid_to_cgroup failed; fd=-1
12-10 19:19:29.829  1209  1660 E WificondControl: Noise: -88, Snr: 127, Chload: 50
12-10 19:19:37.837  1209  1660 E WificondControl: Noise: -89, Snr: 127, Chload: 4
12-10 19:19:42.554  1209  1209 E PowerManagerService: Exception when search wack lock :java.lang.IllegalArgumentException: Wake lock not active: android.os.Binder@c16598b from uid 1000
12-10 19:19:43.107   790   790 E Thermal-daemon: [charger1] temp_new :31  temp_old :32
12-10 19:19:43.108   790   790 E Thermal-daemon: Report temperature: [charger1] temp :31  report_threshold:1
12-10 19:19:44.730 17841 17841 E WebApiUtils: onFailed with  cid-218 , urlId-2064202712 bizS:  statusCode=-1, network is not available ,url: https://api.fqixin.net/FHE/EM1APOLLING/OnTimer
12-10 19:19:45.767  8773  9083 E multisource: HCDN_LOG: [2018-12-10 19:19:45.767][T:9083]UpdateMaxSpeed TOTAL => play speed:0[len:0, tm:0], offline speed:0[len:0, tm:0], predeploy speed:0[len:0, tm:0], m_maxDownloadSpeed:0
12-10 19:19:45.781  8966  9610 E multisource: HCDN_LOG: [2018-12-10 19:19:45.781][T:9610]UpdateMaxSpeed TOTAL => play speed:0[len:0, tm:0], offline speed:0[len:0, tm:0], predeploy speed:0[len:0, tm:0], m_maxDownloadSpeed:0
12-10 19:19:45.782  9044  9468 E multisource: HCDN_LOG: [2018-12-10 19:19:45.781][T:9468]UpdateMaxSpeed TOTAL => play speed:0[len:0, tm:0], offline speed:0[len:0, tm:0], predeploy speed:0[len:0, tm:0], m_maxDownloadSpeed:0
12-10 19:19:45.839  1209  1660 E WificondControl: Noise: -88, Snr: 73, Chload: 98
12-10 19:19:46.549   790  2879 E Thermal-daemon: device current too high (436), during charging or current std is invalid. 
12-10 19:19:46.549   790  2879 E Thermal-daemon: latest temp 23379 at 2018/12/10, 11h:19m:46s.
12-10 19:19:53.841  1209  1660 E WificondControl: Noise: -88, Snr: 127, Chload: 39
12-10 19:19:57.316  1209  1661 E HwNcChrServiceImpl: Run the of call hwNcChrService1101
12-10 19:19:57.317  1209  1661 E HwNcChrServiceImpl: Run the of call hwNcChrService1121
12-10 19:19:57.318  2038  2209 E HwCHRWifiRSSIGroupSummery: updatArpSummery mRSSI:0  HwCHRWifiRSSIGroup [rssi_index=4, rtt_tcp_packets=0, rtt_tcp_duration=0, rtt_lan_duration=2564, rtt_lan_failures=0, rtt_lan_succ=158, rtt_lan_max=261, rtt_lan_min=2,same_area_frequency=0,adjacent_area_frequency=0]
12-10 19:20:01.849  1209  1660 E WificondControl: Noise: -88, Snr: 127, Chload: 44
12-10 19:20:05.488  9044  9467 E storage_operate: HCDN_LOG: [2018-12-10 19:20:05.488][T:9467][func:UpdateWriteBlockCount],[line:898],[oper:update write count],[new write:0]
12-10 19:20:05.496  8966  9609 E storage_operate: HCDN_LOG: [2018-12-10 19:20:05.496][T:9609][func:UpdateWriteBlockCount],[line:898],[oper:update write count],[new write:0]
12-10 19:20:09.858  1209  1660 E WificondControl: Noise: -88, Snr: 127, Chload: 41
12-10 19:20:12.628  1813  1813 E DateView: DateView,mCurrentTime: 1544440812628
12-10 19:20:12.639  1209  3603 E SchedPolicy: add_tid_to_cgroup failed; fd=-1
12-10 19:20:12.655  1813  1813 E ndroid.systemu: No package ID ff found for ID 0xffffffff.
12-10 19:20:12.657  1813  1813 E ndroid.systemu: No package ID ff found for ID 0xffffffff.
12-10 19:20:12.699  1209  1829 E SchedPolicy: add_tid_to_cgroup failed; fd=-1
12-10 19:20:12.702  1209  1829 E SchedPolicy: add_tid_to_cgroup failed; fd=-1
12-10 19:20:12.702  1209  1829 E SchedPolicy: add_tid_to_cgroup failed; fd=-1
12-10 19:20:14.741 17841 17841 E WebApiUtils: onFailed with  cid-219 , urlId-2064202712 bizS:  statusCode=-1, network is not available ,url: https://api.fqixin.net/FHE/EM1APOLLING/OnTimer
12-10 19:20:15.772  8773  9083 E multisource: HCDN_LOG: [2018-12-10 19:20:15.772][T:9083]UpdateMaxSpeed TOTAL => play speed:0[len:0, tm:0], offline speed:0[len:0, tm:0], predeploy speed:0[len:0, tm:0], m_maxDownloadSpeed:0
12-10 19:20:15.782  9044  9468 E multisource: HCDN_LOG: [2018-12-10 19:20:15.782][T:9468]UpdateMaxSpeed TOTAL => play speed:0[len:0, tm:0], offline speed:0[len:0, tm:0], predeploy speed:0[len:0, tm:0], m_maxDownloadSpeed:0
12-10 19:20:15.791  8966  9610 E multisource: HCDN_LOG: [2018-12-10 19:20:15.791][T:9610]UpdateMaxSpeed TOTAL => play speed:0[len:0, tm:0], offline speed:0[len:0, tm:0], predeploy speed:0[len:0, tm:0], m_maxDownloadSpeed:0
12-10 19:20:17.865  1209  1660 E WificondControl: Noise: -88, Snr: 127, Chload: 42
12-10 19:20:25.873  1209  1660 E WificondControl: Noise: -88, Snr: 74, Chload: 36
12-10 19:20:33.165   790   790 E Thermal-daemon: [pa_0] temp_new :30  temp_old :31
12-10 19:20:33.166   790   790 E Thermal-daemon: Report temperature: [pa_0] temp :30  report_threshold:1
12-10 19:20:33.881  1209  1660 E WificondControl: Noise: -89, Snr: 127, Chload: 7
12-10 19:20:38.171   790   790 E Thermal-daemon: [pa_0] temp_new :31  temp_old :30
12-10 19:20:38.172   790   790 E Thermal-daemon: Report temperature: [pa_0] temp :31  report_threshold:1
12-10 19:20:41.889  1209  1660 E WificondControl: Noise: -88, Snr: 127, Chload: 27
12-10 19:20:42.734  1209  1209 E PowerManagerService: Exception when search wack lock :java.lang.IllegalArgumentException: Wake lock not active: android.os.Binder@c16598b from uid 1000
12-10 19:20:43.171  2764  7776 E DataSrv-9.0.5.300-O-1126-20:49-FenceCache: fenceData is null !
12-10 19:20:43.175   790   790 E Thermal-daemon: [pa_0] temp_new :30  temp_old :31
12-10 19:20:43.176   790   790 E Thermal-daemon: Report temperature: [pa_0] temp :30  report_threshold:1
12-10 19:20:43.176  2764  2917 E DataSrv-9.0.5.300-O-1126-20:49-VSimTripleCardInterface: subId is invalid, mode: 0
12-10 19:20:43.176  2764  2917 E DataSrv-9.0.5.300-O-1126-20:49-VSimUtils: vsim subId is illegal:-1
12-10 19:20:43.177  2764  2917 E DataSrv-9.0.5.300-O-1126-20:49-CoverageMgr: getMasterMcc, input mcc is empty.
12-10 19:20:44.746 17841 17841 E WebApiUtils: onFailed with  cid-220 , urlId-2064202712 bizS:  statusCode=-1, network is not available ,url: https://api.fqixin.net/FHE/EM1APOLLING/OnTimer
12-10 19:20:45.778  8773  9083 E multisource: HCDN_LOG: [2018-12-10 19:20:45.778][T:9083]UpdateMaxSpeed TOTAL => play speed:0[len:0, tm:0], offline speed:0[len:0, tm:0], predeploy speed:0[len:0, tm:0], m_maxDownloadSpeed:0
12-10 19:20:45.793  9044  9468 E multisource: HCDN_LOG: [2018-12-10 19:20:45.793][T:9468]UpdateMaxSpeed TOTAL => play speed:0[len:0, tm:0], offline speed:0[len:0, tm:0], predeploy speed:0[len:0, tm:0], m_maxDownloadSpeed:0
