12-10 19:35:50.758  2226  2408 E HSM_Install_BG: TrafficNotifyAfterLocked:screen notification will not notify
12-10 19:35:50.758  1813  1813 E HwKeyguardUpdateMonitor: isSimPinSecure mSimDatas is null or empty 
12-10 19:35:50.759  1813  1813 E HwKeyguardUpdateMonitor: isSimPinSecure mSimDatas is null or empty 
12-10 19:35:50.770  8966  8966 E cube_taskex: HCDN_LOG: [2018-12-10 19:35:50.770][T:8966]Java_com_qiyi_hcdndownloader_HCDNDownloaderTask_SetParamNative 330: taskptr = 0xdd6c0104,szparamname = device_state,szparamvalue = {"model":"LYA-AL00","cpu":-1,"mem":-1,"tmem":-1,"wifi":0,"power":1,"battery":5,"lockScreen":0}
12-10 19:35:50.872  3655  9020 E NfcNci:HwCustNfcService: applyRouting -1.1
12-10 19:35:51.235  1813  1813 E HwKeyguardUpdateMonitor: isSimPinSecure mSimDatas is null or empty 
12-10 19:35:51.235  1813  1813 E HwKeyguardUpdateMonitor: isSimPinSecure mSimDatas is null or empty 
12-10 19:35:51.259  1813  1813 E HwKeyguardUpdateMonitor: isSimPinSecure mSimDatas is null or empty 
12-10 19:35:51.259  1813  1813 E HwKeyguardUpdateMonitor: isSimPinSecure mSimDatas is null or empty 
12-10 19:35:51.259  1813  1813 E HwKeyguardUpdateMonitor: isSimPinSecure mSimDatas is null or empty 
12-10 19:35:51.259  1813  1813 E HwKeyguardUpdateMonitor: isSimPinSecure mSimDatas is null or empty 
12-10 19:35:52.426  4082  4224 E [HwRecSys]CandidateSetHelper: getHwCandidateByPkgAndActivity -> this pkg HwCandidates is null!
12-10 19:35:52.426  4082  4224 E [HwRecSys]CandidateSetHelper: getHwCandidateByPkgAndActivity -> this pkg HwCandidates is null!
12-10 19:35:52.830  1209  1716 E HwArpVerifier: exception in wifi route check: java.lang.NullPointerException: mRevLinkProperties is null
12-10 19:35:53.821  1813  1813 E ndroid.systemu: Invalid ID 0x00000000.
12-10 19:35:53.821  1813  1813 E HwNotchUtils: setIconForView iconId is not found
12-10 19:35:53.821  1813  1813 E ndroid.systemu: Invalid ID 0x00000000.
12-10 19:35:53.821  1813  1813 E HwNotchUtils: setIconForView iconId is not found
12-10 19:35:53.821  1813  1813 E ndroid.systemu: Invalid ID 0x00000000.
12-10 19:35:53.821  1813  1813 E HwNotchUtils: setIconForView iconId is not found
12-10 19:35:53.831   665   665 E WifiHAL : enter wifi_get_link_stats
12-10 19:35:53.839  1209  1660 E WificondControl: Noise: -89, Snr: 127, Chload: 11
12-10 19:35:54.000   643 13593 E smartpakit: current mmi_output is null!
12-10 19:35:54.047   643 13593 E smartpakit: current mmi_output is null!
12-10 19:35:54.145   790   790 E Thermal-daemon: [shell_frame] temp_new :30  temp_old :31
12-10 19:35:54.146   790   790 E Thermal-daemon: Report temperature: [shell_frame] temp :30  report_threshold:1
12-10 19:35:54.149   790   790 E Thermal-daemon: [charger_ic] temp_new :32  temp_old :31
12-10 19:35:54.150   790   790 E Thermal-daemon: Report temperature: [charger_ic] temp :32  report_threshold:1
12-10 19:35:54.151   790   790 E Thermal-daemon: [ap] temp_new :32  temp_old :31
12-10 19:35:54.152   790   790 E Thermal-daemon: Report temperature: [ap] temp :32  report_threshold:1
12-10 19:35:54.601  1209  1660 E WificondControl: Noise: 0, Snr: -1, Chload: -1
12-10 19:35:56.844   665   665 E WifiHAL : enter wifi_get_link_stats
12-10 19:35:56.853  1209  1660 E WificondControl: Noise: -89, Snr: 127, Chload: 11
12-10 19:35:58.064  2038  2038 E CHR_ChrModemStatistics: sensors invalid
12-10 19:35:59.152   790   790 E Thermal-daemon: [shell_frame] temp_new :31  temp_old :30
12-10 19:35:59.154   790   790 E Thermal-daemon: Report temperature: [shell_frame] temp :31  report_threshold:1
12-10 19:35:59.830  1813  1813 E ndroid.systemu: Invalid ID 0x00000000.
12-10 19:35:59.830  1813  1813 E HwNotchUtils: setIconForView iconId is not found
12-10 19:35:59.830  1813  1813 E ndroid.systemu: Invalid ID 0x00000000.
12-10 19:35:59.831  1813  1813 E HwNotchUtils: setIconForView iconId is not found
12-10 19:35:59.831  1813  1813 E ndroid.systemu: Invalid ID 0x00000000.
12-10 19:35:59.831  1813  1813 E HwNotchUtils: setIconForView iconId is not found
12-10 19:35:59.844   803  3218 E         : get_cfg_dir_list_type: cust_policy_dirs:/system/emui/base:/system/emui/china:/vendor/etc:/odm/etc:/product/etc:/odm/hw_odm/LYA-AL00:/product/region_comm/china:/product/hw_oem/LYA-AL00:/preload/LYA-AL00/all/cn:/cust/global:/cust/hw/cn:/version/cust/all/cn:/product/special_cust/LYA-AL00/all/cn:/version/special_cust/LYA-AL00/all/cn 
12-10 19:35:59.844   803  3218 E         : get_cfg_dir_list_type: cust_policy_dirs:/system/emui/base:/system/emui/china:/vendor/etc:/odm/etc:/product/etc:/odm/hw_odm/LYA-AL00:/product/region_comm/china:/product/hw_oem/LYA-AL00:/preload/LYA-AL00/all/cn:/cust/global:/cust/hw/cn:/version/cust/all/cn:/product/special_cust/LYA-AL00/all/cn:/version/special_cust/LYA-AL00/all/cn 
12-10 19:35:59.856   665   665 E WifiHAL : enter wifi_get_link_stats
12-10 19:35:59.859  1209  1660 E WificondControl: Noise: -89, Snr: 77, Chload: 11
12-10 19:36:00.004  1813  1813 E DateView: DateView,mCurrentTime: 1544441760004
12-10 19:36:00.020  1813  1813 E ndroid.systemu: No package ID ff found for ID 0xffffffff.
12-10 19:36:00.021  1813  1813 E ndroid.systemu: No package ID ff found for ID 0xffffffff.
12-10 19:36:00.081  2102  2243 E HwLauncher: SettingsEx , no such field.
12-10 19:36:01.960   795   820 E         : iawared check failed: uid is 0, the original uid is:10159
12-10 19:36:01.960   795   820 E         : iawared check failed: uid is 0, the original uid is:10156
12-10 19:36:01.962   795   820 E         : iawared check failed: uid is 0, the original uid is:10123
12-10 19:36:01.962   795   820 E         : iawared check failed: uid is 0, the original uid is:10156
12-10 19:36:01.962   795   820 E         : iawared check failed: uid is 0, the original uid is:10159
12-10 19:36:01.963   795   820 E         : iawared check failed: uid is 0, the original uid is:10012
12-10 19:36:01.963   795   820 E         : iawared check failed: uid is 0, the original uid is:99016
12-10 19:36:01.963   795   820 E         : iawared check failed: uid is 0, the original uid is:10095
12-10 19:36:01.963   795   820 E         : iawared check failed: uid is 0, the original uid is:10141
12-10 19:36:01.963   795   820 E         : iawared check failed: uid is 0, the original uid is:10159
12-10 19:36:01.964   795   820 E         : iawared check failed: uid is 0, the original uid is:10147
12-10 19:36:01.964   795   820 E         : iawared check failed: uid is 0, the original uid is:10159
12-10 19:36:01.965   795   820 E         : iawared check failed: uid is 0, the original uid is:10123
12-10 19:36:01.966   795   820 E         : iawared check failed: uid is 0, the original uid is:10156
12-10 19:36:01.966   795   820 E         : iawared check failed: uid is 0, the original uid is:1001
12-10 19:36:01.966   795   820 E         : iawared check failed: uid is 0, the original uid is:10147
12-10 19:36:01.972  2071  3022 E AwareLog: SPKSchedFeature: Uid has been sent, ignore.
12-10 19:36:01.982   803  1021 E JankService: specialActionEntryHandler: should reset and not report
12-10 19:36:01.982   803  1021 E JankService: specialActionEntryHandler: should reset and not report
12-10 19:36:01.984  2071  2375 E powergenie_jni: FUNC: setHisiCABCInner() LINE: 60  open /dev/pri_lcd error: No such file or directory
12-10 19:36:01.984  2071  2375 E DisplayControl: Fail! set cabc mode: 1
12-10 19:36:01.987  1910  2471 E EmcomManagerService: Unknown message what for EmcomHandler. the message is 21
12-10 19:36:01.989   765   939 E emcomd  : [EmcomXengine     ] EventCallback# AsEventCallback enEvent:0
12-10 19:36:02.022  1209  2519 E DatabaseUtils: Writing exception to parcel
12-10 19:36:02.022  1209  2519 E DatabaseUtils: java.lang.IllegalArgumentException: Invalid column: _data
12-10 19:36:02.022  1209  2519 E DatabaseUtils: 	at com.android.providers.settings.SettingsProvider.normalizeProjection(SettingsProvider.java:2482)
12-10 19:36:02.022  1209  2519 E DatabaseUtils: 	at com.android.providers.settings.SettingsProvider.query(SettingsProvider.java:776)
12-10 19:36:02.022  1209  2519 E DatabaseUtils: 	at android.content.ContentProvider.query(ContentProvider.java:1084)
12-10 19:36:02.022  1209  2519 E DatabaseUtils: 	at android.content.ContentProvider.query(ContentProvider.java:1176)
12-10 19:36:02.022  1209  2519 E DatabaseUtils: 	at android.content.ContentProvider$Transport.query(ContentProvider.java:251)
12-10 19:36:02.022  1209  2519 E DatabaseUtils: 	at android.content.ContentProviderNative.onTransact(ContentProviderNative.java:102)
12-10 19:36:02.022  1209  2519 E DatabaseUtils: 	at android.os.Binder.execTransact(Binder.java:739)
12-10 19:36:02.027  2038  2282 E BDLog   : BD.FilterImpl:com.android.systemui 344 times= 100 over threshold
12-10 19:36:02.027  2038  2282 E BDLog   : BD.FilterImpl:com.android.systemui 344 is illLegal
12-10 19:36:02.038  1910 13680 E HsmCoreServiceImpl: onTransact in code is: 102
12-10 19:36:02.039  1910 13680 E HsmCoreServiceImpl: onTransact in code is: 102
12-10 19:36:02.047   787  9085 E HwExtendedCodec: mime: audio/vorbis matching compontent failed!
12-10 19:36:02.050   793 23733 E OMXNodeInstance: setConfig(0xe469b5c0:google.vorbis.decoder, ??(0x6f700006)) ERROR: Undefined(0x80001001)
12-10 19:36:02.050   793 23733 E OMXNodeInstance: setConfig(0xe469b5c0:google.vorbis.decoder, ConfigPriority(0x6f800002)) ERROR: Undefined(0x80001001)
12-10 19:36:02.089   643  1651 E smartpakit: current mmi_output is null!
12-10 19:36:02.094  1910 13680 E HsmCoreServiceImpl: onTransact in code is: 103
12-10 19:36:02.111   669  2114 E BufferQueueProducer: [] mConsumerName == NULL!!!!!!
12-10 19:36:02.235  1209  1240 E AwareLog: StartupByBroadcastRecorder: iaware_brjob record startup time error
12-10 19:36:02.249  1209  1888 E ProcessInfoCollector: getProcessInfo: failed to find this proc 
12-10 19:36:02.254  9095  9095 E nt.mm:appbrand: Not starting debugger since process cannot load the jdwp agent.
12-10 19:36:02.339  1209  1455 E WindowManager: win=Window{919a24d u0 SnapshotStartingWindow for taskId=3557 EXITING} destroySurfaces: appStopped=false win.mWindowRemovalAllowed=true win.mRemoveOnExit=true
12-10 19:36:02.358  1209  5970 E WindowManager: win=Window{da8776c u0 com.huawei.intelligent.Workspace} destroySurfaces: appStopped=true win.mWindowRemovalAllowed=false win.mRemoveOnExit=false
12-10 19:36:02.359  1209  5970 E WindowManager: win=Window{9a615d8 u0 com.huawei.android.launcher/com.huawei.android.launcher.unihome.UniHomeLauncher} destroySurfaces: appStopped=true win.mWindowRemovalAllowed=false win.mRemoveOnExit=false
12-10 19:36:02.379  2226  2367 E HSM_Install_BG: NormalTrafficAnalysis:alert byte = 0, so return
12-10 19:36:02.510   790  2879 E Thermal-daemon: device current too high (194), during charging or current std is invalid. 
12-10 19:36:02.510   790  2879 E Thermal-daemon: latest temp 23379 at 2018/12/10, 11h:36m:2s.
12-10 19:36:02.608  1209  1660 E WificondControl: Noise: 0, Snr: -1, Chload: -1
12-10 19:36:02.830  2226  3191 E HSM_SEC_AI_BG: AppBASMngService:can not notify HotFixEvent,event:5,packageName:com.tencent.mm
12-10 19:36:02.862   665   665 E WifiHAL : enter wifi_get_link_stats
12-10 19:36:02.864  1209  1660 E WificondControl: Noise: 0, Snr: -1, Chload: -1
12-10 19:36:02.894   799  1038 E SensorHub: in batch, handle = 3, flags = 0, period_ns = 300000000, timeout = 0
12-10 19:36:02.993  9095  9095 E System  : java.lang.Runtime#loadLibrary(String, ClassLoader) is private and will be removed in a future Android release
12-10 19:36:03.004  9095  9095 E ActivityThread: Failed to find provider info for com.tencent.mm.coolassist.debugprovider
12-10 19:36:03.054  1910  1926 E HsmCoreServiceImpl: onTransact in code is: 102
12-10 19:36:03.141  9095  9095 E System  : java.lang.Runtime#loadLibrary(String, ClassLoader) is private and will be removed in a future Android release
12-10 19:36:03.710  9095  9157 E System  : java.lang.Runtime#loadLibrary(String, ClassLoader) is private and will be removed in a future Android release
12-10 19:36:03.723  9095  9157 E System  : java.lang.Runtime#loadLibrary(String, ClassLoader) is private and will be removed in a future Android release
12-10 19:36:03.727  9095  9157 E System  : java.lang.Runtime#loadLibrary(String, ClassLoader) is private and will be removed in a future Android release
12-10 19:36:03.736  9095  9157 E System  : java.lang.Runtime#loadLibrary(String, ClassLoader) is private and will be removed in a future Android release
12-10 19:36:03.761  9095  9157 E System  : java.lang.Runtime#loadLibrary(String, ClassLoader) is private and will be removed in a future Android release
12-10 19:36:04.004  9095  9095 E System  : java.lang.Runtime#loadLibrary(String, ClassLoader) is private and will be removed in a future Android release
12-10 19:36:04.160   790   790 E Thermal-daemon: [battery] temp_new :30  temp_old :29
12-10 19:36:04.161   790   790 E Thermal-daemon: Report temperature: [battery] temp :30  report_threshold:1
12-10 19:36:04.329  9095  9157 E System  : java.lang.Runtime#loadLibrary(String, ClassLoader) is private and will be removed in a future Android release
12-10 19:36:04.354  9095  9157 E System  : java.lang.Runtime#loadLibrary(String, ClassLoader) is private and will be removed in a future Android release
12-10 19:36:04.355  9095  9157 E System  : java.lang.Runtime#loadLibrary(String, ClassLoader) is private and will be removed in a future Android release
12-10 19:36:04.419  9095  9127 E MemoryLeakMonitorManager: MemoryLeakMonitor.jar is not exist!
12-10 19:36:04.423  1209  2022 E AwareLog: StartupByBroadcastRecorder: iaware_brjob record startup time error
12-10 19:36:04.444  1209  1888 E ProcessInfoCollector: getProcessInfo: failed to find this proc 
12-10 19:36:04.452  9212  9212 E nt.mm:appbrand: Not starting debugger since process cannot load the jdwp agent.
12-10 19:36:04.550  2038  2282 E BDLog   : BD.FilterImpl:com.android.systemui 351 is illLegal
12-10 19:36:04.560  1910  1926 E HsmCoreServiceImpl: onTransact in code is: 102
12-10 19:36:04.563  1910  1926 E HsmCoreServiceImpl: onTransact in code is: 102
12-10 19:36:04.780  9095  9241 E System  : java.lang.Runtime#loadLibrary(String, ClassLoader) is private and will be removed in a future Android release
12-10 19:36:04.901  9095  9241 E System  : java.lang.Runtime#loadLibrary(String, ClassLoader) is private and will be removed in a future Android release
12-10 19:36:04.915  2226  3191 E HSM_SEC_AI_BG: AppBASMngService:can not notify HotFixEvent,event:5,packageName:com.tencent.mm
12-10 19:36:05.009  9212  9212 E System  : java.lang.Runtime#loadLibrary(String, ClassLoader) is private and will be removed in a future Android release
12-10 19:36:05.014  9212  9212 E System  : java.lang.Runtime#loadLibrary(String, ClassLoader) is private and will be removed in a future Android release
12-10 19:36:05.018  9212  9212 E System  : java.lang.Runtime#loadLibrary(String, ClassLoader) is private and will be removed in a future Android release
12-10 19:36:05.021  9212  9212 E ActivityThread: Failed to find provider info for com.tencent.mm.coolassist.debugprovider
12-10 19:36:05.029  9095  9095 E nt.mm:appbrand: Invalid ID 0x00000000.
12-10 19:36:05.179  9212  9212 E System  : java.lang.Runtime#loadLibrary(String, ClassLoader) is private and will be removed in a future Android release
12-10 19:36:05.357  1813  1813 E ndroid.systemu: Invalid ID 0x00000000.
12-10 19:36:05.357  1813  1813 E HwNotchUtils: setIconForView iconId is not found
12-10 19:36:05.357  1813  1813 E ndroid.systemu: Invalid ID 0x00000000.
12-10 19:36:05.357  1813  1813 E HwNotchUtils: setIconForView iconId is not found
12-10 19:36:05.357  1813  1813 E ndroid.systemu: Invalid ID 0x00000000.
12-10 19:36:05.357  1813  1813 E HwNotchUtils: setIconForView iconId is not found
12-10 19:36:05.783  9212  9285 E System  : java.lang.Runtime#loadLibrary(String, ClassLoader) is private and will be removed in a future Android release
12-10 19:36:05.794  9212  9285 E System  : java.lang.Runtime#loadLibrary(String, ClassLoader) is private and will be removed in a future Android release
12-10 19:36:05.807  9212  9285 E System  : java.lang.Runtime#loadLibrary(String, ClassLoader) is private and will be removed in a future Android release
12-10 19:36:05.819  9212  9285 E System  : java.lang.Runtime#loadLibrary(String, ClassLoader) is private and will be removed in a future Android release
12-10 19:36:05.832  9212  9285 E System  : java.lang.Runtime#loadLibrary(String, ClassLoader) is private and will be removed in a future Android release
12-10 19:36:05.867   665   665 E WifiHAL : enter wifi_get_link_stats
12-10 19:36:05.869  1209  1660 E WificondControl: Noise: -89, Snr: 71, Chload: 8
12-10 19:36:06.021  9212  9212 E System  : java.lang.Runtime#loadLibrary(String, ClassLoader) is private and will be removed in a future Android release
12-10 19:36:06.031   643 13593 E smartpakit: current mmi_output is null!
12-10 19:36:06.059  9212  9212 E System  : java.lang.Runtime#loadLibrary(String, ClassLoader) is private and will be removed in a future Android release
12-10 19:36:06.066  9212  9212 E System  : java.lang.Runtime#loadLibrary(String, ClassLoader) is private and will be removed in a future Android release
12-10 19:36:06.068  9212  9212 E System  : java.lang.Runtime#loadLibrary(String, ClassLoader) is private and will be removed in a future Android release
12-10 19:36:06.071  9212  9212 E System  : java.lang.Runtime#loadLibrary(String, ClassLoader) is private and will be removed in a future Android release
12-10 19:36:06.077   643 13593 E smartpakit: current mmi_output is null!
12-10 19:36:06.079  9212  9212 E System  : java.lang.Runtime#loadLibrary(String, ClassLoader) is private and will be removed in a future Android release
12-10 19:36:06.222   795   820 E         : iawared check failed: uid is 0, the original uid is:10159
12-10 19:36:06.222   795   820 E         : iawared check failed: uid is 0, the original uid is:10156
12-10 19:36:06.225   795   820 E         : iawared check failed: uid is 0, the original uid is:10123
12-10 19:36:06.226   795   820 E         : iawared check failed: uid is 0, the original uid is:10156
12-10 19:36:06.228   795   820 E         : iawared check failed: uid is 0, the original uid is:10159
12-10 19:36:06.229   795   820 E         : iawared check failed: uid is 0, the original uid is:10012
12-10 19:36:06.229   795   820 E         : iawared check failed: uid is 0, the original uid is:99016
12-10 19:36:06.230   795   820 E         : iawared check failed: uid is 0, the original uid is:10095
12-10 19:36:06.230   795   820 E         : iawared check failed: uid is 0, the original uid is:10141
12-10 19:36:06.230   795   820 E         : iawared check failed: uid is 0, the original uid is:10159
12-10 19:36:06.230   795   820 E         : iawared check failed: uid is 0, the original uid is:10147
12-10 19:36:06.231   795   820 E         : iawared check failed: uid is 0, the original uid is:10159
12-10 19:36:06.232   795   820 E         : iawared check failed: uid is 0, the original uid is:10123
12-10 19:36:06.233   795   820 E         : iawared check failed: uid is 0, the original uid is:10156
12-10 19:36:06.233   795   820 E         : iawared check failed: uid is 0, the original uid is:1001
12-10 19:36:06.233   795   820 E         : iawared check failed: uid is 0, the original uid is:10147
12-10 19:36:06.394  9212  9273 E System  : java.lang.Runtime#loadLibrary(String, ClassLoader) is private and will be removed in a future Android release
12-10 19:36:06.548  9212  9273 E System  : java.lang.Runtime#loadLibrary(String, ClassLoader) is private and will be removed in a future Android release
12-10 19:36:06.551  9212  9273 E System  : java.lang.Runtime#loadLibrary(String, ClassLoader) is private and will be removed in a future Android release
12-10 19:36:06.591  9212  9233 E MemoryLeakMonitorManager: MemoryLeakMonitor.jar is not exist!
12-10 19:36:06.699  9212  9409 E System  : java.lang.Runtime#loadLibrary(String, ClassLoader) is private and will be removed in a future Android release
12-10 19:36:06.747  9212  9409 E System  : java.lang.Runtime#load(String, ClassLoader) is private and will be removed in a future Android release
12-10 19:36:06.755  9212  9409 E System  : java.lang.Runtime#loadLibrary(String, ClassLoader) is private and will be removed in a future Android release
12-10 19:36:06.786  9212  9409 E System  : java.lang.Runtime#load(String, ClassLoader) is private and will be removed in a future Android release
12-10 19:36:07.288   795   820 E         : iawared check failed: uid is 0, the original uid is:10159
12-10 19:36:07.289   795   820 E         : iawared check failed: uid is 0, the original uid is:10156
12-10 19:36:07.293   795   820 E         : iawared check failed: uid is 0, the original uid is:10123
12-10 19:36:07.294   795   820 E         : iawared check failed: uid is 0, the original uid is:10156
12-10 19:36:07.296   795   820 E         : iawared check failed: uid is 0, the original uid is:10159
12-10 19:36:07.297   795   820 E         : iawared check failed: uid is 0, the original uid is:10012
12-10 19:36:07.297   795   820 E         : iawared check failed: uid is 0, the original uid is:99016
12-10 19:36:07.298   795   820 E         : iawared check failed: uid is 0, the original uid is:10095
12-10 19:36:07.298   795   820 E         : iawared check failed: uid is 0, the original uid is:10141
12-10 19:36:07.298   795   820 E         : iawared check failed: uid is 0, the original uid is:10159
12-10 19:36:07.299   795   820 E         : iawared check failed: uid is 0, the original uid is:10147
12-10 19:36:07.299   795   820 E         : iawared check failed: uid is 0, the original uid is:10159
12-10 19:36:07.300   795   820 E         : iawared check failed: uid is 0, the original uid is:10123
12-10 19:36:07.301   795   820 E         : iawared check failed: uid is 0, the original uid is:10156
12-10 19:36:07.301   795   820 E         : iawared check failed: uid is 0, the original uid is:1001
12-10 19:36:07.301   795   820 E         : iawared check failed: uid is 0, the original uid is:10147
12-10 19:36:08.416   795   820 E         : iawared check failed: uid is 0, the original uid is:10159
12-10 19:36:08.416   795   820 E         : iawared check failed: uid is 0, the original uid is:10156
12-10 19:36:08.417   795   820 E         : iawared check failed: uid is 0, the original uid is:10123
12-10 19:36:08.418   795   820 E         : iawared check failed: uid is 0, the original uid is:10156
12-10 19:36:08.418   795   820 E         : iawared check failed: uid is 0, the original uid is:10159
12-10 19:36:08.418   795   820 E         : iawared check failed: uid is 0, the original uid is:10012
12-10 19:36:08.418   795   820 E         : iawared check failed: uid is 0, the original uid is:99016
12-10 19:36:08.419   795   820 E         : iawared check failed: uid is 0, the original uid is:10095
12-10 19:36:08.419   795   820 E         : iawared check failed: uid is 0, the original uid is:10141
12-10 19:36:08.419   795   820 E         : iawared check failed: uid is 0, the original uid is:10159
12-10 19:36:08.420   795   820 E         : iawared check failed: uid is 0, the original uid is:10147
12-10 19:36:08.421   795   820 E         : iawared check failed: uid is 0, the original uid is:10159
12-10 19:36:08.421   795   820 E         : iawared check failed: uid is 0, the original uid is:10123
12-10 19:36:08.422   795   820 E         : iawared check failed: uid is 0, the original uid is:10156
12-10 19:36:08.423   795   820 E         : iawared check failed: uid is 0, the original uid is:1001
12-10 19:36:08.423   795   820 E         : iawared check failed: uid is 0, the original uid is:10147
12-10 19:36:08.872   665   665 E WifiHAL : enter wifi_get_link_stats
12-10 19:36:08.872  1209  1660 E WificondControl: Noise: 0, Snr: -1, Chload: -1
12-10 19:36:09.165   790   790 E Thermal-daemon: [rfboard] temp_new :29  temp_old :28
12-10 19:36:09.166   790   790 E Thermal-daemon: Report temperature: [rfboard] temp :29  report_threshold:1
12-10 19:36:09.167   790   790 E Thermal-daemon: [pa_0] temp_new :31  temp_old :30
12-10 19:36:09.168   790   790 E Thermal-daemon: Report temperature: [pa_0] temp :31  report_threshold:1
12-10 19:36:10.609  1209  1660 E WificondControl: Noise: 0, Snr: -1, Chload: -1
12-10 19:36:10.763  1813  1813 E HwKeyguardUpdateMonitor: isSimPinSecure mSimDatas is null or empty 
12-10 19:36:10.763  1813  1813 E HwKeyguardUpdateMonitor: isSimPinSecure mSimDatas is null or empty 
12-10 19:36:10.763  1813  1813 E HwKeyguardUpdateMonitor: isSimPinSecure mSimDatas is null or empty 
12-10 19:36:10.767  1813  1813 E HwKeyguardUpdateMonitor: isSimPinSecure mSimDatas is null or empty 
12-10 19:36:10.768  1813  1813 E HwKeyguardUpdateMonitor: isSimPinSecure mSimDatas is null or empty 
12-10 19:36:10.969   795   820 E         : iawared check failed: uid is 0, the original uid is:10159
12-10 19:36:10.970   795   820 E         : iawared check failed: uid is 0, the original uid is:10156
12-10 19:36:10.972   795   820 E         : iawared check failed: uid is 0, the original uid is:10123
12-10 19:36:10.973   795   820 E         : iawared check failed: uid is 0, the original uid is:10156
12-10 19:36:10.973   795   820 E         : iawared check failed: uid is 0, the original uid is:10159
12-10 19:36:10.973   795   820 E         : iawared check failed: uid is 0, the original uid is:10012
12-10 19:36:10.974   795   820 E         : iawared check failed: uid is 0, the original uid is:99016
12-10 19:36:10.974   795   820 E         : iawared check failed: uid is 0, the original uid is:10095
12-10 19:36:10.975   795   820 E         : iawared check failed: uid is 0, the original uid is:10141
12-10 19:36:10.975   795   820 E         : iawared check failed: uid is 0, the original uid is:10159
12-10 19:36:10.976   795   820 E         : iawared check failed: uid is 0, the original uid is:10147
12-10 19:36:10.978   795   820 E         : iawared check failed: uid is 0, the original uid is:10159
12-10 19:36:10.979   795   820 E         : iawared check failed: uid is 0, the original uid is:10123
12-10 19:36:10.980   795   820 E         : iawared check failed: uid is 0, the original uid is:10156
12-10 19:36:10.981   795   820 E         : iawared check failed: uid is 0, the original uid is:1001
12-10 19:36:10.981   795   820 E         : iawared check failed: uid is 0, the original uid is:10147
12-10 19:36:11.268  1813  1813 E HwKeyguardUpdateMonitor: isSimPinSecure mSimDatas is null or empty 
12-10 19:36:11.269  1813  1813 E HwKeyguardUpdateMonitor: isSimPinSecure mSimDatas is null or empty 
12-10 19:36:11.270  1813  1813 E HwKeyguardUpdateMonitor: isSimPinSecure mSimDatas is null or empty 
12-10 19:36:11.271  1813  1813 E HwKeyguardUpdateMonitor: isSimPinSecure mSimDatas is null or empty 
12-10 19:36:11.653   795   820 E         : iawared check failed: uid is 0, the original uid is:10159
12-10 19:36:11.654   795   820 E         : iawared check failed: uid is 0, the original uid is:10156
12-10 19:36:11.656   795   820 E         : iawared check failed: uid is 0, the original uid is:10123
12-10 19:36:11.656   795   820 E         : iawared check failed: uid is 0, the original uid is:10156
12-10 19:36:11.657   795   820 E         : iawared check failed: uid is 0, the original uid is:10159
12-10 19:36:11.657   795   820 E         : iawared check failed: uid is 0, the original uid is:10012
12-10 19:36:11.658   795   820 E         : iawared check failed: uid is 0, the original uid is:99016
12-10 19:36:11.658   795   820 E         : iawared check failed: uid is 0, the original uid is:10095
12-10 19:36:11.658   795   820 E         : iawared check failed: uid is 0, the original uid is:10141
12-10 19:36:11.659   795   820 E         : iawared check failed: uid is 0, the original uid is:10159
12-10 19:36:11.659   795   820 E         : iawared check failed: uid is 0, the original uid is:10147
12-10 19:36:11.661   795   820 E         : iawared check failed: uid is 0, the original uid is:10159
12-10 19:36:11.661   795   820 E         : iawared check failed: uid is 0, the original uid is:10123
12-10 19:36:11.662   795   820 E         : iawared check failed: uid is 0, the original uid is:10156
12-10 19:36:11.663   795   820 E         : iawared check failed: uid is 0, the original uid is:1001
12-10 19:36:11.663   795   820 E         : iawared check failed: uid is 0, the original uid is:10147
12-10 19:36:11.875   665   665 E WifiHAL : enter wifi_get_link_stats
12-10 19:36:11.877  1209  1660 E WificondControl: Noise: -89, Snr: 127, Chload: 12
12-10 19:36:12.698  1209  1597 E WindowManager: win=Window{392a57 u0 GestureNavAnim} destroySurfaces: appStopped=true win.mWindowRemovalAllowed=false win.mRemoveOnExit=false
12-10 19:36:13.861  1209  1661 E HwNcChrServiceImpl: Run the of call hwNcChrService1101
12-10 19:36:13.861  1209  1661 E HwNcChrServiceImpl: Run the of call hwNcChrService1121
12-10 19:36:13.862  2038  2209 E HwCHRWifiRSSIGroupSummery: updatArpSummery mRSSI:0  HwCHRWifiRSSIGroup [rssi_index=4, rtt_tcp_packets=0, rtt_tcp_duration=0, rtt_lan_duration=2749, rtt_lan_failures=0, rtt_lan_succ=174, rtt_lan_max=261, rtt_lan_min=2,same_area_frequency=0,adjacent_area_frequency=0]
12-10 19:36:14.056  3803  3803 E com.tencent.mm: Invalid ID 0xff000001.
12-10 19:36:14.056  3803  3803 E com.tencent.mm: Invalid ID 0xff000002.
12-10 19:36:14.056  3803  3803 E com.tencent.mm: Invalid ID 0xff000003.
12-10 19:36:14.056  3803  3803 E com.tencent.mm: Invalid ID 0xff000004.
12-10 19:36:14.083  1910 12492 E HsmCoreServiceImpl: onTransact in code is: 103
12-10 19:36:14.088   669  2114 E BufferQueueProducer: [] mConsumerName == NULL!!!!!!
12-10 19:36:14.116  2102  2243 E HwLauncher: SettingsEx , no such field.
12-10 19:36:14.118   795   820 E         : iawared check failed: uid is 0, the original uid is:10159
12-10 19:36:14.119   795   820 E         : iawared check failed: uid is 0, the original uid is:10156
12-10 19:36:14.120   795   820 E         : iawared check failed: uid is 0, the original uid is:10123
12-10 19:36:14.120   795   820 E         : iawared check failed: uid is 0, the original uid is:10156
12-10 19:36:14.121   795   820 E         : iawared check failed: uid is 0, the original uid is:10159
12-10 19:36:14.121   795   820 E         : iawared check failed: uid is 0, the original uid is:10012
12-10 19:36:14.121   795   820 E         : iawared check failed: uid is 0, the original uid is:99016
12-10 19:36:14.122  1910 12492 E HsmCoreServiceImpl: onTransact in code is: 103
12-10 19:36:14.122   795   820 E         : iawared check failed: uid is 0, the original uid is:10095
12-10 19:36:14.123   795   820 E         : iawared check failed: uid is 0, the original uid is:10141
12-10 19:36:14.123   795   820 E         : iawared check failed: uid is 0, the original uid is:10159
12-10 19:36:14.123   795   820 E         : iawared check failed: uid is 0, the original uid is:10147
12-10 19:36:14.125   795   820 E         : iawared check failed: uid is 0, the original uid is:10159
12-10 19:36:14.125   795   820 E         : iawared check failed: uid is 0, the original uid is:10123
12-10 19:36:14.128   795   820 E         : iawared check failed: uid is 0, the original uid is:10156
12-10 19:36:14.128   795   820 E         : iawared check failed: uid is 0, the original uid is:1001
12-10 19:36:14.128   795   820 E         : iawared check failed: uid is 0, the original uid is:10147
12-10 19:36:14.129   669  2114 E BufferQueueProducer: [] mConsumerName == NULL!!!!!!
12-10 19:36:14.146   803  1021 E JankService: logCaptureFilter: not the beta version or delimitation frozen, no need to capture log
12-10 19:36:14.146   803  1021 E JankService: ### JankSchedHwRead error!
12-10 19:36:14.147   803  1021 E JankService: update dlm info failed
12-10 19:36:14.159   803  1021 E JankService: specialActionEntryHandler: should reset and not report
12-10 19:36:14.159   803  1021 E JankService: specialActionEntryHandler: should reset and not report
12-10 19:36:14.169   790   790 E Thermal-daemon: [shell_frame] temp_new :32  temp_old :31
12-10 19:36:14.169   790   790 E Thermal-daemon: Report temperature: [shell_frame] temp :32  report_threshold:1
12-10 19:36:14.171   790   790 E Thermal-daemon: [battery] temp_new :29  temp_old :30
12-10 19:36:14.171   790   790 E Thermal-daemon: Report temperature: [battery] temp :29  report_threshold:1
12-10 19:36:14.197  2226  2367 E HSM_Install_BG: NormalTrafficAnalysis:alert byte = 0, so return
12-10 19:36:14.244  2102  2285 E ndroid.launche: Invalid ID 0x00000000.
12-10 19:36:14.244  2102  2285 E IconLoader: Could not find badgeDrawable from resourceResource ID #0x0
12-10 19:36:14.325  1209  1209 E PowerManagerService: Exception when search wack lock :java.lang.IllegalArgumentException: Wake lock not active: android.os.Binder@c16598b from uid 1000
12-10 19:36:14.593  1209  1743 E SurfaceView: surfacePositionLost_uiRtSync  mSurfaceControl = null
12-10 19:36:14.606  1209  1597 E WindowManager: win=Window{57025cf u0 GestureNavLeft} destroySurfaces: appStopped=true win.mWindowRemovalAllowed=false win.mRemoveOnExit=false
12-10 19:36:14.608  2071  3022 E AwareLog: SPKSchedFeature: Uid has been sent, ignore.
12-10 19:36:14.646  2071  2375 E powergenie_jni: FUNC: setHisiCABCInner() LINE: 60  open /dev/pri_lcd error: No such file or directory
12-10 19:36:14.646  2071  2375 E DisplayControl: Fail! set cabc mode: 1
12-10 19:36:14.650   765   939 E emcomd  : [EmcomXengine     ] EventCallback# AsEventCallback enEvent:1
12-10 19:36:14.650  1910  2471 E EmcomManagerService: Unknown message what for EmcomHandler. the message is 21
12-10 19:36:14.689  1209  1743 E SurfaceView: surfacePositionLost_uiRtSync  mSurfaceControl = null
12-10 19:36:14.698  1209  1597 E WindowManager: win=Window{34d148 u0 GestureNavRight} destroySurfaces: appStopped=true win.mWindowRemovalAllowed=false win.mRemoveOnExit=false
12-10 19:36:14.701  1209  1725 E HiData_HwArbitrationStateMachine: resetPingPong in wifi monitor
12-10 19:36:14.709  1209  7939 E WindowManager: win=Window{a0f1d26 u0 com.tencent.mm/com.tencent.mm.ui.LauncherUI} destroySurfaces: appStopped=true win.mWindowRemovalAllowed=false win.mRemoveOnExit=false
12-10 19:36:14.756  1910  1926 E HsmCoreServiceImpl: onTransact in code is: 103
12-10 19:36:14.760  2102  3015 E ndroid.launche: Invalid ID 0x00000000.
12-10 19:36:14.760  2102  3015 E IconLoader: Could not find badgeDrawable from resourceResource ID #0x0
12-10 19:36:14.881   665   665 E WifiHAL : enter wifi_get_link_stats
12-10 19:36:14.882  1209  1660 E WificondControl: Noise: 0, Snr: -1, Chload: -1
12-10 19:36:15.164   647  4386 E DE H =ACET: repeat:465: getACE() return 3
12-10 19:36:16.155  1209  7939 E HwActivityManagerServiceEx: invalid ActivityRecord, error.
12-10 19:36:16.155  1209  7939 E HwActivityManagerServiceEx: parse activity info error.
12-10 19:36:16.156  1209  7939 E HwActivityManagerServiceEx: invalid ActivityRecord, error.
12-10 19:36:16.156  1209  7939 E HwActivityManagerServiceEx: parse activity info error.
12-10 19:36:16.170  1209  1225 E HwActivityManagerServiceEx: invalid ActivityRecord, error.
12-10 19:36:16.170  1209  1225 E HwActivityManagerServiceEx: parse activity info error.
12-10 19:36:16.170   803  1021 E JankService: specialActionEntryHandler: should reset and not report
12-10 19:36:16.170   803  1021 E JankService: specialActionEntryHandler: should reset and not report
12-10 19:36:16.171  2071  2375 E powergenie_jni: FUNC: setHisiCABCInner() LINE: 60  open /dev/pri_lcd error: No such file or directory
12-10 19:36:16.171  2071  2375 E DisplayControl: Fail! set cabc mode: 1
12-10 19:36:16.182   795   820 E         : iawared check failed: uid is 0, the original uid is:10159
12-10 19:36:16.182   795   820 E         : iawared check failed: uid is 0, the original uid is:10156
12-10 19:36:16.183   795   820 E         : iawared check failed: uid is 0, the original uid is:10123
12-10 19:36:16.184   795   820 E         : iawared check failed: uid is 0, the original uid is:10156
12-10 19:36:16.184   795   820 E         : iawared check failed: uid is 0, the original uid is:10146
12-10 19:36:16.184   795   820 E         : iawared check failed: uid is 0, the original uid is:10159
12-10 19:36:16.185   795   820 E         : iawared check failed: uid is 0, the original uid is:10012
12-10 19:36:16.185   795   820 E         : iawared check failed: uid is 0, the original uid is:99016
12-10 19:36:16.185   795   820 E         : iawared check failed: uid is 0, the original uid is:10146
12-10 19:36:16.185   795   820 E         : iawared check failed: uid is 0, the original uid is:10095
12-10 19:36:16.186   795   820 E         : iawared check failed: uid is 0, the original uid is:10146
12-10 19:36:16.186   795   820 E         : iawared check failed: uid is 0, the original uid is:10141
12-10 19:36:16.186   795   820 E         : iawared check failed: uid is 0, the original uid is:10159
12-10 19:36:16.186   795   820 E         : iawared check failed: uid is 0, the original uid is:10147
12-10 19:36:16.187   795   820 E         : iawared check failed: uid is 0, the original uid is:10159
12-10 19:36:16.188   795   820 E         : iawared check failed: uid is 0, the original uid is:10123
12-10 19:36:16.189   795   820 E         : iawared check failed: uid is 0, the original uid is:10156
12-10 19:36:16.189   795   820 E         : iawared check failed: uid is 0, the original uid is:1001
12-10 19:36:16.190   795   820 E         : iawared check failed: uid is 0, the original uid is:10146
12-10 19:36:16.191   795   820 E         : iawared check failed: uid is 0, the original uid is:10146
12-10 19:36:16.191   795   820 E         : iawared check failed: uid is 0, the original uid is:10147
12-10 19:36:16.193  2071  3022 E AwareLog: SPKSchedFeature: Uid has been sent, ignore.
12-10 19:36:16.230   669  1639 E BufferQueueProducer: [] mConsumerName == NULL!!!!!!
12-10 19:36:16.303  1910  1926 E HsmCoreServiceImpl: onTransact in code is: 103
12-10 19:36:16.543  1209  8271 E WindowManager: win=Window{da8776c u0 com.huawei.intelligent.Workspace} destroySurfaces: appStopped=true win.mWindowRemovalAllowed=false win.mRemoveOnExit=false
12-10 19:36:16.543  1209  8271 E WindowManager: win=Window{9a615d8 u0 com.huawei.android.launcher/com.huawei.android.launcher.unihome.UniHomeLauncher} destroySurfaces: appStopped=true win.mWindowRemovalAllowed=false win.mRemoveOnExit=false
12-10 19:36:16.554  2226  2367 E HSM_Install_BG: NormalTrafficAnalysis:alert byte = 0, so return
12-10 19:36:16.850  1813  1813 E ndroid.systemu: Invalid ID 0x00000000.
12-10 19:36:16.851  1813  1813 E HwNotchUtils: setIconForView iconId is not found
12-10 19:36:16.851  1813  1813 E ndroid.systemu: Invalid ID 0x00000000.
12-10 19:36:16.851  1813  1813 E HwNotchUtils: setIconForView iconId is not found
12-10 19:36:16.851  1813  1813 E ndroid.systemu: Invalid ID 0x00000000.
12-10 19:36:16.851  1813  1813 E HwNotchUtils: setIconForView iconId is not found
12-10 19:36:17.510  1209  7939 E HwActivityManagerServiceEx: invalid ActivityRecord, error.
12-10 19:36:17.510  1209  7939 E HwActivityManagerServiceEx: parse activity info error.
12-10 19:36:17.551  1209  8271 E UserRestrictionsUtils: Unknown restriction: null
12-10 19:36:17.556 11421 11421 E ActivityThread: Failed to find provider info for com.huawei.wildkids
12-10 19:36:17.564  2038  4038 E OPCollectLog: HwForegroundAppAction:duplicate pkgName.
12-10 19:36:17.586   669  1173 E BufferQueueProducer: [] mConsumerName == NULL!!!!!!
12-10 19:36:17.615  1910 12493 E HsmCoreServiceImpl: onTransact in code is: 103
12-10 19:36:17.701  8966  9610 E multisource: HCDN_LOG: [2018-12-10 19:36:17.701][T:9610]UpdateMaxSpeed TOTAL => play speed:0[len:0, tm:0], offline speed:0[len:0, tm:0], predeploy speed:0[len:0, tm:0], m_maxDownloadSpeed:0
12-10 19:36:17.702  8773  9083 E multisource: HCDN_LOG: [2018-12-10 19:36:17.702][T:9083]UpdateMaxSpeed TOTAL => play speed:0[len:0, tm:0], offline speed:0[len:0, tm:0], predeploy speed:0[len:0, tm:0], m_maxDownloadSpeed:0
12-10 19:36:17.703  9044  9468 E multisource: HCDN_LOG: [2018-12-10 19:36:17.703][T:9468]UpdateMaxSpeed TOTAL => play speed:0[len:0, tm:0], offline speed:0[len:0, tm:0], predeploy speed:0[len:0, tm:0], m_maxDownloadSpeed:0
12-10 19:36:17.844  1209  1234 E HwActivityManagerServiceEx: invalid ActivityRecord, error.
12-10 19:36:17.844  1209  1234 E HwActivityManagerServiceEx: parse activity info error.
12-10 19:36:17.871  1209  7939 E WindowManager: win=Window{f0ef3a3 u0 com.android.settings/com.android.settings.HWSettings} destroySurfaces: appStopped=true win.mWindowRemovalAllowed=false win.mRemoveOnExit=false
12-10 19:36:17.887   665   665 E WifiHAL : enter wifi_get_link_stats
12-10 19:36:17.888  1209  1660 E WificondControl: Noise: -89, Snr: 127, Chload: 10
12-10 19:36:18.615  1209  1660 E WificondControl: Noise: 0, Snr: -1, Chload: -1
12-10 19:36:18.897  1209  2022 E HwActivityManagerServiceEx: invalid ActivityRecord, error.
12-10 19:36:18.897  1209  2022 E HwActivityManagerServiceEx: parse activity info error.
12-10 19:36:18.919  1209  2022 E UserRestrictionsUtils: Unknown restriction: null
12-10 19:36:18.923   795   820 E         : iawared check failed: uid is 0, the original uid is:10159
12-10 19:36:18.923   795   820 E         : iawared check failed: uid is 0, the original uid is:10156
12-10 19:36:18.925   795   820 E         : iawared check failed: uid is 0, the original uid is:10123
12-10 19:36:18.925   795   820 E         : iawared check failed: uid is 0, the original uid is:10156
12-10 19:36:18.926   795   820 E         : iawared check failed: uid is 0, the original uid is:10146
12-10 19:36:18.926   795   820 E         : iawared check failed: uid is 0, the original uid is:10159
12-10 19:36:18.926   795   820 E         : iawared check failed: uid is 0, the original uid is:10012
12-10 19:36:18.927   795   820 E         : iawared check failed: uid is 0, the original uid is:99016
12-10 19:36:18.927   795   820 E         : iawared check failed: uid is 0, the original uid is:10146
12-10 19:36:18.927   795   820 E         : iawared check failed: uid is 0, the original uid is:10095
12-10 19:36:18.927   795   820 E         : iawared check failed: uid is 0, the original uid is:10146
12-10 19:36:18.928   795   820 E         : iawared check failed: uid is 0, the original uid is:10141
12-10 19:36:18.928   795   820 E         : iawared check failed: uid is 0, the original uid is:10159
12-10 19:36:18.928   795   820 E         : iawared check failed: uid is 0, the original uid is:10147
12-10 19:36:18.929   795   820 E         : iawared check failed: uid is 0, the original uid is:10159
12-10 19:36:18.929   795   820 E         : iawared check failed: uid is 0, the original uid is:10123
12-10 19:36:18.930   795   820 E         : iawared check failed: uid is 0, the original uid is:10156
12-10 19:36:18.930   795   820 E         : iawared check failed: uid is 0, the original uid is:1001
12-10 19:36:18.930   795   820 E         : iawared check failed: uid is 0, the original uid is:10146
12-10 19:36:18.931   795   820 E         : iawared check failed: uid is 0, the original uid is:10146
12-10 19:36:18.932   795   820 E         : iawared check failed: uid is 0, the original uid is:10147
12-10 19:36:18.969  2038  4038 E OPCollectLog: HwForegroundAppAction:duplicate pkgName.
12-10 19:36:19.002  1910 12493 E HsmCoreServiceImpl: onTransact in code is: 103
12-10 19:36:19.175   790   790 E Thermal-daemon: [shell_frame] temp_new :31  temp_old :32
12-10 19:36:19.175   790   790 E Thermal-daemon: Report temperature: [shell_frame] temp :31  report_threshold:1
12-10 19:36:19.344  1209  1234 E HwActivityManagerServiceEx: invalid ActivityRecord, error.
12-10 19:36:19.344  1209  1234 E HwActivityManagerServiceEx: parse activity info error.
12-10 19:36:19.380  1209  1227 E WindowManager: win=Window{402f06d u0 com.android.settings/com.android.settings.Settings$HwSystemDashboardActivity} destroySurfaces: appStopped=true win.mWindowRemovalAllowed=false win.mRemoveOnExit=false
12-10 19:36:19.852  1813  1813 E ndroid.systemu: Invalid ID 0x00000000.
12-10 19:36:19.852  1813  1813 E HwNotchUtils: setIconForView iconId is not found
12-10 19:36:19.852  1813  1813 E ndroid.systemu: Invalid ID 0x00000000.
12-10 19:36:19.852  1813  1813 E HwNotchUtils: setIconForView iconId is not found
12-10 19:36:19.852  1813  1813 E ndroid.systemu: Invalid ID 0x00000000.
12-10 19:36:19.853  1813  1813 E HwNotchUtils: setIconForView iconId is not found
12-10 19:36:20.893   665   665 E WifiHAL : enter wifi_get_link_stats
12-10 19:36:20.895  1209  1660 E WificondControl: Noise: -89, Snr: 77, Chload: 10
12-10 19:36:22.856  1813  1813 E ndroid.systemu: Invalid ID 0x00000000.
12-10 19:36:22.857  1813  1813 E HwNotchUtils: setIconForView iconId is not found
12-10 19:36:22.857  1813  1813 E ndroid.systemu: Invalid ID 0x00000000.
12-10 19:36:22.857  1813  1813 E HwNotchUtils: setIconForView iconId is not found
12-10 19:36:22.857  1813  1813 E ndroid.systemu: Invalid ID 0x00000000.
12-10 19:36:22.858  1813  1813 E HwNotchUtils: setIconForView iconId is not found
12-10 19:36:23.899   665   665 E WifiHAL : enter wifi_get_link_stats
12-10 19:36:23.910  1209  1660 E WificondControl: Noise: -89, Snr: 127, Chload: 10
12-10 19:36:24.181   790   790 E Thermal-daemon: [battery] temp_new :30  temp_old :29
12-10 19:36:24.182   790   790 E Thermal-daemon: Report temperature: [battery] temp :30  report_threshold:1
12-10 19:36:26.631  1209  1660 E WificondControl: Noise: -89, Snr: 127, Chload: 10
12-10 19:36:26.913   665   665 E WifiHAL : enter wifi_get_link_stats
12-10 19:36:26.914  1209  1660 E WificondControl: Noise: 0, Snr: -1, Chload: -1
12-10 19:36:28.287 11421 11421 E ndroid.setting: Invalid ID 0x00000000.
12-10 19:36:28.288 11421 11421 E ndroid.setting: Invalid ID 0x00000000.
12-10 19:36:28.288 11421 11421 E ndroid.setting: Invalid ID 0x00000000.
12-10 19:36:28.288 11421 11421 E ndroid.setting: Invalid ID 0x00000000.
12-10 19:36:28.288 11421 11421 E ndroid.setting: Invalid ID 0x00000000.
12-10 19:36:28.289 11421 11421 E ndroid.setting: Invalid ID 0x00000000.
12-10 19:36:28.304  1910 12493 E HsmCoreServiceImpl: onTransact in code is: 103
12-10 19:36:28.326   669  1639 E BufferQueueProducer: [] mConsumerName == NULL!!!!!!
12-10 19:36:28.338   795   820 E         : iawared check failed: uid is 0, the original uid is:10159
12-10 19:36:28.339   795   820 E         : iawared check failed: uid is 0, the original uid is:10156
12-10 19:36:28.339  2102  2243 E HwLauncher: SettingsEx , no such field.
12-10 19:36:28.340   795   820 E         : iawared check failed: uid is 0, the original uid is:10123
12-10 19:36:28.341   795   820 E         : iawared check failed: uid is 0, the original uid is:10156
12-10 19:36:28.341   795   820 E         : iawared check failed: uid is 0, the original uid is:10146
12-10 19:36:28.342   795   820 E         : iawared check failed: uid is 0, the original uid is:10159
12-10 19:36:28.343   795   820 E         : iawared check failed: uid is 0, the original uid is:10012
12-10 19:36:28.343   795   820 E         : iawared check failed: uid is 0, the original uid is:99016
12-10 19:36:28.343   795   820 E         : iawared check failed: uid is 0, the original uid is:10146
12-10 19:36:28.344   795   820 E         : iawared check failed: uid is 0, the original uid is:10095
12-10 19:36:28.344   795   820 E         : iawared check failed: uid is 0, the original uid is:10146
12-10 19:36:28.344   795   820 E         : iawared check failed: uid is 0, the original uid is:10141
12-10 19:36:28.344   669  2114 E BufferQueueProducer: [] mConsumerName == NULL!!!!!!
12-10 19:36:28.345   795   820 E         : iawared check failed: uid is 0, the original uid is:10159
12-10 19:36:28.345   795   820 E         : iawared check failed: uid is 0, the original uid is:10147
12-10 19:36:28.346  1910 12493 E HsmCoreServiceImpl: onTransact in code is: 103
12-10 19:36:28.346   795   820 E         : iawared check failed: uid is 0, the original uid is:10159
12-10 19:36:28.346   795   820 E         : iawared check failed: uid is 0, the original uid is:10123
12-10 19:36:28.347   795   820 E         : iawared check failed: uid is 0, the original uid is:10156
12-10 19:36:28.348   795   820 E         : iawared check failed: uid is 0, the original uid is:1001
12-10 19:36:28.348   795   820 E         : iawared check failed: uid is 0, the original uid is:10146
12-10 19:36:28.349   795   820 E         : iawared check failed: uid is 0, the original uid is:10146
12-10 19:36:28.349   795   820 E         : iawared check failed: uid is 0, the original uid is:10147
12-10 19:36:28.374   803  1021 E JankService: specialActionEntryHandler: should reset and not report
12-10 19:36:28.374   803  1021 E JankService: specialActionEntryHandler: should reset and not report
12-10 19:36:28.427  2226  2367 E HSM_Install_BG: NormalTrafficAnalysis:alert byte = 0, so return
12-10 19:36:28.752  2071  3022 E AwareLog: SPKSchedFeature: Uid has been sent, ignore.
12-10 19:36:28.763  1209  1597 E WindowManager: win=Window{57025cf u0 GestureNavLeft} destroySurfaces: appStopped=true win.mWindowRemovalAllowed=false win.mRemoveOnExit=false
12-10 19:36:28.772  2071  2375 E powergenie_jni: FUNC: setHisiCABCInner() LINE: 60  open /dev/pri_lcd error: No such file or directory
12-10 19:36:28.772  2071  2375 E DisplayControl: Fail! set cabc mode: 1
12-10 19:36:28.779  1209  1597 E WindowManager: win=Window{34d148 u0 GestureNavRight} destroySurfaces: appStopped=true win.mWindowRemovalAllowed=false win.mRemoveOnExit=false
12-10 19:36:28.795  1209  1234 E HwActivityManagerServiceEx: invalid ActivityRecord, error.
12-10 19:36:28.795  1209  1234 E HwActivityManagerServiceEx: parse activity info error.
