12-10 19:36:28.832  1209  1227 E WindowManager: win=Window{f33d78b u0 com.android.settings/com.android.settings.Settings$DevelopmentSettingsActivity} destroySurfaces: appStopped=true win.mWindowRemovalAllowed=false win.mRemoveOnExit=false
12-10 19:36:28.892  1910  9502 E HsmCoreServiceImpl: onTransact in code is: 103
12-10 19:36:29.492  1209  1227 E PackageHelper: ApplicationInfo is not found in function getExistingAppInfo
12-10 19:36:29.920   665   665 E WifiHAL : enter wifi_get_link_stats
12-10 19:36:29.923  1209  1660 E WificondControl: Noise: -89, Snr: 127, Chload: 10
12-10 19:36:31.709   803  1021 E JankService: specialActionEntryHandler: should reset and not report
12-10 19:36:31.713  2071  3022 E AwareLog: SPKSchedFeature: Uid has been sent, ignore.
12-10 19:36:31.725  2071  2375 E powergenie_jni: FUNC: setHisiCABCInner() LINE: 60  open /dev/pri_lcd error: No such file or directory
12-10 19:36:31.725  2071  2375 E DisplayControl: Fail! set cabc mode: 1
12-10 19:36:31.733   795   820 E         : iawared check failed: uid is 0, the original uid is:10159
12-10 19:36:31.733   795   820 E         : iawared check failed: uid is 0, the original uid is:10156
12-10 19:36:31.734   795   820 E         : iawared check failed: uid is 0, the original uid is:10123
12-10 19:36:31.734   795   820 E         : iawared check failed: uid is 0, the original uid is:10156
12-10 19:36:31.735   795   820 E         : iawared check failed: uid is 0, the original uid is:10146
12-10 19:36:31.735   795   820 E         : iawared check failed: uid is 0, the original uid is:10159
12-10 19:36:31.736   795   820 E         : iawared check failed: uid is 0, the original uid is:10012
12-10 19:36:31.736   795   820 E         : iawared check failed: uid is 0, the original uid is:99016
12-10 19:36:31.736   795   820 E         : iawared check failed: uid is 0, the original uid is:10146
12-10 19:36:31.736   795   820 E         : iawared check failed: uid is 0, the original uid is:10095
12-10 19:36:31.736   795   820 E         : iawared check failed: uid is 0, the original uid is:10146
12-10 19:36:31.737   795   820 E         : iawared check failed: uid is 0, the original uid is:10141
12-10 19:36:31.737   795   820 E         : iawared check failed: uid is 0, the original uid is:10159
12-10 19:36:31.737   795   820 E         : iawared check failed: uid is 0, the original uid is:10147
12-10 19:36:31.737   795   820 E         : iawared check failed: uid is 0, the original uid is:10159
12-10 19:36:31.738   795   820 E         : iawared check failed: uid is 0, the original uid is:10123
12-10 19:36:31.738   795   820 E         : iawared check failed: uid is 0, the original uid is:10156
12-10 19:36:31.739   795   820 E         : iawared check failed: uid is 0, the original uid is:1001
12-10 19:36:31.739   795   820 E         : iawared check failed: uid is 0, the original uid is:10146
12-10 19:36:31.740   795   820 E         : iawared check failed: uid is 0, the original uid is:10146
12-10 19:36:31.740   795   820 E         : iawared check failed: uid is 0, the original uid is:10147
12-10 19:36:31.765  8493  8493 E PackageInstaller: PackageUtil:can not find resources:android.content.res.Resources$NotFoundException: Resource ID #0x7f060054
12-10 19:36:31.786  2038  4038 E OPCollectLog: HwForegroundAppAction:duplicate pkgName.
12-10 19:36:31.795   669   839 E BufferQueueProducer: [] mConsumerName == NULL!!!!!!
12-10 19:36:31.797   669   839 E BufferQueueProducer: [] mConsumerName == NULL!!!!!!
12-10 19:36:31.797   669   839 E BufferQueueProducer: [] mConsumerName == NULL!!!!!!
12-10 19:36:31.813   669  2114 E BufferQueueProducer: [] mConsumerName == NULL!!!!!!
12-10 19:36:31.862  1910  9502 E HsmCoreServiceImpl: onTransact in code is: 103
12-10 19:36:32.180  2226  2367 E HSM_Install_BG: NormalTrafficAnalysis:alert byte = 0, so return
12-10 19:36:32.181  1209  2884 E WindowManager: win=Window{da8776c u0 com.huawei.intelligent.Workspace} destroySurfaces: appStopped=true win.mWindowRemovalAllowed=false win.mRemoveOnExit=false
12-10 19:36:32.181  1209  2884 E WindowManager: win=Window{9a615d8 u0 com.huawei.android.launcher/com.huawei.android.launcher.unihome.UniHomeLauncher} destroySurfaces: appStopped=true win.mWindowRemovalAllowed=false win.mRemoveOnExit=false
12-10 19:36:32.867  1813  1813 E ndroid.systemu: Invalid ID 0x00000000.
12-10 19:36:32.867  1813  1813 E HwNotchUtils: setIconForView iconId is not found
12-10 19:36:32.867  1813  1813 E ndroid.systemu: Invalid ID 0x00000000.
12-10 19:36:32.867  1813  1813 E HwNotchUtils: setIconForView iconId is not found
12-10 19:36:32.867  1813  1813 E ndroid.systemu: Invalid ID 0x00000000.
12-10 19:36:32.867  1813  1813 E HwNotchUtils: setIconForView iconId is not found
12-10 19:36:32.928   665   665 E WifiHAL : enter wifi_get_link_stats
12-10 19:36:32.937  1209  1660 E WificondControl: Noise: -89, Snr: 127, Chload: 10
12-10 19:36:33.484  8493  9655 E HwSignedInfo: getUnInstalledHwSignedApkDigest [com.ljfth.ecgviewlib] occurs Exception:No APK Signature Scheme v2 block in APK Signing Block
12-10 19:36:33.655  1209  1455 E WindowManager: win=Window{5b372d1 u0 com.android.packageinstaller/com.android.packageinstaller.PackageInstallerActivity EXITING} destroySurfaces: appStopped=false win.mWindowRemovalAllowed=true win.mRemoveOnExit=true
12-10 19:36:34.192   790   790 E Thermal-daemon: [charger1] temp_new :32  temp_old :31
12-10 19:36:34.193   790   790 E Thermal-daemon: Report temperature: [charger1] temp :32  report_threshold:1
12-10 19:36:34.631  1209  1660 E WificondControl: Noise: -89, Snr: 74, Chload: 6
12-10 19:36:35.939   665   665 E WifiHAL : enter wifi_get_link_stats
12-10 19:36:35.940  1209  1660 E WificondControl: Noise: -89, Snr: 76, Chload: 6
12-10 19:36:36.872  1813  1813 E ndroid.systemu: Invalid ID 0x00000000.
12-10 19:36:36.872  1813  1813 E HwNotchUtils: setIconForView iconId is not found
12-10 19:36:36.872  1813  1813 E ndroid.systemu: Invalid ID 0x00000000.
12-10 19:36:36.872  1813  1813 E HwNotchUtils: setIconForView iconId is not found
12-10 19:36:36.872  1813  1813 E ndroid.systemu: Invalid ID 0x00000000.
12-10 19:36:36.872  1813  1813 E HwNotchUtils: setIconForView iconId is not found
12-10 19:36:37.573  1209  1888 E ProcessInfoCollector: getProcessInfo: failed to find this proc 
12-10 19:36:37.580  9687  9687 E i.parentcontro: Not starting debugger since process cannot load the jdwp agent.
12-10 19:36:37.652  9687  9701 E MemoryLeakMonitorManager: MemoryLeakMonitor.jar is not exist!
12-10 19:36:37.701   795   820 E         : iawared check failed: uid is 0, the original uid is:10159
12-10 19:36:37.701   795   820 E         : iawared check failed: uid is 0, the original uid is:10156
12-10 19:36:37.703   795   820 E         : iawared check failed: uid is 0, the original uid is:10123
12-10 19:36:37.703   795   820 E         : iawared check failed: uid is 0, the original uid is:10156
12-10 19:36:37.704   795   820 E         : iawared check failed: uid is 0, the original uid is:10146
12-10 19:36:37.705   795   820 E         : iawared check failed: uid is 0, the original uid is:10159
12-10 19:36:37.705   795   820 E         : iawared check failed: uid is 0, the original uid is:99016
12-10 19:36:37.705   795   820 E         : iawared check failed: uid is 0, the original uid is:10146
12-10 19:36:37.705   795   820 E         : iawared check failed: uid is 0, the original uid is:10095
12-10 19:36:37.705   795   820 E         : iawared check failed: uid is 0, the original uid is:10146
12-10 19:36:37.706   795   820 E         : iawared check failed: uid is 0, the original uid is:10141
12-10 19:36:37.706   795   820 E         : iawared check failed: uid is 0, the original uid is:10159
12-10 19:36:37.706   795   820 E         : iawared check failed: uid is 0, the original uid is:10147
12-10 19:36:37.707   795   820 E         : iawared check failed: uid is 0, the original uid is:10159
12-10 19:36:37.707   795   820 E         : iawared check failed: uid is 0, the original uid is:10123
12-10 19:36:37.708   795   820 E         : iawared check failed: uid is 0, the original uid is:10156
12-10 19:36:37.709   795   820 E         : iawared check failed: uid is 0, the original uid is:1001
12-10 19:36:37.709   795   820 E         : iawared check failed: uid is 0, the original uid is:10146
12-10 19:36:37.710   795   820 E         : iawared check failed: uid is 0, the original uid is:10146
12-10 19:36:37.710   795   820 E         : iawared check failed: uid is 0, the original uid is:10147
12-10 19:36:37.715  1209  4269 E ReportTools: This is not beta user build
12-10 19:36:37.742  2071  3022 E AwareLog: SPKSchedFeature: Uid has been sent, ignore.
12-10 19:36:37.749  8493  8493 E PackageInstaller: PackageUtil:can not find resources:android.content.res.Resources$NotFoundException: Resource ID #0x7f060054
12-10 19:36:37.760  2038 16762 E OPCollectLog: HwForegroundAppAction:duplicate pkgName.
12-10 19:36:37.769   669  1639 E BufferQueueProducer: [] mConsumerName == NULL!!!!!!
12-10 19:36:37.831  8516  8530 E PackageHelper: ApplicationInfo is not found in function resolveInstallLocation
12-10 19:36:37.832  1910 12492 E HsmCoreServiceImpl: onTransact in code is: 103
12-10 19:36:37.888  1209  1267 E SecurityProfileService: Not found Exception No APK Signature Scheme v2 block in APK Signing Block
12-10 19:36:37.904  1209  1455 E WindowManager: win=Window{3270893 u0 Splash Screen com.android.packageinstaller EXITING} destroySurfaces: appStopped=false win.mWindowRemovalAllowed=true win.mRemoveOnExit=true
12-10 19:36:38.012   779  8943 E         : Couldn't opendir /data/app/vmdl155722055.tmp: No such file or directory
12-10 19:36:38.012   779  8943 E installd: Failed to delete /data/app/vmdl155722055.tmp: No such file or directory
12-10 19:36:38.019  2226  2226 E HSM_Install_BG: HandleInstalledPackageInfoService:second action: pkgData is null
12-10 19:36:38.030  3655  3655 E NfcNci  : NfcUtils error: APP do not have nfc permission
12-10 19:36:38.030  3655  3655 E NfcNci  : NfcUtils error: APP do not have nfc permission
12-10 19:36:38.033  3655  3655 E NfcNci  : NfcUtils error: APP do not have nfc permission
12-10 19:36:38.034  3655  3655 E NfcNci  : NfcUtils error: APP do not have nfc permission
12-10 19:36:38.036  4952  6905 E HiBoard_Utils: getShortCutsInLaunch enter
12-10 19:36:38.102  2226  2226 E HSM_Install_BG: AppCleanUpService:msg is 0
12-10 19:36:38.123  2038 16762 E OPCollectLog: HwForegroundAppAction:duplicate pkgName.
12-10 19:36:38.151   531   531 E teec_app_load: realpath open file erro(No such file or directory), path=/vendor/bin/07070707-0707-0707-0707-070707070707.sec
12-10 19:36:38.160   531   531 E teec_app_load: realpath open file erro(No such file or directory), path=/vendor/bin/07070707-0707-0707-0707-070707070707.sec
12-10 19:36:38.172   531   531 E teec_app_load: realpath open file erro(No such file or directory), path=/vendor/bin/07070707-0707-0707-0707-070707070707.sec
12-10 19:36:38.187   531   531 E teec_app_load: realpath open file erro(No such file or directory), path=/vendor/bin/07070707-0707-0707-0707-070707070707.sec
12-10 19:36:38.199   531   531 E teec_app_load: realpath open file erro(No such file or directory), path=/vendor/bin/07070707-0707-0707-0707-070707070707.sec
12-10 19:36:38.207  1209  1209 E SecurityProfileService: Not found Exception No APK Signature Scheme v2 block in APK Signing Block
12-10 19:36:38.209   531   531 E teec_app_load: realpath open file erro(No such file or directory), path=/vendor/bin/07070707-0707-0707-0707-070707070707.sec
12-10 19:36:38.215   531   531 E teec_app_load: realpath open file erro(No such file or directory), path=/vendor/bin/07070707-0707-0707-0707-070707070707.sec
12-10 19:36:38.224   531   531 E teec_app_load: realpath open file erro(No such file or directory), path=/vendor/bin/07070707-0707-0707-0707-070707070707.sec
12-10 19:36:38.224   663   663 E TS_Service: hwTsSetAftAlgoOrientation
12-10 19:36:38.225  1209  1888 E ProcessInfoCollector: getProcessInfo: failed to find this proc 
12-10 19:36:38.246   531   531 E teec_app_load: realpath open file erro(No such file or directory), path=/vendor/bin/07070707-0707-0707-0707-070707070707.sec
12-10 19:36:38.255 29128  2537 E HttpRequest: user domainname to request
12-10 19:36:38.262   531   531 E teec_app_load: realpath open file erro(No such file or directory), path=/vendor/bin/07070707-0707-0707-0707-070707070707.sec
12-10 19:36:38.294  6889  6889 E HiSearch9.0.2.302: [LauncherOverlayService]: IllegalArgumentException, mWorkspace have not attachView=com.huawei.search.ui.views.Workspace{20c5c96 VFE...C.. ......I. 0,0-0,0} not attached to window manager
12-10 19:36:38.313   643 13593 E dsp_soc : unsupported dolby_volume: volume_1
12-10 19:36:38.355  2071  2375 E powergenie_jni: FUNC: setHisiCABCInner() LINE: 60  open /dev/pri_lcd error: No such file or directory
12-10 19:36:38.355  2071  2375 E DisplayControl: Fail! set cabc mode: 1
12-10 19:36:38.357  2038  2282 E BDLog   : BD.FilterImpl:com.android.mms 2220 is illLegal
12-10 19:36:38.427  1209 10075 E WindowManager: win=Window{2faa443 u0 com.android.packageinstaller/com.android.packageinstaller.InstallSuccess} destroySurfaces: appStopped=true win.mWindowRemovalAllowed=false win.mRemoveOnExit=false
12-10 19:36:38.432  1910  1926 E HsmCoreServiceImpl: onTransact in code is: 103
12-10 19:36:38.452  2102  2102 E HwLauncher: PowerSaveLauncherModel onPackageAdded:  not inPowerSaveLauncher 
12-10 19:36:38.453  2102  2102 E HwLauncher: StreetModeLauncherModel onPackageAdded:  not inStreetModeLauncher 
12-10 19:36:38.510  9749  9771 E MemoryLeakMonitorManager: MemoryLeakMonitor.jar is not exist!
12-10 19:36:38.542  1813  1813 E ndroid.systemu: No package ID ff found for ID 0xffffffff.
12-10 19:36:38.544  4082  4082 E [HwRecSys]PackageRecevier: pkg is not hiboard or intelligent
12-10 19:36:38.576  9749  9791 E AwareLog: AtomicFileUtils: readFileLines file not exist: android.util.AtomicFile@6a02be5
12-10 19:36:38.582  1813  1813 E HwKeyguardUpdateMonitor: isSimPinSecure mSimDatas is null or empty 
12-10 19:36:38.582  1813  1813 E HwKeyguardUpdateMonitor: isSimPinSecure mSimDatas is null or empty 
12-10 19:36:38.584  1813  1813 E ndroid.systemu: No package ID ff found for ID 0xffffffff.
12-10 19:36:38.635  9749  9810 E DeamonProcess: run functoin is running ...  
12-10 19:36:38.715   531   531 E teec_app_load: realpath open file erro(No such file or directory), path=/vendor/bin/07070707-0707-0707-0707-070707070707.sec
12-10 19:36:38.720   531   531 E teec_app_load: realpath open file erro(No such file or directory), path=/vendor/bin/07070707-0707-0707-0707-070707070707.sec
12-10 19:36:38.722  8591  8664 E HSM_Install_UI: XmlParsers:xmlRootElement IllegalArgumentException:InputStream parameter can't be null
12-10 19:36:38.727   531   531 E teec_app_load: realpath open file erro(No such file or directory), path=/vendor/bin/07070707-0707-0707-0707-070707070707.sec
12-10 19:36:38.736   531   531 E teec_app_load: realpath open file erro(No such file or directory), path=/vendor/bin/07070707-0707-0707-0707-070707070707.sec
12-10 19:36:38.737  8591  8664 E HSM_Install_UI: AutoStartupXmlUtils:xmlRootElement parse failed
12-10 19:36:38.742  1209 10075 E PowerManagerService: updateWakeLockWorkSourceInternal: lock=64280635 [not found], ws=null
12-10 19:36:38.745   531   531 E teec_app_load: realpath open file erro(No such file or directory), path=/vendor/bin/07070707-0707-0707-0707-070707070707.sec
12-10 19:36:38.755   531   531 E teec_app_load: realpath open file erro(No such file or directory), path=/vendor/bin/07070707-0707-0707-0707-070707070707.sec
12-10 19:36:38.762  2226  2226 E HSM_Install_BG: AppCleanUpService:msg is 0
12-10 19:36:38.764   531   531 E teec_app_load: realpath open file erro(No such file or directory), path=/vendor/bin/07070707-0707-0707-0707-070707070707.sec
12-10 19:36:38.773   531   531 E teec_app_load: realpath open file erro(No such file or directory), path=/vendor/bin/07070707-0707-0707-0707-070707070707.sec
12-10 19:36:38.780   531   531 E teec_app_load: realpath open file erro(No such file or directory), path=/vendor/bin/07070707-0707-0707-0707-070707070707.sec
12-10 19:36:38.787   531   531 E teec_app_load: realpath open file erro(No such file or directory), path=/vendor/bin/07070707-0707-0707-0707-070707070707.sec
12-10 19:36:38.793   531   531 E teec_app_load: realpath open file erro(No such file or directory), path=/vendor/bin/07070707-0707-0707-0707-070707070707.sec
12-10 19:36:38.799   531   531 E teec_app_load: realpath open file erro(No such file or directory), path=/vendor/bin/07070707-0707-0707-0707-070707070707.sec
12-10 19:36:38.808  1209  8358 E PowerManagerService: Exception when search wack lock :java.lang.IllegalArgumentException: Wake lock not active: android.os.BinderProxy@3d4d83b from uid 10014
12-10 19:36:38.808   531   531 E teec_app_load: realpath open file erro(No such file or directory), path=/vendor/bin/07070707-0707-0707-0707-070707070707.sec
12-10 19:36:38.816   531   531 E teec_app_load: realpath open file erro(No such file or directory), path=/vendor/bin/07070707-0707-0707-0707-070707070707.sec
12-10 19:36:38.944   665   665 E WifiHAL : enter wifi_get_link_stats
12-10 19:36:38.946  1209  1660 E WificondControl: Noise: -89, Snr: 66, Chload: 17
12-10 19:36:38.966  8591  9804 E HSM_SEC_UI: InstallPermissionHelper:error getRecommendItemList Exception
12-10 19:36:39.018  9749  9749 E test    : onCreate
12-10 19:36:39.030  9749  9749 E test    : onStart
12-10 19:36:39.033  9749  9749 E test    : onResume
12-10 19:36:39.098   669   839 E BufferQueueProducer: [] mConsumerName == NULL!!!!!!
12-10 19:36:39.104   669   839 E BufferQueueProducer: [] mConsumerName == NULL!!!!!!
12-10 19:36:39.110   669   839 E BufferQueueProducer: [] mConsumerName == NULL!!!!!!
12-10 19:36:39.122  9749  9842 E DrawTimer: DrawTimer Timer 280
12-10 19:36:39.124  9749  9749 E DrawSize: SpO2  Width : 1815,Heigh : 295,Rect is Rect(0, 0 - 450, 295)
12-10 19:36:39.130  9749  9749 E DrawSize: ECG  Width : 1815,Heigh : 280,Rect is Rect(0, 0 - 450, 280)
12-10 19:36:39.174  8591  9845 E LoaderUtil: load /data/app/com.huawei.systemmanager-TWpaDnwq7lBcBhdg6qLRDw==/lib/arm64/lib360avm-2.1.0.3030.so
12-10 19:36:39.234  9749  9749 E TimerFlag: TimerLoop 9
12-10 19:36:39.269  8966  8966 E IUUBrodcastReciever: IUUBrodcastReciever
12-10 19:36:39.269  8966  8966 E IUUBrodcastReciever: installInfo
12-10 19:36:39.388  8966  8966 E IUUBrodcastReciever:  00---->IUUInfo [applicationPackageName=com.ljfth.ecgviewlib, applicationName=ECG, applicationVersionCode=1.51, actionType=0, actionHappenTime=1544441799269]
12-10 19:36:39.615  8966  2626 E IUUBrodcastReciever: IUUIUUInfo [applicationPackageName=com.ljfth.ecgviewlib, applicationName=ECG, applicationVersionCode=1.51, actionType=0, actionHappenTime=1544441799269]---,count =1
12-10 19:36:39.617  8966  2626 E IUUBrodcastReciever: IUU
12-10 19:36:40.136  8591  9671 E System  :  ******** DEPRECATED FUNCTIONALITY ********
12-10 19:36:40.136  8591  9671 E System  :  * The implementation of the CertificateFactory.X.509 algorithm from
12-10 19:36:40.136  8591  9671 E System  :  * the BC provider is deprecated in this version of Android.
12-10 19:36:40.136  8591  9671 E System  :  * It will be removed in a future version of Android and your
12-10 19:36:40.136  8591  9671 E System  :  * application will no longer be able to request it.  Please see
12-10 19:36:40.136  8591  9671 E System  :  * https://android-developers.googleblog.com/2018/03/cryptography-changes-in-android-p.html
12-10 19:36:40.136  8591  9671 E System  :  * for more details.
12-10 19:36:40.212  8591  9671 E System  :  ******** DEPRECATED FUNCTIONALITY ********
12-10 19:36:40.212  8591  9671 E System  :  * The implementation of the CertificateFactory.X.509 algorithm from
12-10 19:36:40.212  8591  9671 E System  :  * the BC provider is deprecated in this version of Android.
12-10 19:36:40.212  8591  9671 E System  :  * It will be removed in a future version of Android and your
12-10 19:36:40.212  8591  9671 E System  :  * application will no longer be able to request it.  Please see
12-10 19:36:40.212  8591  9671 E System  :  * https://android-developers.googleblog.com/2018/03/cryptography-changes-in-android-p.html
12-10 19:36:40.212  8591  9671 E System  :  * for more details.
12-10 19:36:40.605  8591  9814 E HSM_SEC_UI: VirusPkgParser:parse InputStream is null
12-10 19:36:40.782  8591  8690 E HSM_SEC_UI: PermissionAppsController:notifyThePermissionAppsLoaded permissionType = 1024
12-10 19:36:40.868  8591  8690 E HSM_SEC_UI: PermissionAppsController:notifyThePermissionAppsLoaded permissionType = 128
12-10 19:36:40.871  8591  8690 E HSM_SEC_UI: PermissionAppsController:notifyThePermissionAppsLoaded permissionType = 134217728
12-10 19:36:40.972  8591  8690 E HSM_SEC_UI: PermissionAppsController:notifyThePermissionAppsLoaded permissionType = 8
12-10 19:36:41.087  8591  8690 E HSM_SEC_UI: PermissionAppsController:notifyThePermissionAppsLoaded permissionType = 256
12-10 19:36:41.087  8591  8690 E HSM_SEC_UI: SingleHwPermissionApps:loadPermissionAppList permission type is 1000000000000000000000000 size = 30
12-10 19:36:41.088  8591  8690 E HSM_SEC_UI: SingleHwPermissionApps:isApkOpAllow op is empty, or aom is null!
12-10 19:36:41.098  8591  8690 E HSM_SEC_UI: SingleHwPermissionApps:isApkOpAllow op is empty, or aom is null!
12-10 19:36:41.098  8591  8690 E HSM_SEC_UI: PermissionAppsController:notifyThePermissionAppsLoaded permissionType = 16777216
12-10 19:36:41.098  8591  8690 E HSM_SEC_UI: SingleHwPermissionApps:loadPermissionAppList permission type is 10000000000000 size = 8
12-10 19:36:41.099  8591  8690 E HSM_SEC_UI: SingleHwPermissionApps:isApkOpAllow op is empty, or aom is null!
12-10 19:36:41.103  8591  8690 E HSM_SEC_UI: SingleHwPermissionApps:isApkOpAllow op is empty, or aom is null!
12-10 19:36:41.103  8591  8690 E HSM_SEC_UI: PermissionAppsController:notifyThePermissionAppsLoaded permissionType = 8192
12-10 19:36:41.103  8591  8690 E HSM_SEC_UI: SingleHwPermissionApps:loadPermissionAppList permission type is 100000000000000000000000000000000 size = 35
12-10 19:36:41.121  8591  8690 E HSM_SEC_UI: PermissionAppsController:notifyThePermissionAppsLoaded permissionType = 4294967296
12-10 19:36:41.122  8591  8690 E HSM_SEC_UI: SingleHwPermissionApps:loadPermissionAppList permission type is 100000000000000000000 size = 24
12-10 19:36:41.122  8591  8690 E HSM_SEC_UI: SingleHwPermissionApps:isApkOpAllow op is empty, or aom is null!
12-10 19:36:41.122  8591  8690 E HSM_SEC_UI: SingleHwPermissionApps:isApkOpAllow op is empty, or aom is null!
12-10 19:36:41.129  8591  8690 E HSM_SEC_UI: SingleHwPermissionApps:isApkOpAllow op is empty, or aom is null!
12-10 19:36:41.145  8591  8690 E HSM_SEC_UI: SingleHwPermissionApps:isApkOpAllow op is empty, or aom is null!
12-10 19:36:41.145  8591  8690 E HSM_SEC_UI: PermissionAppsController:notifyThePermissionAppsLoaded permissionType = 1048576
12-10 19:36:41.158  8591  8690 E HSM_SEC_UI: PermissionAppsController:notifyThePermissionAppsLoaded permissionType = 4096
12-10 19:36:41.249  8591  8690 E HSM_SEC_UI: PermissionAppsController:notifyThePermissionAppsLoaded permissionType = 1
12-10 19:36:41.301  8591  8690 E HSM_SEC_UI: PermissionAppsController:notifyThePermissionAppsLoaded permissionType = 4
12-10 19:36:41.310  8591  8690 E HSM_SEC_UI: PermissionAppsController:notifyThePermissionAppsLoaded permissionType = 2
12-10 19:36:41.346  8591  8690 E HSM_SEC_UI: PermissionAppsController:notifyThePermissionAppsLoaded permissionType = 2048
12-10 19:36:41.377  8591  8690 E HSM_SEC_UI: PermissionAppsController:notifyThePermissionAppsLoaded permissionType = 268435456
12-10 19:36:41.439  8591  8690 E HSM_SEC_UI: PermissionAppsController:notifyThePermissionAppsLoaded permissionType = 16
12-10 19:36:41.458  8591  8690 E HSM_SEC_UI: PermissionAppsController:notifyThePermissionAppsLoaded permissionType = 16384
12-10 19:36:41.463  8591  8690 E HSM_SEC_UI: PermissionAppsController:notifyThePermissionAppsLoaded permissionType = 32768
12-10 19:36:41.500  8591  8690 E HSM_SEC_UI: PermissionAppsController:notifyThePermissionAppsLoaded permissionType = 64
12-10 19:36:41.512  8591  8690 E HSM_SEC_UI: PermissionAppsController:notifyThePermissionAppsLoaded permissionType = 32
12-10 19:36:41.952   665   665 E WifiHAL : enter wifi_get_link_stats
12-10 19:36:41.962  1209  1660 E WificondControl: Noise: -89, Snr: 127, Chload: 2
12-10 19:36:42.628  2038  2266 E ncdft_HwDubaiBufferedLogClient: receive buffered log T, magic=0
12-10 19:36:42.628  2038  2266 E ncdft_HwDubaiBufferedLogClient: receive buffered log, time=1544441802625
12-10 19:36:42.628  2038  2266 E         : NcChipChr write_WifiChr_reason, errorcode:909009519
12-10 19:36:42.628  2038  2266 E         : NcChipChr chr_open_dev(): open succ 
12-10 19:36:42.629  2038  2266 E         : write_WifiChr_reason, ret=0
12-10 19:36:42.630  2038  2265 E         : NcChipChr chr_read_error(): len=56 
12-10 19:36:42.630  2038  2265 E         : NcChipChr ChipReportInfo :909009519, 48 , 0 
12-10 19:36:42.630  2038  2265 E         : NcChipChr, changeDataToObj(): error: 909009519 
12-10 19:36:42.630  2038  2265 E         : chr_createWifiChrObj, errorno:909009519
12-10 19:36:42.638  1209  1660 E WificondControl: Noise: 0, Snr: -1, Chload: -1
12-10 19:36:42.640  2038  2265 E HwChrExceptionListener: getDevFileResult mdwprs:rate:[0, 0, 581, 3585, 24277, 208486, 0] power:[202292, 30327, 2544, 617, 1149]
12-10 19:36:42.941  2038  2265 E         : NcChipChr chr_read_error(): in 
12-10 19:36:42.941  2038  2265 E         : NcChipChr chr_open_dev(): open succ 
12-10 19:36:43.772  2071  2203 E AppAct  : no any pkgs for wakeup apps.
12-10 19:36:44.129  2038  2266 E         : NcChipChr write_WifiChr_reason, errorcode:909009520
12-10 19:36:44.129  2038  2266 E         : NcChipChr chr_open_dev(): open succ 
12-10 19:36:44.134  2038  2266 E         : write_WifiChr_reason, ret=0
12-10 19:36:44.137  2038  2265 E         : NcChipChr chr_read_error(): len=40 
12-10 19:36:44.137  2038  2265 E         : NcChipChr ChipReportInfo :909009520, 32 , 0 
12-10 19:36:44.138  2038  2265 E         : NcChipChr, changeDataToObj(): error: 909009520 
12-10 19:36:44.138  2038  2265 E         : chr_createWifiChrObj, errorno:909009520
12-10 19:36:44.138  2038  2265 E HwChrExceptionListener: getDevFileResult mdwwti:WorkTimeH:0 WorkTimeL:3109900 LightSleepTimeH:0 LightSleepTimeL:537244 DeepSleepTimeH:0 DeepSleepTimeL:21537352 WfiTimeH:0 WfiTimeL:1411422
12-10 19:36:44.209   790   790 E Thermal-daemon: [ap] temp_new :33  temp_old :32
12-10 19:36:44.210   790   790 E Thermal-daemon: Report temperature: [ap] temp :33  report_threshold:1
12-10 19:36:44.292   795   820 E         : iawared check failed: uid is 0, the original uid is:10159
12-10 19:36:44.292   795   820 E         : iawared check failed: uid is 0, the original uid is:10156
12-10 19:36:44.293   795   820 E         : iawared check failed: uid is 0, the original uid is:10123
12-10 19:36:44.294   795   820 E         : iawared check failed: uid is 0, the original uid is:10156
12-10 19:36:44.295   795   820 E         : iawared check failed: uid is 0, the original uid is:10146
12-10 19:36:44.295   795   820 E         : iawared check failed: uid is 0, the original uid is:10159
12-10 19:36:44.295   795   820 E         : iawared check failed: uid is 0, the original uid is:10012
12-10 19:36:44.296   795   820 E         : iawared check failed: uid is 0, the original uid is:99016
12-10 19:36:44.296   795   820 E         : iawared check failed: uid is 0, the original uid is:10146
12-10 19:36:44.296   795   820 E         : iawared check failed: uid is 0, the original uid is:10095
12-10 19:36:44.296   795   820 E         : iawared check failed: uid is 0, the original uid is:10146
12-10 19:36:44.297   795   820 E         : iawared check failed: uid is 0, the original uid is:10141
12-10 19:36:44.297   795   820 E         : iawared check failed: uid is 0, the original uid is:10159
12-10 19:36:44.297   795   820 E         : iawared check failed: uid is 0, the original uid is:10147
12-10 19:36:44.298   795   820 E         : iawared check failed: uid is 0, the original uid is:10159
12-10 19:36:44.299   795   820 E         : iawared check failed: uid is 0, the original uid is:10123
12-10 19:36:44.300   795   820 E         : iawared check failed: uid is 0, the original uid is:10156
12-10 19:36:44.300   795   820 E         : iawared check failed: uid is 0, the original uid is:1001
12-10 19:36:44.300   795   820 E         : iawared check failed: uid is 0, the original uid is:10146
12-10 19:36:44.301   795   820 E         : iawared check failed: uid is 0, the original uid is:10146
12-10 19:36:44.301   795   820 E         : iawared check failed: uid is 0, the original uid is:10147
12-10 19:36:44.315  1910  1926 E HsmCoreServiceImpl: onTransact in code is: 103
12-10 19:36:44.349  2102  2243 E HwLauncher: SettingsEx , no such field.
12-10 19:36:44.358  1910  1926 E HsmCoreServiceImpl: onTransact in code is: 103
12-10 19:36:44.366   669   835 E BufferQueueProducer: [] mConsumerName == NULL!!!!!!
12-10 19:36:44.417   803  1021 E JankService: specialActionEntryHandler: should reset and not report
12-10 19:36:44.417   803  1021 E JankService: specialActionEntryHandler: should reset and not report
12-10 19:36:44.439  2038  2265 E         : NcChipChr chr_read_error(): in 
12-10 19:36:44.439  2038  2265 E         : NcChipChr chr_open_dev(): open succ 
12-10 19:36:44.548  1209  2022 E WindowManager: win=Window{9a615d8 u0 com.huawei.android.launcher/com.huawei.android.launcher.unihome.UniHomeLauncher} destroySurfaces: appStopped=true win.mWindowRemovalAllowed=false win.mRemoveOnExit=false
12-10 19:36:44.875   669  1639 E BufferQueueProducer: [] mConsumerName == NULL!!!!!!
12-10 19:36:44.897  1209 10075 E WindowManager: win=Window{da8776c u0 com.huawei.intelligent.Workspace} destroySurfaces: appStopped=true win.mWindowRemovalAllowed=false win.mRemoveOnExit=false
12-10 19:36:44.968   665   665 E WifiHAL : enter wifi_get_link_stats
12-10 19:36:44.977  1209  1660 E WificondControl: Noise: -89, Snr: 127, Chload: 2
12-10 19:36:45.437  1209  1209 E PowerManagerService: Exception when search wack lock :java.lang.IllegalArgumentException: Wake lock not active: android.os.Binder@c16598b from uid 1000
12-10 19:36:45.625   776  1476 E dubaid  : [BalanceControl.cpp] roundTimeout# id: 0, voting: 8192, timerId: 95, reason: 9, request: 1544441802625
