12-10 19:33:08.979  8966  9610 E qtp_http_client: HCDN_LOG: [2018-12-10 19:33:08.979][T:9610][func:SetState],[line:739],QTP State changed: QS_UNINIT =========> VP_START (requestId: 42280024)
12-10 19:33:08.979  8966  9610 E qtp_http_client: HCDN_LOG: [2018-12-10 19:33:08.979][T:9610][func:AddRequestedHttpInfo],[line:1822],Start to AddRequestedHttpInfo(requestId: 42280024)
12-10 19:33:08.979  8966  9610 E qtp_http_client: HCDN_LOG: [2018-12-10 19:33:08.979][T:9610][func:SetState],[line:739],QTP State changed: VP_START =========> VP_WAITFOR_CURLDNS_RESP (requestId: 42280024)
12-10 19:33:08.979  8966  9610 E qtp_http_client: HCDN_LOG: [2018-12-10 19:33:08.979][T:9610][func:AddRequestedHttpInfo],[line:2035],Finished AddRequestedHttpInfo(requestId: 42280024)
12-10 19:33:08.979  8966  9610 E MSPolicy: HCDN_LOG: [2018-12-10 19:33:08.979][T:9610]UpdateMSPolicy,142 m_updateSpan:3600000, requestUrl:http://policy.video.iqiyi.com/policy.mssconfig.android.mobile.json
12-10 19:33:08.979  8966  9594 E qtp_http_client: HCDN_LOG: [2018-12-10 19:33:08.979][T:9594][func:GetCloudResolveMode],[line:1106],didn't get resolve cloud mode, or get wrong value0
12-10 19:33:08.979  8966  9594 E qtp_http_client: HCDN_LOG: [2018-12-10 19:33:08.979][T:9594][func:SetState],[line:739],QTP State changed: VP_WAITFOR_CURLDNS_RESP =========> VP_WAITFOR_HTTP_RESP (requestId: 42280024)
12-10 19:33:08.980  8966  9594 E qtp_http_client: HCDN_LOG: [2018-12-10 19:33:08.980][T:9594][func:AddToMultiHandle],[line:696],AddToMultiHandle: requestId: 42280024, taskid(0), moduleId(0), connectTimeout(3000), readTimeout(6000), offset(0), length(-1) , CURL(0xc01033c0) , m_mapRun(1), m_mapReqId2EasyHandle(1)
12-10 19:33:09.052  8773  9059 E qtp_http_client: HCDN_LOG: [2018-12-10 19:33:09.052][T:9059][func:ProcessQtpStateWhenHttpDone],[line:557],Check QTP state, requestId: 43910144, flags are isHijacked:0, isDataCallbacked:0, isHttpSockWorkable:0, isUproxyWorkable:0, isRange:0, isRangeLowSpeed:0
12-10 19:33:09.052  8773  9059 E qtp_http_client: HCDN_LOG: [2018-12-10 19:33:09.052][T:9059][func:SetState],[line:739],QTP State changed: VP_WAITFOR_HTTP_RESP =========> QS_SUCCESS (requestId: 43910144)
12-10 19:33:09.053  8966  9594 E qtp_http_client: HCDN_LOG: [2018-12-10 19:33:09.053][T:9594][func:ProcessQtpStateWhenHttpDone],[line:557],Check QTP state, requestId: 42280024, flags are isHijacked:0, isDataCallbacked:0, isHttpSockWorkable:0, isUproxyWorkable:0, isRange:0, isRangeLowSpeed:0
12-10 19:33:09.053  8966  9594 E qtp_http_client: HCDN_LOG: [2018-12-10 19:33:09.053][T:9594][func:SetState],[line:739],QTP State changed: VP_WAITFOR_HTTP_RESP =========> QS_SUCCESS (requestId: 42280024)
12-10 19:33:09.053  8773  9059 E qtp_http_client: HCDN_LOG: [2018-12-10 19:33:09.053][T:9059][func:CollectHttpStat],[line:1516],Connection info for requestId: 43910144, connection info: (m_primaryIp: 111.202.74.191, m_primaryPort: 80, m_connectIp: 111.202.74.191, m_connectPort: 80, m_localIp: 192.168.1.29, m_localPort: 40566, m_resolveTime: 0.087263, m_connectTime: 0.109685, m_appConnectTime: 0, m_preTransTime: 0, m_startTransTime: 0.117446, m_totalTime: 0.118112, m_avgDownloadSpeed: 0, m_totalDownloadSize: 0, m_avgUploadSpeed: 0, m_totalUploadSize: 0, sslInfo: None)
12-10 19:33:09.053  8966  9594 E qtp_http_client: HCDN_LOG: [2018-12-10 19:33:09.053][T:9594][func:CollectHttpStat],[line:1516],Connection info for requestId: 42280024, connection info: (m_primaryIp: 111.202.74.191, m_primaryPort: 80, m_connectIp: 111.202.74.191, m_connectPort: 80, m_localIp: 192.168.1.29, m_localPort: 40568, m_resolveTime: 0.04272, m_connectTime: 0.064125, m_appConnectTime: 0, m_preTransTime: 0, m_startTransTime: 0.071758, m_totalTime: 0.072517, m_avgDownloadSpeed: 0, m_totalDownloadSize: 0, m_avgUploadSpeed: 0, m_totalUploadSize: 0, sslInfo: None)
12-10 19:33:09.053  8773  9059 E qtp_http_client: HCDN_LOG: [2018-12-10 19:33:09.053][T:9059][func:ExecuteCallback],[line:1356],HTTP time information: requestId: 43910144, reqScheduleTime: 1544441588933, reqBeginTime: 1544441588934, qtpDnsEndTime: 1544441588934, resolveTime: 0.087263, connectTime: 0.109685, startTransTime: 0.117446, startRecvHeaderTime: 1544441589051, startRecvBodyTime: 0, reqEndTime: 1544441589052
12-10 19:33:09.053  8966  9594 E qtp_http_client: HCDN_LOG: [2018-12-10 19:33:09.053][T:9594][func:ExecuteCallback],[line:1356],HTTP time information: requestId: 42280024, reqScheduleTime: 1544441588979, reqBeginTime: 1544441588980, qtpDnsEndTime: 1544441588980, resolveTime: 0.042720, connectTime: 0.064125, startTransTime: 0.071758, startRecvHeaderTime: 1544441589052, startRecvBodyTime: 0, reqEndTime: 1544441589053
12-10 19:33:09.055  8966  9594 E MSPolicy: HCDN_LOG: [2018-12-10 19:33:09.055][T:9594]HcbOnUpdateMSPolicy,204 Get Data from Server is NULL! m_updateSpan:3600000
12-10 19:33:09.055  8966  9594 E qtp_http_client: HCDN_LOG: [2018-12-10 19:33:09.055][T:9594][func:ExecuteCallback],[line:1475],HTTP finished, requestId: 42280024, request URL: http://policy.video.iqiyi.com/policy.mssconfig.android.mobile.json, status: ownErrCode: 0 (MultiCurl HTTP request success), sysErrno: 0, transErrCode: 0, mCurlErrCode: 0, eCurlErrCode: 0, HTTP status code: 304
12-10 19:33:09.056  8773  9059 E MSPolicy: HCDN_LOG: [2018-12-10 19:33:09.056][T:9059]HcbOnUpdateMSPolicy,204 Get Data from Server is NULL! m_updateSpan:3600000
12-10 19:33:09.056  8773  9059 E qtp_http_client: HCDN_LOG: [2018-12-10 19:33:09.056][T:9059][func:ExecuteCallback],[line:1475],HTTP finished, requestId: 43910144, request URL: http://policy.video.iqiyi.com/policy.mssconfig.android.mobile.json, status: ownErrCode: 0 (MultiCurl HTTP request success), sysErrno: 0, transErrCode: 0, mCurlErrCode: 0, eCurlErrCode: 0, HTTP status code: 304
12-10 19:33:09.058  9044  9455 E qtp_http_client: HCDN_LOG: [2018-12-10 19:33:09.058][T:9455][func:ProcessQtpStateWhenHttpDone],[line:557],Check QTP state, requestId: 13350024, flags are isHijacked:0, isDataCallbacked:0, isHttpSockWorkable:0, isUproxyWorkable:0, isRange:0, isRangeLowSpeed:0
12-10 19:33:09.058  9044  9455 E qtp_http_client: HCDN_LOG: [2018-12-10 19:33:09.058][T:9455][func:SetState],[line:739],QTP State changed: VP_WAITFOR_HTTP_RESP =========> QS_SUCCESS (requestId: 13350024)
12-10 19:33:09.059  9044  9455 E qtp_http_client: HCDN_LOG: [2018-12-10 19:33:09.058][T:9455][func:CollectHttpStat],[line:1516],Connection info for requestId: 13350024, connection info: (m_primaryIp: 111.202.74.191, m_primaryPort: 80, m_connectIp: 111.202.74.191, m_connectPort: 80, m_localIp: 192.168.1.29, m_localPort: 40570, m_resolveTime: 0.083287, m_connectTime: 0.104963, m_appConnectTime: 0, m_preTransTime: 0, m_startTransTime: 0.111807, m_totalTime: 0.112176, m_avgDownloadSpeed: 0, m_totalDownloadSize: 0, m_avgUploadSpeed: 0, m_totalUploadSize: 0, sslInfo: None)
12-10 19:33:09.059  9044  9455 E qtp_http_client: HCDN_LOG: [2018-12-10 19:33:09.059][T:9455][func:ExecuteCallback],[line:1356],HTTP time information: requestId: 13350024, reqScheduleTime: 1544441588944, reqBeginTime: 1544441588945, qtpDnsEndTime: 1544441588945, resolveTime: 0.083287, connectTime: 0.104963, startTransTime: 0.111807, startRecvHeaderTime: 1544441589057, startRecvBodyTime: 0, reqEndTime: 1544441589058
12-10 19:33:09.059  9044  9455 E MSPolicy: HCDN_LOG: [2018-12-10 19:33:09.059][T:9455]HcbOnUpdateMSPolicy,204 Get Data from Server is NULL! m_updateSpan:3600000
12-10 19:33:09.059  9044  9455 E qtp_http_client: HCDN_LOG: [2018-12-10 19:33:09.059][T:9455][func:ExecuteCallback],[line:1475],HTTP finished, requestId: 13350024, request URL: http://policy.video.iqiyi.com/policy.mssconfig.android.mobile.json, status: ownErrCode: 0 (MultiCurl HTTP request success), sysErrno: 0, transErrCode: 0, mCurlErrCode: 0, eCurlErrCode: 0, HTTP status code: 304
12-10 19:33:10.757  1209  1661 E HwNcChrServiceImpl: Run the of call hwNcChrService1101
12-10 19:33:10.758  1209  1661 E HwNcChrServiceImpl: Run the of call hwNcChrService1121
12-10 19:33:10.759  2038  2209 E HwCHRWifiRSSIGroupSummery: updatArpSummery mRSSI:0  HwCHRWifiRSSIGroup [rssi_index=4, rtt_tcp_packets=0, rtt_tcp_duration=0, rtt_lan_duration=2721, rtt_lan_failures=0, rtt_lan_succ=171, rtt_lan_max=261, rtt_lan_min=2,same_area_frequency=0,adjacent_area_frequency=0]
12-10 19:33:14.505  1209  1660 E WificondControl: Noise: -89, Snr: 127, Chload: 2
12-10 19:33:15.936  8773  9083 E multisource: HCDN_LOG: [2018-12-10 19:33:15.936][T:9083]UpdateMaxSpeed TOTAL => play speed:0[len:0, tm:0], offline speed:0[len:0, tm:0], predeploy speed:0[len:0, tm:0], m_maxDownloadSpeed:0
12-10 19:33:15.964  9044  9468 E multisource: HCDN_LOG: [2018-12-10 19:33:15.964][T:9468]UpdateMaxSpeed TOTAL => play speed:0[len:0, tm:0], offline speed:0[len:0, tm:0], predeploy speed:0[len:0, tm:0], m_maxDownloadSpeed:0
12-10 19:33:15.982  8966  9610 E multisource: HCDN_LOG: [2018-12-10 19:33:15.982][T:9610]UpdateMaxSpeed TOTAL => play speed:0[len:0, tm:0], offline speed:0[len:0, tm:0], predeploy speed:0[len:0, tm:0], m_maxDownloadSpeed:0
12-10 19:33:22.503  1209  1660 E WificondControl: Noise: -88, Snr: 76, Chload: 2
12-10 19:33:30.515  1209  1660 E WificondControl: Noise: -88, Snr: 127, Chload: 16
12-10 19:33:32.637  1209  1209 E SchedPolicy: add_tid_to_cgroup failed; fd=-1
12-10 19:33:32.652  1209  1209 E SchedPolicy: add_tid_to_cgroup failed; fd=-1
12-10 19:33:38.518  1209  1660 E WificondControl: Noise: -88, Snr: 127, Chload: 7
12-10 19:33:39.491  8773  9059 E qtp_http_client: HCDN_LOG: [2018-12-10 19:33:39.491][T:9059][func:BuildHttpStatInfo],[line:2047],BuildHttpStatInfo...
12-10 19:33:39.492  9044  9447 E qtp_http_client: HCDN_LOG: [2018-12-10 19:33:39.492][T:9447][func:BuildHttpStatInfo],[line:2047],BuildHttpStatInfo...
12-10 19:33:39.500  8966  9594 E qtp_http_client: HCDN_LOG: [2018-12-10 19:33:39.500][T:9594][func:BuildHttpStatInfo],[line:2047],BuildHttpStatInfo...
12-10 19:33:39.512  8773  8953 E qtp_http_client: HCDN_LOG: [2018-12-10 19:33:39.512][T:8953][func:BuildHttpStatInfo],[line:2047],BuildHttpStatInfo...
12-10 19:33:39.553  9044  9455 E qtp_http_client: HCDN_LOG: [2018-12-10 19:33:39.553][T:9455][func:BuildHttpStatInfo],[line:2047],BuildHttpStatInfo...
12-10 19:33:39.553  8966  9584 E qtp_http_client: HCDN_LOG: [2018-12-10 19:33:39.553][T:9584][func:BuildHttpStatInfo],[line:2047],BuildHttpStatInfo...
12-10 19:33:41.937  8773  9083 E cdnetwork_tcpclient: HCDN_LOG: [2018-12-10 19:33:41.936][T:9083]MSS_LOG DoUpdateTask.1178, peak_down_speed:12932096, CDN peak_download_speed_:12629 KBps
12-10 19:33:41.937  8773  9083 E cdnetwork_tcpclient: HCDN_LOG: [2018-12-10 19:33:41.937][T:9083]MSS_LOG DoUpdateTask.1211, peak_down_speed:12932096, CDN peak_download_speed_:12629
12-10 19:33:41.948  9044  9468 E cdnetwork_tcpclient: HCDN_LOG: [2018-12-10 19:33:41.948][T:9468]MSS_LOG DoUpdateTask.1178, peak_down_speed:65536, CDN peak_download_speed_:64 KBps
12-10 19:33:41.948  9044  9468 E cdnetwork_tcpclient: HCDN_LOG: [2018-12-10 19:33:41.948][T:9468]MSS_LOG DoUpdateTask.1211, peak_down_speed:65536, CDN peak_download_speed_:64
12-10 19:33:41.986  8966  9610 E cdnetwork_tcpclient: HCDN_LOG: [2018-12-10 19:33:41.986][T:9610]MSS_LOG DoUpdateTask.1178, peak_down_speed:65536, CDN peak_download_speed_:64 KBps
12-10 19:33:41.986  8966  9610 E cdnetwork_tcpclient: HCDN_LOG: [2018-12-10 19:33:41.986][T:9610]MSS_LOG DoUpdateTask.1211, peak_down_speed:65536, CDN peak_download_speed_:64
12-10 19:33:45.939  8773  9083 E multisource: HCDN_LOG: [2018-12-10 19:33:45.939][T:9083]UpdateMaxSpeed TOTAL => play speed:0[len:0, tm:0], offline speed:0[len:0, tm:0], predeploy speed:0[len:0, tm:0], m_maxDownloadSpeed:0
12-10 19:33:45.969  9044  9468 E multisource: HCDN_LOG: [2018-12-10 19:33:45.969][T:9468]UpdateMaxSpeed TOTAL => play speed:0[len:0, tm:0], offline speed:0[len:0, tm:0], predeploy speed:0[len:0, tm:0], m_maxDownloadSpeed:0
12-10 19:33:45.987  8966  9610 E multisource: HCDN_LOG: [2018-12-10 19:33:45.987][T:9610]UpdateMaxSpeed TOTAL => play speed:0[len:0, tm:0], offline speed:0[len:0, tm:0], predeploy speed:0[len:0, tm:0], m_maxDownloadSpeed:0
12-10 19:33:46.521  1209  1660 E WificondControl: Noise: -88, Snr: 127, Chload: 5
12-10 19:33:48.111   803 11070 E subscribe: deadline_time is 1544441638109
12-10 19:33:48.111   803 11070 E subscribe: wait_time_len is 0
12-10 19:33:48.111   803 11070 E subscribe: special_tag is 2
12-10 19:33:48.137   803 11070 E JankService: JankFrequencyMonitor action return :0
12-10 19:33:48.141   803 11070 E         : get_cfg_dir_list_type: cust_policy_dirs:/system/emui/base:/system/emui/china:/vendor/etc:/odm/etc:/product/etc:/odm/hw_odm/LYA-AL00:/product/region_comm/china:/product/hw_oem/LYA-AL00:/preload/LYA-AL00/all/cn:/cust/global:/cust/hw/cn:/version/cust/all/cn:/product/special_cust/LYA-AL00/all/cn:/version/special_cust/LYA-AL00/all/cn 
12-10 19:33:48.142   803 11070 E         : get_cfg_dir_list_type: cust_policy_dirs:/system/emui/base:/system/emui/china:/vendor/etc:/odm/etc:/product/etc:/odm/hw_odm/LYA-AL00:/product/region_comm/china:/product/hw_oem/LYA-AL00:/preload/LYA-AL00/all/cn:/cust/global:/cust/hw/cn:/version/cust/all/cn:/product/special_cust/LYA-AL00/all/cn:/version/special_cust/LYA-AL00/all/cn 
12-10 19:33:54.529  1209  1660 E WificondControl: Noise: -88, Snr: 127, Chload: 2
12-10 19:33:55.258  1910 13680 E HsmCoreServiceImpl: onTransact in code is: 102
12-10 19:34:00.147   790  2879 E Thermal-daemon: device current too high (472), during charging or current std is invalid. 
12-10 19:34:00.147   790  2879 E Thermal-daemon: latest temp 23379 at 2018/12/10, 11h:34m:0s.
12-10 19:34:02.536  1209  1660 E WificondControl: Noise: -88, Snr: 127, Chload: 23
12-10 19:34:02.703  1813  1813 E DateView: DateView,mCurrentTime: 1544441642703
12-10 19:34:02.727  1813  1813 E ndroid.systemu: No package ID ff found for ID 0xffffffff.
12-10 19:34:02.729  1813  1813 E ndroid.systemu: No package ID ff found for ID 0xffffffff.
12-10 19:34:02.768  1209  8358 E SchedPolicy: add_tid_to_cgroup failed; fd=-1
12-10 19:34:02.779  1209  8358 E SchedPolicy: add_tid_to_cgroup failed; fd=-1
12-10 19:34:10.543  1209  1660 E WificondControl: Noise: -88, Snr: 127, Chload: 17
12-10 19:34:11.802  1209  1661 E HwNcChrServiceImpl: Run the of call hwNcChrService1101
12-10 19:34:11.803  1209  1661 E HwNcChrServiceImpl: Run the of call hwNcChrService1121
12-10 19:34:11.804  2038  2209 E HwCHRWifiRSSIGroupSummery: updatArpSummery mRSSI:0  HwCHRWifiRSSIGroup [rssi_index=4, rtt_tcp_packets=0, rtt_tcp_duration=0, rtt_lan_duration=2723, rtt_lan_failures=0, rtt_lan_succ=172, rtt_lan_max=261, rtt_lan_min=2,same_area_frequency=0,adjacent_area_frequency=0]
12-10 19:34:15.944  8773  9083 E multisource: HCDN_LOG: [2018-12-10 19:34:15.944][T:9083]UpdateMaxSpeed TOTAL => play speed:0[len:0, tm:0], offline speed:0[len:0, tm:0], predeploy speed:0[len:0, tm:0], m_maxDownloadSpeed:0
12-10 19:34:15.977  9044  9468 E multisource: HCDN_LOG: [2018-12-10 19:34:15.977][T:9468]UpdateMaxSpeed TOTAL => play speed:0[len:0, tm:0], offline speed:0[len:0, tm:0], predeploy speed:0[len:0, tm:0], m_maxDownloadSpeed:0
12-10 19:34:15.995  8966  9610 E multisource: HCDN_LOG: [2018-12-10 19:34:15.995][T:9610]UpdateMaxSpeed TOTAL => play speed:0[len:0, tm:0], offline speed:0[len:0, tm:0], predeploy speed:0[len:0, tm:0], m_maxDownloadSpeed:0
12-10 19:34:18.547  1209  1660 E WificondControl: Noise: -87, Snr: 127, Chload: 56
12-10 19:34:26.553  1209  1660 E WificondControl: Noise: -88, Snr: 78, Chload: 22
12-10 19:34:34.554  1209  1660 E WificondControl: Noise: -88, Snr: 127, Chload: 13
12-10 19:34:42.555  1209  1660 E WificondControl: Noise: -88, Snr: 127, Chload: 10
12-10 19:34:42.948  1209  1209 E SchedPolicy: add_tid_to_cgroup failed; fd=-1
12-10 19:34:42.960  1209  1209 E SchedPolicy: add_tid_to_cgroup failed; fd=-1
12-10 19:34:45.948  8773  9083 E multisource: HCDN_LOG: [2018-12-10 19:34:45.948][T:9083]UpdateMaxSpeed TOTAL => play speed:0[len:0, tm:0], offline speed:0[len:0, tm:0], predeploy speed:0[len:0, tm:0], m_maxDownloadSpeed:0
12-10 19:34:45.982  9044  9468 E multisource: HCDN_LOG: [2018-12-10 19:34:45.982][T:9468]UpdateMaxSpeed TOTAL => play speed:0[len:0, tm:0], offline speed:0[len:0, tm:0], predeploy speed:0[len:0, tm:0], m_maxDownloadSpeed:0
12-10 19:34:46.001  8966  9610 E multisource: HCDN_LOG: [2018-12-10 19:34:46.001][T:9610]UpdateMaxSpeed TOTAL => play speed:0[len:0, tm:0], offline speed:0[len:0, tm:0], predeploy speed:0[len:0, tm:0], m_maxDownloadSpeed:0
12-10 19:34:50.556  1209  1660 E WificondControl: Noise: -88, Snr: 127, Chload: 3
12-10 19:34:56.141  1813  2185 E HwKeyguardUpdateMonitor: isSimPinSecure mSimDatas is null or empty 
12-10 19:34:56.145   799  1038 E SensorHub: in batch, handle = 3, flags = 0, period_ns = 200000000, timeout = 0
12-10 19:34:56.148   799  1038 E SensorHub: in batch, handle = 4, flags = 0, period_ns = 200000000, timeout = 0
12-10 19:34:56.150   799  1038 E SensorHub: PS activate 1
12-10 19:34:56.150  1813  1813 E HwKeyguardUpdateMonitor: isSimPinSecure mSimDatas is null or empty 
12-10 19:34:56.150  1209  1250 E IAodManager-JNI: HwAodDevice setDisplayScreenStatus with 6 finish
12-10 19:34:56.150  1813  1813 E HwKeyguardUpdateMonitor: isSimPinSecure mSimDatas is null or empty 
12-10 19:34:56.151  1813  1813 E HwKeyguardUpdateMonitor: isSimPinSecure mSimDatas is null or empty 
12-10 19:34:56.164  1910  1926 E coverxcms: register not support hallType=1
12-10 19:34:56.171  1209  1225 E DisplayEffectMonitor: sendMonitorParam() undefine paramType: userScene
12-10 19:34:56.177   799  1038 E SensorHub: in batch, handle = 7, flags = 0, period_ns = 10000000, timeout = 0
12-10 19:34:56.183   799  1038 E SensorHub: in batch, handle = 0, flags = 0, period_ns = 10000000, timeout = 0
12-10 19:34:56.186   799  1038 E SensorHub: in batch, handle = 5, flags = 0, period_ns = 10000000, timeout = 0
12-10 19:34:56.187   799  1038 E SensorHub: in batch, handle = 26, flags = 0, period_ns = 200000000, timeout = 0
12-10 19:34:56.188   799  1038 E SensorHub: in batch, handle = 2, flags = 0, period_ns = 10000000, timeout = 0
12-10 19:34:56.189  3655  8322 E NfcNci:HwCustNfcService: applyRouting -1.1
12-10 19:34:56.195  1813  1813 E HwKeyguardUpdateMonitor: isSimPinSecure mSimDatas is null or empty 
12-10 19:34:56.195  1813  1813 E HwKeyguardUpdateMonitor: isSimPinSecure mSimDatas is null or empty 
12-10 19:34:56.196   799  1038 E SensorHub: TOF activate 1
12-10 19:34:56.196   799  1038 E SensorHub: in batch, handle = 28, flags = 0, period_ns = 16666667, timeout = 0
12-10 19:34:56.206   799  1038 E SensorHub: in batch, handle = 3, flags = 0, period_ns = 10000000, timeout = 0
12-10 19:34:56.211   799   799 E SensorHub: in batch, handle = 4, flags = 0, period_ns = 20000000, timeout = 0
12-10 19:34:56.214  1813  1813 E HwKeyguardUpdateMonitor: isSimPinSecure mSimDatas is null or empty 
12-10 19:34:56.214  1813  1813 E HwKeyguardUpdateMonitor: isSimPinSecure mSimDatas is null or empty 
12-10 19:34:56.214   799   799 E SensorHub: in batch, handle = 26, flags = 0, period_ns = 200000000, timeout = 0
12-10 19:34:56.214  1813  1813 E HwKeyguardUpdateMonitor: isSimPinSecure mSimDatas is null or empty 
12-10 19:34:56.214  1813  1813 E HwKeyguardUpdateMonitor: isSimPinSecure mSimDatas is null or empty 
12-10 19:34:56.239   665   665 E WifiHAL : enter wifi_get_link_stats
12-10 19:34:56.248  1209  1663 E HwWifiP2pService: Unhandled message when=15685027 what=143466 arg1=0 arg2=0
12-10 19:34:56.249  1209  1660 E WificondControl: Noise: -89, Snr: 127, Chload: 11
12-10 19:34:56.250  2764  8332 E DataSrv-9.0.5.300-O-1126-20:49-Dispatcher: event 1 handler takes too much time: 11
12-10 19:34:56.257  2764  8334 E DataSrv-9.0.5.300-O-1126-20:49-VSimUtils: vsim subId is illegal:-1
12-10 19:34:56.270  1910  2165 E BoosterGameP: inValidCQI:-1
12-10 19:34:56.272   792  2023 E DataTable: metadata(2147483648) capability(2147549184) id(2147484276) set com.huawei.capture.metadata dfFactoryMode failed. (254)
12-10 19:34:56.273  2764  8334 E DataSrv-9.0.5.300-O-1126-20:49-AlertCache: no records in LastExeOrderMcc
12-10 19:34:56.273   792  2023 E HwaUtils: [288a640_64E] str2float(), input or value is NULL
12-10 19:34:56.273   792  2023 E HwaUtils: [288a640_64E] str2float(), input or value is NULL
12-10 19:34:56.274  2764  8334 E DataSrv-9.0.5.300-O-1126-20:49-AutoExePrepare: no records in LastExeOrderMcc
12-10 19:34:56.275  2038  2209 E HwWifiStatStore: updateScreen : true
12-10 19:34:56.276  1209  1738 E hwintelligencewifi: getCurrentCellid type type = PHONE_TYPE_GSM
12-10 19:34:56.276  1209  1738 E hwintelligencewifi: getCurrentCellid type is PHONE_TYPE_GSM
12-10 19:34:56.277   792  2023 E libc    : Access denied finding property "camera.debug.pp.prcamera"
12-10 19:34:56.277  1209  1738 E hwintelligencewifi: getCurrentCellid PHONE_TYPE_GSM cellidString = 460015228821
12-10 19:34:56.277  1209  1738 E hwintelligencewifi: updataApInfo cellid =460015228821
12-10 19:34:56.277  1209  1738 E hwintelligencewifi: addCurrentApInfo cellid =460015228821
12-10 19:34:56.278  1209  1738 E hwintelligencewifi: addCurrentApInfo info is already there
12-10 19:34:56.278  1209  1677 E HwXmlLogParse: mfile is null.
12-10 19:34:56.280  1209  1738 E hwintelligencewifi: inlineAddCurrentApInfo mInfos.size()=20
12-10 19:34:56.284   792  2023 E HISPMsgController: registerListener: It has registerListener Listener already !
12-10 19:34:56.301   765   939 E emcomd  : [HicomdPolicyManager     ] handleScreenOn# screen on. current foreApp's uid is invalid. 
12-10 19:34:56.310   792  2023 E FLashInfoProcess: getVcmOtpInfo() get spSM failed 
12-10 19:34:56.310   792  2023 E FLashInfoProcess: loadWideSingleAwbGain: can't open file (/odm/etc/camera/dflash/wide_single_awbgain.txt)
12-10 19:34:56.318   799  1038 E SensorHub: in batch, handle = 3, flags = 0, period_ns = 10000000, timeout = 0
12-10 19:34:56.327  8353  8353 E         : iptables cmd:iptables-restore
12-10 19:34:56.345  2038  2282 E BDLog   : BD.FilterImpl:com.android.systemui 372 times= 100 over threshold
12-10 19:34:56.345  2038  2282 E BDLog   : BD.FilterImpl:com.android.systemui 372 is illLegal
12-10 19:34:56.353  8355  8355 E         : iptables cmd:ip6tables-restore
12-10 19:34:56.355   792  1070 E HispManager: notifyCropRegion:get find a proper crop region after manager calculate!
12-10 19:34:56.358   776   889 E dubaid  : [CameraHandler.cpp] saveConfigParams# Invalid type: 2
12-10 19:34:56.358   776   889 E dubaid  : [CameraHandler.cpp] handleOnConnecting# Failed to save config message parameter: -3
12-10 19:34:56.360  2038  2282 E BDLog   : BD.FilterImpl:com.android.systemui 372 times= 100 over threshold
12-10 19:34:56.360  2038  2282 E BDLog   : BD.FilterImpl:com.android.systemui 372 is illLegal
12-10 19:34:56.372  2038  2282 E BDLog   : BD.FilterImpl:com.android.systemui 372 times= 100 over threshold
12-10 19:34:56.372  2038  2282 E BDLog   : BD.FilterImpl:com.android.systemui 372 is illLegal
12-10 19:34:56.378  1813  1813 E ndroid.systemu: Invalid ID 0x00000000.
12-10 19:34:56.378  1813  1813 E HwNotchUtils: setIconForView iconId is not found
12-10 19:34:56.378  1813  1813 E ndroid.systemu: Invalid ID 0x00000000.
12-10 19:34:56.378  1813  1813 E HwNotchUtils: setIconForView iconId is not found
12-10 19:34:56.380  2038  2282 E BDLog   : BD.FilterImpl:com.android.systemui 372 times= 100 over threshold
12-10 19:34:56.380  2038  2282 E BDLog   : BD.FilterImpl:com.android.systemui 372 is illLegal
12-10 19:34:56.383  2038  2282 E BDLog   : BD.FilterImpl:com.android.systemui 372 times= 100 over threshold
12-10 19:34:56.383  2038  2282 E BDLog   : BD.FilterImpl:com.android.systemui 372 is illLegal
12-10 19:34:56.388  2038  2282 E BDLog   : BD.FilterImpl:com.android.systemui 372 times= 100 over threshold
12-10 19:34:56.388  2038  2282 E BDLog   : BD.FilterImpl:com.android.systemui 372 is illLegal
12-10 19:34:56.401  1813  1813 E ndroid.systemu: Invalid ID 0x00000000.
12-10 19:34:56.401  1813  1813 E HwNotchUtils: setIconForView iconId is not found
12-10 19:34:56.401  1813  1813 E ndroid.systemu: Invalid ID 0x00000000.
12-10 19:34:56.401  1813  1813 E HwNotchUtils: setIconForView iconId is not found
12-10 19:34:56.413   792  2023 E libc    : Access denied finding property "camera.debug.pp.prcamera"
12-10 19:34:56.422  1813  1813 E HwKeyguardUpdateMonitor: isSimPinSecure mSimDatas is null or empty 
12-10 19:34:56.423  1813  1813 E HwKeyguardUpdateMonitor: isSimPinSecure mSimDatas is null or empty 
12-10 19:34:56.423  1813  1813 E HwKeyguardUpdateMonitor: isSimPinSecure mSimDatas is null or empty 
12-10 19:34:56.423  1813  1813 E HwKeyguardUpdateMonitor: isSimPinSecure mSimDatas is null or empty 
12-10 19:34:56.425  2226  2367 E HSM_Install_BG: NormalTrafficAnalysis:alert byte = 0, so return
12-10 19:34:56.426  4082  4082 E [HwRecSys]EnrollController: onScreenChange is ON
12-10 19:34:56.439  1910  2399 E FaceRecognizeService: handleMessage EVT = 4
12-10 19:34:56.442  1813  1813 E HwKeyguardUpdateMonitor: isSimPinSecure mSimDatas is null or empty 
12-10 19:34:56.442  1813  1813 E HwKeyguardUpdateMonitor: isSimPinSecure mSimDatas is null or empty 
12-10 19:34:56.442  1813  1813 E HwKeyguardUpdateMonitor: isSimPinSecure mSimDatas is null or empty 
12-10 19:34:56.443  1813  1813 E HwKeyguardUpdateMonitor: isSimPinSecure mSimDatas is null or empty 
12-10 19:34:56.443  1813  1813 E HwKeyguardUpdateMonitor: isSimPinSecure mSimDatas is null or empty 
12-10 19:34:56.458  1910  2399 E FaceRecognizeService: handleMessage EVT = 4
12-10 19:34:56.473  4082 11678 E [HwRecSys]DataServiceController: commend list is null!
12-10 19:34:56.481  1910  2399 E FaceRecognizeService: handleMessage EVT = 4
12-10 19:34:56.515  1910  2399 E FaceRecognizeService: handleMessage EVT = 4
12-10 19:34:56.614  4952  4952 E HiBoard_WeatherInfo: parseGsonValue jsonValue is empty 
12-10 19:34:56.614  4952  4952 E HiBoard_WeatherInfo: parseGsonValue jsonValue is empty 
12-10 19:34:56.650  1813  1813 E HwKeyguardUpdateMonitor: isSimPinSecure mSimDatas is null or empty 
12-10 19:34:56.651  1813  1813 E HwKeyguardUpdateMonitor: isSimPinSecure mSimDatas is null or empty 
12-10 19:34:56.678  8966  8966 E cube_taskex: HCDN_LOG: [2018-12-10 19:34:56.678][T:8966]Java_com_qiyi_hcdndownloader_HCDNDownloaderTask_SetParamNative 330: taskptr = 0xdd6c0104,szparamname = device_state,szparamvalue = {"model":"LYA-AL00","cpu":-1,"mem":-1,"tmem":-1,"wifi":0,"power":1,"battery":5,"lockScreen":0}
12-10 19:34:56.678  8966  8966 E cube    : HCDN_LOG: [2018-12-10 19:34:56.678][T:8966][func:SetParam],[line:780],[oper:set param],[param_name:device_state],[param_value:{"model":"LYA-AL00","cpu":-1,"mem":-1,"tmem":-1,"wifi":0,"power":1,"battery":5,"lockScreen":0}]
12-10 19:34:56.678  8966  8966 E cube    : HCDN_LOG: [2018-12-10 19:34:56.678][T:8966][func:SetParam],[line:363],[oper:set param],[key:device_state],[value:{"model":"LYA-AL00","cpu":-1,"mem":-1,"tmem":-1,"wifi":0,"power":1,"battery":5,"lockScreen":0}]
12-10 19:34:56.678  8966  8966 E cube    : HCDN_LOG: [2018-12-10 19:34:56.678][T:8966][func:SetParam],[line:197],[oper:hcdn client set param],[key:device_state],[value:{"model":"LYA-AL00","cpu":-1,"mem":-1,"tmem":-1,"wifi":0,"power":1,"battery":5,"lockScreen":0}]
12-10 19:34:56.678  8966  8966 E p2pfile : HCDN_LOG: [oper: SetParam message ParamName(device_state), ParamValue({"model":"LYA-AL00","cpu":-1,"mem":-1,"tmem":-1,"wifi":0,"power":1,"battery":5,"lockScreen":0}), isGlobal(true)]
12-10 19:34:56.678  8966  9586 E cube    : HCDN_LOG: [2018-12-10 19:34:56.678][T:9586][func:DealSetParam],[line:944],[oper:deal set param by self thread],[param_name:device_state],[param_value:{"model":"LYA-AL00","cpu":-1,"mem":-1,"tmem":-1,"wifi":0,"power":1,"battery":5,"lockScreen":0}]
12-10 19:34:56.678  8966  9604 E hcdn_downloadengine: HCDN_LOG: [2018-12-10 19:34:56.678][T:9604]OnRecvSetParam,1778     task_id : 0,SetParam : device_state,{"model":"LYA-AL00","cpu":-1,"mem":-1,"tmem":-1,"wifi":0,"power":1,"battery":5,"lockScreen":0} 
12-10 19:34:56.678  8966  9604 E hcdn_downloadengine: HCDN_LOG: [2018-12-10 19:34:56.678][T:9604]ParserDeviceState,3647     device_state {"model":"LYA-AL00","cpu":-1,"mem":-1,"tmem":-1,"wifi":0,"power":1,"battery":5,"lockScreen":0} 
12-10 19:34:56.695  1813  1813 E HwKeyguardUpdateMonitor: isSimPinSecure mSimDatas is null or empty 
12-10 19:34:56.696  1813  1813 E HwKeyguardUpdateMonitor: isSimPinSecure mSimDatas is null or empty 
12-10 19:34:56.696  1813  1813 E HwKeyguardUpdateMonitor: isSimPinSecure mSimDatas is null or empty 
12-10 19:34:56.696  1813  1813 E HwKeyguardUpdateMonitor: isSimPinSecure mSimDatas is null or empty 
12-10 19:34:56.800  1910  2399 E FaceRecognizeService: handleMessage EVT = 4
12-10 19:34:56.830  1910  2399 E FaceRecognizeService: handleMessage EVT = 4
12-10 19:34:56.863  1910  2399 E FaceRecognizeService: handleMessage EVT = 4
12-10 19:34:56.943  1813  1813 E HwKeyguardUpdateMonitor: isSimPinSecure mSimDatas is null or empty 
12-10 19:34:56.944  1813  1813 E HwKeyguardUpdateMonitor: isSimPinSecure mSimDatas is null or empty 
12-10 19:34:56.944  1813  1813 E HwKeyguardUpdateMonitor: isSimPinSecure mSimDatas is null or empty 
12-10 19:34:56.944  1813  1813 E HwKeyguardUpdateMonitor: isSimPinSecure mSimDatas is null or empty 
12-10 19:34:56.992  1813  1813 E HwKeyguardUpdateMonitor: isSimPinSecure mSimDatas is null or empty 
12-10 19:34:56.993  1813  1813 E HwKeyguardUpdateMonitor: isSimPinSecure mSimDatas is null or empty 
12-10 19:34:56.995  1813  1813 E HwKeyguardUpdateMonitor: isSimPinSecure mSimDatas is null or empty 
12-10 19:34:57.000  4924  8395 E HiBoard_a: doAction not pull down return
12-10 19:34:57.010  1813  1813 E HwKeyguardUpdateMonitor: isSimPinSecure mSimDatas is null or empty 
12-10 19:34:57.146  1910  2399 E FaceRecognizeService: handleMessage EVT = 4
12-10 19:34:57.179  1910  2399 E FaceRecognizeService: handleMessage EVT = 4
12-10 19:34:57.213  1910  2399 E FaceRecognizeService: handleMessage EVT = 4
12-10 19:34:57.299   799   799 E SensorHub: in batch, handle = 4, flags = 0, period_ns = 20000000, timeout = 0
12-10 19:34:57.501  1910  2399 E FaceRecognizeService: handleMessage EVT = 4
12-10 19:34:57.531  1910  2399 E FaceRecognizeService: handleMessage EVT = 4
12-10 19:34:58.016  1910  2399 E FaceRecognizeService: handleMessage EVT = 4
12-10 19:34:58.049  1910  2399 E FaceRecognizeService: handleMessage EVT = 4
12-10 19:34:58.383  1209 10075 E LockSettingsStorage: read file from cache is empty.
12-10 19:34:58.383  1209 10075 E LockSettingsStorage: Cannot read file java.io.FileNotFoundException: /data/system_de/0/spblob/34b687e61569df2b.weaver: open failed: ENOENT (No such file or directory)
12-10 19:34:58.389   531   531 E teec_app_load: realpath open file erro(No such file or directory), path=/vendor/bin/07070707-0707-0707-0707-070707070707.sec
12-10 19:34:58.389  1910  2399 E FaceRecognizeService: handleMessage EVT = 1002
12-10 19:34:58.393   531   531 E teec_app_load: realpath open file erro(No such file or directory), path=/vendor/bin/07070707-0707-0707-0707-070707070707.sec
12-10 19:34:58.396   531   531 E teec_app_load: realpath open file erro(No such file or directory), path=/vendor/bin/07070707-0707-0707-0707-070707070707.sec
12-10 19:34:58.399   531   531 E teec_app_load: realpath open file erro(No such file or directory), path=/vendor/bin/07070707-0707-0707-0707-070707070707.sec
12-10 19:34:58.402   531   531 E teec_app_load: realpath open file erro(No such file or directory), path=/vendor/bin/07070707-0707-0707-0707-070707070707.sec
12-10 19:34:58.440  1813  1813 E HwKeyguardUpdateMonitor: isSimPinSecure mSimDatas is null or empty 
12-10 19:34:58.445  2071  3022 E AwareLog: SPKSchedFeature: Uid has been sent, ignore.
12-10 19:34:58.477  2102  2243 E HwLauncher: SettingsEx , no such field.
12-10 19:34:58.478  2038  2073 E OPCollectLog: HwForegroundAppAction:duplicate pkgName.
12-10 19:34:58.522  2226  2367 E HSM_Install_BG: NormalTrafficAnalysis:alert byte = 0, so return
12-10 19:34:58.540   799   799 E SensorHub: in batch, handle = 4, flags = 0, period_ns = 200000000, timeout = 0
12-10 19:34:58.541   799   799 E SensorHub: in batch, handle = 4, flags = 0, period_ns = 200000000, timeout = 0
12-10 19:34:58.542   663   663 E TS_Service: hwTsSetAftConfig
12-10 19:34:58.543   643 13594 E audio_custom: get_config_value: invalid path /proc/device-tree/audio_hw_config/hifi_info/highperform_lowpower_support.
12-10 19:34:58.559  8966  8966 E cube_taskex: HCDN_LOG: [2018-12-10 19:34:58.559][T:8966]Java_com_qiyi_hcdndownloader_HCDNDownloaderTask_SetParamNative 330: taskptr = 0xdd6c0104,szparamname = device_state,szparamvalue = {"model":"LYA-AL00","cpu":-1,"mem":-1,"tmem":-1,"wifi":0,"power":1,"battery":5,"lockScreen":0}
12-10 19:34:58.560  8966  8966 E cube    : HCDN_LOG: [2018-12-10 19:34:58.560][T:8966][func:SetParam],[line:780],[oper:set param],[param_name:device_state],[param_value:{"model":"LYA-AL00","cpu":-1,"mem":-1,"tmem":-1,"wifi":0,"power":1,"battery":5,"lockScreen":0}]
12-10 19:34:58.560  8966  8966 E cube    : HCDN_LOG: [2018-12-10 19:34:58.560][T:8966][func:SetParam],[line:363],[oper:set param],[key:device_state],[value:{"model":"LYA-AL00","cpu":-1,"mem":-1,"tmem":-1,"wifi":0,"power":1,"battery":5,"lockScreen":0}]
12-10 19:34:58.560  8966  8966 E cube    : HCDN_LOG: [2018-12-10 19:34:58.560][T:8966][func:SetParam],[line:197],[oper:hcdn client set param],[key:device_state],[value:{"model":"LYA-AL00","cpu":-1,"mem":-1,"tmem":-1,"wifi":0,"power":1,"battery":5,"lockScreen":0}]
12-10 19:34:58.560  8966  8966 E p2pfile : HCDN_LOG: [oper: SetParam message ParamName(device_state), ParamValue({"model":"LYA-AL00","cpu":-1,"mem":-1,"tmem":-1,"wifi":0,"power":1,"battery":5,"lockScreen":0}), isGlobal(true)]
12-10 19:34:58.561  8966  9586 E cube    : HCDN_LOG: [2018-12-10 19:34:58.561][T:9586][func:DealSetParam],[line:944],[oper:deal set param by self thread],[param_name:device_state],[param_value:{"model":"LYA-AL00","cpu":-1,"mem":-1,"tmem":-1,"wifi":0,"power":1,"battery":5,"lockScreen":0}]
12-10 19:34:58.561  8966  9604 E hcdn_downloadengine: HCDN_LOG: [2018-12-10 19:34:58.561][T:9604]OnRecvSetParam,1778     task_id : 0,SetParam : device_state,{"model":"LYA-AL00","cpu":-1,"mem":-1,"tmem":-1,"wifi":0,"power":1,"battery":5,"lockScreen":0} 
12-10 19:34:58.561  8966  9604 E hcdn_downloadengine: HCDN_LOG: [2018-12-10 19:34:58.561][T:9604]ParserDeviceState,3647     device_state {"model":"LYA-AL00","cpu":-1,"mem":-1,"tmem":-1,"wifi":0,"power":1,"battery":5,"lockScreen":0} 
12-10 19:34:58.567  2226  2408 E HSM_Install_BG: TrafficNotifyAfterLocked:screen notification will not notify
12-10 19:34:58.568  1209  1660 E WificondControl: Noise: -88, Snr: 127, Chload: 15
12-10 19:34:58.575  1910  2399 E FaceRecognizeService: handleMessage EVT = 4
12-10 19:34:58.575  1910  2399 E FaceRecognizeService: handleMessage EVT = 3
12-10 19:34:58.579  1813 22025 E BufferQueueProducer: [ImageReader-640x480f23m2-1813-78] dequeueBuffer: BufferQueue has been abandoned
12-10 19:34:58.579   773  8317 E Camera3-OutputStream: getBufferLockedCommon: Stream 0: Can't dequeue next output buffer: No such device (-19)
12-10 19:34:58.579   773  8317 E Camera3-Device: RequestThread: Can't get output buffer, skipping request: No such device (-19)
12-10 19:34:58.580  1813  4594 E BufferQueueProducer: [ImageReader-640x480f23m2-1813-78] queueBuffer: BufferQueue has been abandoned
12-10 19:34:58.580   773  1013 E Surface : queueBuffer: error queuing buffer to SurfaceTexture, -19
12-10 19:34:58.580   773  1013 E Camera3-OutputStream: returnBufferCheckedLocked: Stream 0: Error queueing buffer to native window: No such device (-19)
12-10 19:34:58.580   773  1013 E Camera3-Device: Can't return buffer to its stream: (0xe7849600), error: No such device (-19)
12-10 19:34:58.581  1209  1663 E HwWifiP2pService: Unhandled message when=15687357 what=143468 arg1=0 arg2=0
12-10 19:34:58.581  1209  1663 E HwWifiP2pService: Unhandled message { when=-5ms what=143468 target=com.android.internal.util.StateMachine$SmHandler }
12-10 19:34:58.748  1376  1388 E OAM     : [oam_netlink_recv_pthread:780]netlink recv NULL package...;errno:No such file or directory,len is 0
12-10 19:34:58.748  1376  1388 E OAM     : 
12-10 19:34:59.041  1813  1813 E HwKeyguardUpdateMonitor: isSimPinSecure mSimDatas is null or empty 
12-10 19:34:59.041  1813  1813 E HwKeyguardUpdateMonitor: isSimPinSecure mSimDatas is null or empty 
12-10 19:34:59.089   790   790 E Thermal-daemon: [ap] temp_new :31  temp_old :30
12-10 19:34:59.090   790   790 E Thermal-daemon: Report temperature: [ap] temp :31  report_threshold:1
12-10 19:34:59.139  1813  1813 E HwKeyguardUpdateMonitor: isSimPinSecure mSimDatas is null or empty 
12-10 19:34:59.139  1813  1813 E HwKeyguardUpdateMonitor: isSimPinSecure mSimDatas is null or empty 
12-10 19:34:59.139  1813  1813 E HwKeyguardUpdateMonitor: isSimPinSecure mSimDatas is null or empty 
12-10 19:34:59.139  1813  1813 E HwKeyguardUpdateMonitor: isSimPinSecure mSimDatas is null or empty 
12-10 19:34:59.251   665   665 E WifiHAL : enter wifi_get_link_stats
12-10 19:34:59.252  1209  1660 E WificondControl: Noise: 0, Snr: -1, Chload: -1
12-10 19:34:59.260  2038  2266 E ncdft_HwDubaiBufferedLogClient: receive buffered log T, magic=0
12-10 19:34:59.260  2038  2266 E ncdft_HwDubaiBufferedLogClient: receive buffered log, time=1544441699254
12-10 19:34:59.260  2038  2266 E         : NcChipChr write_WifiChr_reason, errorcode:909009519
12-10 19:34:59.260  2038  2266 E         : NcChipChr chr_open_dev(): open succ 
12-10 19:34:59.260  2038  2266 E         : write_WifiChr_reason, ret=0
12-10 19:34:59.261  2038  2265 E         : NcChipChr chr_read_error(): len=56 
12-10 19:34:59.261  2038  2265 E         : NcChipChr ChipReportInfo :909009519, 48 , 0 
12-10 19:34:59.261  2038  2265 E         : NcChipChr, changeDataToObj(): error: 909009519 
12-10 19:34:59.261  2038  2265 E         : chr_createWifiChrObj, errorno:909009519
12-10 19:34:59.261  2038  2265 E HwChrExceptionListener: getDevFileResult mdwprs:rate:[0, 0, 581, 3585, 24276, 208095, 0] power:[201900, 30327, 2544, 617, 1149]
12-10 19:34:59.417  1209  1738 E hwintelligencewifi:  DefaultState message.what = 7
12-10 19:34:59.429  3682 14751 E ctxmgr  : [WorkManager]Ongoing task not found: WriteBatch
12-10 19:34:59.434  3682 14751 E ctxmgr  : [NetworkUtil]No active synchronizable contexts.
12-10 19:34:59.561  2038  2265 E         : NcChipChr chr_read_error(): in 
12-10 19:34:59.562  2038  2265 E         : NcChipChr chr_open_dev(): open succ 
12-10 19:34:59.682  1209 10378 E WifiService: enforceCanAccessScanResults: hiding ssid and bssidUID 10156 has no location permission
12-10 19:34:59.796  1910 12492 E HsmCoreServiceImpl: onTransact in code is: 102
12-10 19:35:00.015  1813  1813 E DateView: DateView,mCurrentTime: 1544441700015
12-10 19:35:00.017  1813  1813 E ndroid.systemu: No package ID ff found for ID 0xffffffff.
12-10 19:35:00.017  1813  1813 E ndroid.systemu: No package ID ff found for ID 0xffffffff.
12-10 19:35:00.036  2102  2243 E HwLauncher: SettingsEx , no such field.
12-10 19:35:00.760  2038  2266 E         : NcChipChr write_WifiChr_reason, errorcode:909009520
12-10 19:35:00.760  2038  2266 E         : NcChipChr chr_open_dev(): open succ 
12-10 19:35:00.765  2038  2266 E         : write_WifiChr_reason, ret=0
12-10 19:35:00.768  2038  2265 E         : NcChipChr chr_read_error(): len=40 
12-10 19:35:00.768  2038  2265 E         : NcChipChr ChipReportInfo :909009520, 32 , 0 
12-10 19:35:00.768  2038  2265 E         : NcChipChr, changeDataToObj(): error: 909009520 
12-10 19:35:00.768  2038  2265 E         : chr_createWifiChrObj, errorno:909009520
12-10 19:35:00.769  2038  2265 E HwChrExceptionListener: getDevFileResult mdwwti:WorkTimeH:0 WorkTimeL:3082744 LightSleepTimeH:0 LightSleepTimeL:515892 DeepSleepTimeH:0 DeepSleepTimeL:21480022 WfiTimeH:0 WfiTimeL:1398283
12-10 19:35:01.069  2038  2265 E         : NcChipChr chr_read_error(): in 
12-10 19:35:01.069  2038  2265 E         : NcChipChr chr_open_dev(): open succ 
12-10 19:35:01.258  1209  1716 E HwArpVerifier: exception in wifi route check: java.lang.NullPointerException: mRevLinkProperties is null
12-10 19:35:01.336   790  2879 E Thermal-daemon: device current too high (416), during charging or current std is invalid. 
12-10 19:35:01.336   790  2879 E Thermal-daemon: latest temp 23379 at 2018/12/10, 11h:35m:1s.
12-10 19:35:01.392  1209  1888 E ProcessInfoCollector: getProcessInfo: failed to find this proc 
12-10 19:35:01.393  2102  2243 E HwLauncher: LauncherMonitor NoSuchMethodException doMonitor 
12-10 19:35:01.393  2102  2243 E HwLauncher: java.lang.NoSuchMethodException: setParam [short, class java.lang.Integer]
12-10 19:35:01.393  2102  2243 E HwLauncher: 	at java.lang.Class.getMethod(Class.java:2068)
12-10 19:35:01.393  2102  2243 E HwLauncher: 	at java.lang.Class.getDeclaredMethod(Class.java:2047)
12-10 19:35:01.393  2102  2243 E HwLauncher: 	at com.huawei.android.launcher.monitor.LauncherMonitor.doMonitor(LauncherMonitor.java:90)
12-10 19:35:01.393  2102  2243 E HwLauncher: 	at com.huawei.android.launcher.LauncherModel.checkAppDelInPManager(LauncherModel.java:2004)
12-10 19:35:01.393  2102  2243 E HwLauncher: 	at com.huawei.android.launcher.LauncherModel$16.run(LauncherModel.java:1813)
12-10 19:35:01.393  2102  2243 E HwLauncher: 	at android.os.Handler.handleCallback(Handler.java:891)
12-10 19:35:01.393  2102  2243 E HwLauncher: 	at android.os.Handler.dispatchMessage(Handler.java:102)
12-10 19:35:01.393  2102  2243 E HwLauncher: 	at android.os.Looper.loop(Looper.java:207)
12-10 19:35:01.393  2102  2243 E HwLauncher: 	at android.os.HandlerThread.run(HandlerThread.java:65)
12-10 19:35:01.398  8493  8493 E ackageinstalle: Not starting debugger since process cannot load the jdwp agent.
12-10 19:35:01.448  8493  8506 E MemoryLeakMonitorManager: MemoryLeakMonitor.jar is not exist!
12-10 19:35:01.559  1209  1455 E WindowManager: win=Window{f983d2d u0 com.huawei.android.launcher/com.huawei.android.launcher.unihome.UniHomeLauncher EXITING} destroySurfaces: appStopped=false win.mWindowRemovalAllowed=true win.mRemoveOnExit=true
12-10 19:35:01.948  1209  4269 E ReportTools: This is not beta user build
12-10 19:35:01.973  2071  2203 E AppInfoMgr: not find pkgs by uid: 10180
12-10 19:35:01.992  4952  6905 E HiBoard_Utils: getShortCutsInLaunch enter
12-10 19:35:01.997  8966  8966 E IUUBrodcastReciever: IUUBrodcastReciever
12-10 19:35:02.003  8966  8966 E IUUBrodcastReciever:  01----UninstallInfo IUUInfo [applicationPackageName=com.ljfth.ecgviewlib, applicationName=ECG, applicationVersionCode=1.5|1, actionType=1, actionHappenTime=1544441701997]
12-10 19:35:02.024  8516  8516 E id.defcontaine: Not starting debugger since process cannot load the jdwp agent.
12-10 19:35:02.037  2226  2226 E HSM_Install_BG: AppCleanUpService:msg is 1
12-10 19:35:02.039  1209  1888 E ProcessInfoCollector: getProcessInfo: failed to find this proc 
12-10 19:35:02.064  1209  1888 E ProcessInfoCollector: getProcessInfo: failed to find this proc 
12-10 19:35:02.077  8534  8534 E ndroid.nfc:loa: Not starting debugger since process cannot load the jdwp agent.
12-10 19:35:02.093  8548  8548 E ndroid.keychai: Not starting debugger since process cannot load the jdwp agent.
12-10 19:35:02.100  1209  1888 E ProcessInfoCollector: getProcessInfo: failed to find this proc 
12-10 19:35:02.117  8516  8532 E MemoryLeakMonitorManager: MemoryLeakMonitor.jar is not exist!
12-10 19:35:02.118  2226  2367 E HSM_Install_BG: NormalTrafficAnalysis:alert byte = 0, so return
12-10 19:35:02.148  8548  8564 E MemoryLeakMonitorManager: MemoryLeakMonitor.jar is not exist!
12-10 19:35:02.154  8534  8562 E MemoryLeakMonitorManager: MemoryLeakMonitor.jar is not exist!
12-10 19:35:02.171  8534  8568 E CardEmulation: AID 2PAY.SYS.DDF01 is not a valid AID.
12-10 19:35:02.171  8534  8568 E ApduServiceInfo: Ignoring invalid or duplicate aid: 2PAY.SYS.DDF01
12-10 19:35:02.229  1209  1209 E ZenModeHelper: ZenModeHelper isVDriverMode:false,timecondition:false
12-10 19:35:02.233  1209  1209 E HwBastetService: name: com.ljfth.ecgviewlib
12-10 19:35:02.238  1209  1209 E SecurityProfileService: resolveActiveDomainPolicies packagePath is null
12-10 19:35:02.240   531   531 E teec_app_load: realpath open file erro(No such file or directory), path=/vendor/bin/07070707-0707-0707-0707-070707070707.sec
12-10 19:35:02.246   531   531 E teec_app_load: realpath open file erro(No such file or directory), path=/vendor/bin/07070707-0707-0707-0707-070707070707.sec
12-10 19:35:02.254   531   531 E teec_app_load: realpath open file erro(No such file or directory), path=/vendor/bin/07070707-0707-0707-0707-070707070707.sec
12-10 19:35:02.257   665   665 E WifiHAL : enter wifi_get_link_stats
12-10 19:35:02.259  1209  1660 E WificondControl: Noise: -88, Snr: 127, Chload: 29
12-10 19:35:02.264   531   531 E teec_app_load: realpath open file erro(No such file or directory), path=/vendor/bin/07070707-0707-0707-0707-070707070707.sec
12-10 19:35:02.273  8534  8568 E NxpApduServiceInfo: SE extension not present, Setting default offhost seID
12-10 19:35:02.273   531   531 E teec_app_load: realpath open file erro(No such file or directory), path=/vendor/bin/07070707-0707-0707-0707-070707070707.sec
12-10 19:35:02.280   531   531 E teec_app_load: realpath open file erro(No such file or directory), path=/vendor/bin/07070707-0707-0707-0707-070707070707.sec
12-10 19:35:02.286   531   531 E teec_app_load: realpath open file erro(No such file or directory), path=/vendor/bin/07070707-0707-0707-0707-070707070707.sec
12-10 19:35:02.292   531   531 E teec_app_load: realpath open file erro(No such file or directory), path=/vendor/bin/07070707-0707-0707-0707-070707070707.sec
12-10 19:35:02.302   531   531 E teec_app_load: realpath open file erro(No such file or directory), path=/vendor/bin/07070707-0707-0707-0707-070707070707.sec
12-10 19:35:02.304 24051  8573 E awcn.TnetSpdySession: |[seq:23067836.AWCN8_1] [connect] host:https://acs.m.taobao.com connect :203.119.214.254:443 sessionId:1544441702303 SpdyProtocol,:http2_0rtt_acs proxyIp,: proxyPort,:0
12-10 19:35:02.305  2102  2102 E HwLauncher: PowerSaveLauncherModel onPackageRemoved:  not inPowerSaveLauncher 
12-10 19:35:02.305  2102  2102 E HwLauncher: StreetModeLauncherModel onPackageRemoved:  not inStreetModeLauncher 
12-10 19:35:02.310   531   531 E teec_app_load: realpath open file erro(No such file or directory), path=/vendor/bin/07070707-0707-0707-0707-070707070707.sec
12-10 19:35:02.326 24051  8573 E awcn.Session: |[seq:23067836.AWCN8_1] notifyStatus status:CONNECTING
12-10 19:35:02.334  1209  1231 E AwareLog: RMS.AwareIntelligentRecg: delete pkg:com.ljfth.ecgviewlib userid:0 from iAware.db
12-10 19:35:02.373 24051  5213 E awcn.Session: |[seq:23067836.AWCN8_1] notifyStatus status:CONNECTED
12-10 19:35:02.373 24051  5213 E awcn.Session: |[seq:23067836.AWCN8_1] notifyStatus status:AUTH_SUCC
12-10 19:35:02.381 24051  5213 E awcn.TnetSpdySession: |[seq:23067836.AWCN8_1] spdySessionConnectCB connect connectTime:17 sslTime::9
12-10 19:35:02.469  4082  4082 E [HwRecSys]PackageRecevier: pkg is not hiboard or intelligent
12-10 19:35:02.513  1209  1888 E ProcessInfoCollector: getProcessInfo: failed to find this proc 
12-10 19:35:02.519  8591  8591 E i.systemmanage: Not starting debugger since process cannot load the jdwp agent.
12-10 19:35:02.519  8591  8591 E i.systemmanage: Not starting debugger since process cannot load the jdwp agent.
12-10 19:35:02.588  1209  2884 E PowerManagerService: updateWakeLockWorkSourceInternal: lock=24046023 [not found], ws=null
12-10 19:35:02.602  1209 10075 E PowerManagerService: Exception when search wack lock :java.lang.IllegalArgumentException: Wake lock not active: android.os.BinderProxy@16ee9c7 from uid 10014
12-10 19:35:02.775   643  1419 E smartpakit: current mmi_output is null!
12-10 19:35:02.823   643  1419 E smartpakit: current mmi_output is null!
12-10 19:35:02.924  8591  8607 E MemoryLeakMonitorManager: MemoryLeakMonitor.jar is not exist!
12-10 19:35:02.990  8591  8659 E HSM_Install_UI: BatteryStatisticsHelper:updateBatteryInfos function exception.
12-10 19:35:03.020  1910  1910 E AppUninstallReceiver: invalid pakName !!!
12-10 19:35:03.034  1209  3604 E Process : file_read open file failed, errno = 2
12-10 19:35:03.034  1209  3604 E Process : set_aware_cpu_policy file_read failed!
12-10 19:35:03.037  2226  2226 E HSM_Install_BG: AppCleanUpService:msg is 1
12-10 19:35:03.048  1209  1888 E ProcessInfoCollector: getProcessInfo: failed to find this proc 
12-10 19:35:03.053  8670  8670 E oid.documentsu: Not starting debugger since process cannot load the jdwp agent.
12-10 19:35:03.161  8670  8683 E MemoryLeakMonitorManager: MemoryLeakMonitor.jar is not exist!
12-10 19:35:03.816  8966  2615 E IUUBrodcastReciever: IUUIUUInfo [applicationPackageName=com.ljfth.ecgviewlib, applicationName=ECG, applicationVersionCode=1.5|1, actionType=1, actionHappenTime=1544441701997]---,count =1
12-10 19:35:03.818  8966  2615 E IUUBrodcastReciever: IUU
12-10 19:35:03.952   531   531 E teec_app_load: realpath open file erro(No such file or directory), path=/vendor/bin/07070707-0707-0707-0707-070707070707.sec
12-10 19:35:03.966   531   531 E teec_app_load: realpath open file erro(No such file or directory), path=/vendor/bin/07070707-0707-0707-0707-070707070707.sec
12-10 19:35:03.978   531   531 E teec_app_load: realpath open file erro(No such file or directory), path=/vendor/bin/07070707-0707-0707-0707-070707070707.sec
12-10 19:35:03.991   531   531 E teec_app_load: realpath open file erro(No such file or directory), path=/vendor/bin/07070707-0707-0707-0707-070707070707.sec
12-10 19:35:04.003   531   531 E teec_app_load: realpath open file erro(No such file or directory), path=/vendor/bin/07070707-0707-0707-0707-070707070707.sec
